Archive member included to satisfy reference by file (symbol)

../kernel/lib/CPU_B\libGCC_kernel.a(GCC_VCU_Start_Asm.o)
                              (_startup)
../kernel/lib/CPU_B\libGCC_kernel.a(GCC_mstep.o)
                              ./out/CPU_B/GCC_guest.o (MSTEP_F_TftpServiceSubscribe)
../kernel/lib/CPU_B\libGCC_kernel.a(GCC_BIT_fuse.o)
                              ../kernel/lib/CPU_B\libGCC_kernel.a(GCC_mstep.o) (BIT_F_SafetyFlagBreak)
../kernel/lib/CPU_B\libGCC_kernel.a(GCC_BIT_survey.o)
                              ../kernel/lib/CPU_B\libGCC_kernel.a(GCC_mstep.o) (BIT_F_GetParameters)
../kernel/lib/CPU_B\libGCC_kernel.a(GCC_can.o)
                              ../kernel/lib/CPU_B\libGCC_kernel.a(GCC_mstep.o) (CAN_F_CanBusActiveChannelGet)
../kernel/lib/CPU_B\libGCC_kernel.a(GCC_can_ard.o)
                              ../kernel/lib/CPU_B\libGCC_kernel.a(GCC_can.o) (CAN_ARD_F_FirstFrameMemblockGet)
../kernel/lib/CPU_B\libGCC_kernel.a(GCC_can_config.o)
                              ../kernel/lib/CPU_B\libGCC_kernel.a(GCC_can.o) (CAN_CONF_F_GetFlashingPeriod)
../kernel/lib/CPU_B\libGCC_kernel.a(GCC_can_emcy.o)
                              ../kernel/lib/CPU_B\libGCC_kernel.a(GCC_can.o) (CAN_EMCY_F_EmcyReceive)
../kernel/lib/CPU_B\libGCC_kernel.a(GCC_can_od.o)
                              ../kernel/lib/CPU_B\libGCC_kernel.a(GCC_can.o) (CAN_F_ODVersionGet)
../kernel/lib/CPU_B\libGCC_kernel.a(GCC_can_odplug.o)
                              ../kernel/lib/CPU_B\libGCC_kernel.a(GCC_can_od.o) (CAN_ODPLUG_F_CheckFilter)
../kernel/lib/CPU_B\libGCC_kernel.a(GCC_can_open.o)
                              ../kernel/lib/CPU_B\libGCC_kernel.a(GCC_can_od.o) (CAN_OPEN_V_ODVersion)
../kernel/lib/CPU_B\libGCC_kernel.a(GCC_can_saddle.o)
                              ../kernel/lib/CPU_B\libGCC_kernel.a(GCC_can_ard.o) (CAN_SADDLE_F_StoreRecvFrame)
../kernel/lib/CPU_B\libGCC_kernel.a(GCC_can_safety.o)
                              ../kernel/lib/CPU_B\libGCC_kernel.a(GCC_can.o) (CAN_F_SafetyConfigure)
../kernel/lib/CPU_B\libGCC_kernel.a(GCC_can_sdo.o)
                              ../kernel/lib/CPU_B\libGCC_kernel.a(GCC_can_od.o) (CAN_SDO_F_ConvertErrorCode)
../kernel/lib/CPU_B\libGCC_kernel.a(GCC_can_time.o)
                              ../kernel/lib/CPU_B\libGCC_kernel.a(GCC_mstep.o) (CAN_F_TimeCanOpenGet)
../kernel/lib/CPU_B\libGCC_kernel.a(GCC_CONF.o)
                              ../kernel/lib/CPU_B\libGCC_kernel.a(GCC_can_config.o) (CONF_F_ValidationFuncSubscribe)
../kernel/lib/CPU_B\libGCC_kernel.a(GCC_CONF_local.o)
                              ../kernel/lib/CPU_B\libGCC_kernel.a(GCC_mstep.o) (CONF_F_GetDataVersion)
../kernel/lib/CPU_B\libGCC_kernel.a(GCC_CONF_src.o)
                              ../kernel/lib/CPU_B\libGCC_kernel.a(GCC_CONF_local.o) (Drv_BID_F_SourceInstanceGet)
../kernel/lib/CPU_B\libGCC_kernel.a(GCC_FCODE.o)
                              ../kernel/lib/CPU_B\libGCC_kernel.a(GCC_CONF.o) (FCODE_F_FailureCodeClear)
../kernel/lib/CPU_B\libGCC_kernel.a(GCC_FILESYS.o)
                              ../kernel/lib/CPU_B\libGCC_kernel.a(GCC_CONF_local.o) (FILESYS_F_MemoryAreaInit)
../kernel/lib/CPU_B\libGCC_kernel.a(GCC_FILESYS_int.o)
                              ../kernel/lib/CPU_B\libGCC_kernel.a(GCC_FILESYS.o) (FILESYS_INT_SRC_V_CopySourceDesc)
../kernel/lib/CPU_B\libGCC_kernel.a(GCC_FILESYS_tftp.o)
                              ../kernel/lib/CPU_B\libGCC_kernel.a(GCC_FILESYS.o) (FILESYS_TFTP_V_bModuleDatasetRetrivalAllowed)
../kernel/lib/CPU_B\libGCC_kernel.a(GCC_Flash.o)
                              ../kernel/lib/CPU_B\libGCC_kernel.a(GCC_BIT_fuse.o) (FLASH_F_EraseDirect)
../kernel/lib/CPU_B\libGCC_kernel.a(GCC_Flash_Async.o)
                              ../kernel/lib/CPU_B\libGCC_kernel.a(GCC_Flash.o) (FLASH_ASYNC_F_Init)
../kernel/lib/CPU_B\libGCC_kernel.a(GCC_Flash_Direct.o)
                              ../kernel/lib/CPU_B\libGCC_kernel.a(GCC_Flash_Async.o) (FLASH_DRV_F_InitActionCtx)
../kernel/lib/CPU_B\libGCC_kernel.a(GCC_gdf.o)
                              ../kernel/lib/CPU_B\libGCC_kernel.a(GCC_BIT_fuse.o) (GDF_F_FusesWrite)
../kernel/lib/CPU_B\libGCC_kernel.a(GCC_gdf_dump_tools.o)
                              ../kernel/lib/CPU_B\libGCC_kernel.a(GCC_gdf.o) (GDF_DUMP_TOOLS_F_MemorizeModeBeforeGdf)
../kernel/lib/CPU_B\libGCC_kernel.a(GCC_MATH.o)
                              ../kernel/lib/CPU_B\libGCC_kernel.a(GCC_mstep.o) (MATH_F_ComputeCRC32CCITT)
../kernel/lib/CPU_B\libGCC_kernel.a(GCC_osw.o)
                              ../kernel/lib/CPU_B\libGCC_kernel.a(GCC_can.o) (OSW_F_MemCreate)
../kernel/lib/CPU_B\libGCC_kernel.a(GCC_print.o)
                              ../kernel/lib/CPU_B\libGCC_kernel.a(GCC_gdf.o) (PRINT_F_PrintfAuth)
../kernel/lib/CPU_B\libGCC_kernel.a(GCC_RECORD.o)
                              ../kernel/lib/CPU_B\libGCC_kernel.a(GCC_CONF_local.o) (RECORD_F_CheckIntegrity)
../kernel/lib/CPU_B\libGCC_kernel.a(GCC_RECORD_evt.o)
[...]
Memory Configuration

Name             Origin             Length             Attributes
dummy            0x00000000         0x00000001         xrw
vector_ram       0x81000000         0x00000500         xrw
sram             0x81000000         0x00010000         xrw
sram_user        0x81000500         0x0000f700         xrw
sram_stack_boot  0x8100fc00         0x00000400         xrw
ext_sdram_data   0x44000000         0x01000000         xrw
ext_flash        0x20000000         0x00320000         xr
ext_flash_ES     0x20320000         0x00ce0000         xr
ext_sdram_code   0x40000000         0x00800000         xrw
*default*        0x00000000         0xffffffff

Linker script and memory map

LOAD ./out/CPU_B/GCC_guest.o
LOAD ./out/CPU_B/GCC_guest_fuse.o
LOAD ./out/CPU_B/GCC_guest_isolation.o
LOAD ./out/CPU_B/GCC_guest_outputport.o
LOAD ./out/CPU_B/GCC_guest_public.o
LOAD ./out/CPU_B/GCC_guest_readback.o
LOAD ./out/CPU_B/GCC_crc_result.o

.vector_ram     0x81000000        0x0

.sram           0x81000000        0x0

.ext_sdram_data
                0x44000000        0x0

.ext_flash      0x20000000        0x0

.sram_user      0x81000500        0x0

.ext_sdram_code
                0x40000000        0x0

.ext_flash_ES   0x20320000        0x0

.boot           0x20000000     0x2be4
                0x20000000                __START_VECTOR_ROM = .
 *(.textvectors)
 .textvectors   0x20000000      0x800 ../kernel/lib/CPU_B\libGCC_kernel.a(GCC_exceptions.o)
                0x20000000                _BOOT_VECTOR_ROM
                0x20000400                _BOOT_VECTOR_TO_RAM
 *(.rodatavectors)
                0x20000800                __END_VECTOR_ROM = .
                0x20000800                __START_BOOT_ROM = .
 *(.textboot)
 .textboot      0x20000800       0x28 ../kernel/lib/CPU_B\libGCC_kernel.a(GCC_VCU_Start_Asm.o)
                0x20000800                _startup
                0x20000808                _VCU_BOOT_F_StartMeUp
 .textboot      0x20000828       0x80 ../kernel/lib/CPU_B\libGCC_kernel.a(GCC_VCU_Start.o)
                0x20000828                main
 .textboot      0x200008a8     0x1084 ../kernel/lib/CPU_B\libGCC_kernel.a(GCC_Drv_Boot_Module.o)
                0x200008a8                BOOT_F_Init
                0x20000c9e                BOOT_F_Set_uninit_var
                0x20000d42                BOOT_F_Copy_data_to_ram
                0x20000fe6                BOOT_F_Check_Flash_Crc
                0x2000128a                BOOT_F_IsHotReboot
                0x20001298                BOOT_F_IsTransplantable
                0x200012a6                BOOT_F_GetParameters
                0x2000139c                BOOT_F_FuseCheck
                0x200017c8                BOOT_F_CheckCRC32CCITT
                0x200018ae                BOOT_F_IsRunningInRAM
                0x200018be                BOOT_F_MemoryTestSignatureGet
 .textboot      0x2000192c      0x87c ../kernel/lib/CPU_B\libGCC_kernel.a(GCC_Drv_Boot_Utils.o)
                0x2000192c                BOOT_F_Fuse
                0x20001a02                Drv_Clk_F_Init
                0x20001b2c                Drv_FlexBus_F_Pin_Init
                0x20001b5e                Drv_CS_F_Init
                0x20001bfa                Drv_Spi_F_Pin_Init
                0x20001c9e                Drv_Can_F_Pin_Init
                0x20001d14                Drv_Channel_Config_Pin_Init
                0x20001d44                Drv_CAN_ETH_F_Init
                0x20001d74                Drv_CAN_ETH_F_Enable
                0x20001d94                Drv_Ext_WatchDog_F_Init
                0x20001dc4                Drv_Uart_F_Pin_Init
                0x20001df6                Drv_Fec_F_Pin_Init
                0x20001e14                Drv_Eport_F_Init
                0x20001f8c                Drv_Device_F_Power
                0x20002088                Drv_Device_F_Pin_Init
 .textboot      0x200021a8      0x238 ../kernel/lib/CPU_B\libGCC_kernel.a(GCC_Drv_Cache_Lib.o)
                0x200021a8                Drv_Cache_F_Init
                0x200023c8                Drv_Cache_F_Disable
 .textboot      0x200023e0      0x118 ../kernel/lib/CPU_B\libGCC_kernel.a(GCC_Drv_MMU_Lib.o)
                0x200023e0                Drv_Mmu_Add_Region
 .textboot      0x200024f8      0x232 ../kernel/lib/CPU_B\libGCC_kernel.a(GCC_Drv_SDRAM_Lib.o)
                0x200024f8                Drv_SDRAM_F_Init
 .textboot      0x2000272a       0x46 ../kernel/lib/CPU_B\libGCC_kernel.a(GCC_exceptions.o)
                0x2000272a                BOOT_INT_HANDLERS_F_IrqHandler
 .textboot      0x20002770        0xc ../kernel/lib/CPU_B\libGCC_kernel.a(GCC_VCU_Exception_Asm.o)
                0x20002770                BOOT_MCF5441x_F_AsmRomExceptionHandler
 .textboot      0x2000277c       0x56 ../kernel/lib/CPU_B\libGCC_kernel.a(GCC_mcf5xxx_lo.o)
                0x2000277c                BOOT_MCFXXXX_F_LoWrCacr
                0x20002788                BOOT_MCFXXXX_F_LoWrAcr0
                0x20002794                BOOT_MCFXXXX_F_LoWrAcr1
                0x200027a0                BOOT_MCFXXXX_F_LoWrAcr2
                0x200027ac                BOOT_MCFXXXX_F_LoWrAcr3
                0x200027b8                mcf5xxx_wr_vbr
                0x200027c4                _cpu_cache_flush
 *(.rodataboot)
 *fill*         0x200027d2        0x2 
 .rodataboot    0x200027d4       0x10 ../kernel/lib/CPU_B\libGCC_kernel.a(GCC_Drv_Boot_Module.o)
 .rodataboot    0x200027e4      0x400 ../kernel/lib/CPU_B\libGCC_kernel.a(GCC_Drv_Boot_Utils.o)
                0x200027e4                BOOT_Table_CRC32_CCITT
 *(.rodataboot.str1.1)
                0x20002be4                . = ALIGN (0x4)
                0x20002be4                __END_BOOT_ROM = .
                0x20000000                __EXT_FLASH = ADDR (.boot)
                0x20002be4                __CRC_FLASH_START = (__EXT_FLASH + (__END_BOOT_ROM - __START_VECTOR_ROM))

.crc            0x20002be4       0x40
                0x20002be4                __CRC_ROM_START = .
 *(.CRC)
 .CRC           0x20002be4       0x40 ./out/CPU_B/GCC_crc_result.o
                0x20002be4                p_CPU_A_Crc_boot
                0x20002be8                p_CPU_A_Crc_vector
                0x20002bec                p_CPU_A_Crc_code
                0x20002bf0                p_CPU_A_Crc_code_sram
                0x20002bf4                p_CPU_A_Crc_sram
                0x20002bf8                p_CPU_A_Crc_const_sram
                0x20002bfc                p_CPU_A_Crc_ext_sdram
                0x20002c00                p_CPU_A_Crc_const_ext_sdram
                0x20002c04                p_CPU_B_Crc_boot
                0x20002c08                p_CPU_B_Crc_vector
                0x20002c0c                p_CPU_B_Crc_code
                0x20002c10                p_CPU_B_Crc_code_sram
                0x20002c14                p_CPU_B_Crc_sram
                0x20002c18                p_CPU_B_Crc_const_sram
                0x20002c1c                p_CPU_B_Crc_ext_sdram
                0x20002c20                p_CPU_B_Crc_const_ext_sdram
                0x20002c24                . = ALIGN (0x4)
                0x20002c24                __CRC_ROM_END = .
                0x20002c24                __CODE_FLASH_START = (__CRC_FLASH_START + (__CRC_ROM_END - __CRC_ROM_START))

.code           0x40000000    0x920c8 load address 0x20002c24
                0x40000000                __START_CODE_ROM = .
 *(.rodata.str1.1)
 *(.text)
 .text          0x40000000     0x14ca ./out/CPU_B/GCC_guest.o
                0x4000000a                GUEST_F_SystemSetup
                0x40000292                GUEST_F_IoSetupGet
                0x400002b8                GUEST_F_On_GDFSafe
                0x4000034e                GUEST_F_On_GDFEnding
                0x400003ec                GUEST_F_On_BootFailed
                0x400003f6                GUEST_F_On_Printf
                0x40000434                GUEST_F_AllocateMemorySpaceForKernel
                0x4000056e                GUEST_F_ConfigSubAreaCheck
                0x400005a8                GUEST_F_On_SafetyFlagsInit
                0x400006be                GUEST_F_On_MEVODefaultSet
                0x400006fa                GUEST_F_ApplicationSwVersionGet
                0x40000708                GUEST_F_FaultFilteringTimerGet
                0x40000756                GUEST_F_FaultFilteringAuthorizeGet
                0x4000079c                GUEST_F_FaultFiltering_Init
                0x40000886                GUEST_F_FaultFiltering_Running
                0x400014b6                GUEST_F_PDOForgiveCntGet
                0x400014c0                GUEST_F_GetPrintLevel
 *fill*         0x400014ca        0x2 
 .text          0x400014cc      0x3ce ./out/CPU_B/GCC_guest_fuse.o
                0x400017ca                GUEST_F_FuseTestSetOn
                0x400017e0                GUEST_F_FuseTestSetOff
                0x400017f6                GUEST_F_FUSE_Test
 *fill*         0x4000189a        0x2 
 .text          0x4000189c      0x3c4 ./out/CPU_B/GCC_guest_isolation.o
                0x40001afa                GUEST_F_SetIsolationRelays
                0x40001b8a                GUEST_F_ISO_Test
 .text          0x40001c60      0xd3c ./out/CPU_B/GCC_guest_outputport.o
                0x40001d50                GUEST_F_OPT
                0x40001e20                GUEST_F_OPT_Check
                0x40001e62                GUEST_F_SCT
                0x40002474                GUEST_F_RIT
                0x400027d2                GUEST_F_TT
 .text          0x4000299c     0x27f0 ./out/CPU_B/GCC_guest_public.o
                0x400029b8                GUEST_F_WriteMNTDataAndSend
                0x40002d04                GUEST_F_RBOutput
                0x40002e34                GUEST_F_DriveOutput
                0x40002e72                GUEST_F_24VLED
                0x40002eda                GUEST_F_EXTLED
                0x40002f2e                GUEST_F_OutputLED
                0x40002f98                GUEST_F_SetDYNStable
                0x40002fa8                GUEST_F_SetDYNActive
                0x40002fb8                GUEST_F_CheckFPGACNT
                0x400030bc                GUEST_F_GetConfigPointer
                0x4000313c                GUEST_F_GetBoardPosition
                0x40003186                GUEST_F_24V_Test
                0x400031f8                GUEST_F_12V_Test
                0x40003266                GUEST_F_LED_Test
                0x4000333c                GUEST_F_Output_Test
                0x4000362e                GUEST_F_ISRINIT
                0x40003680                GUEST_F_WriteDataToTFTPBUF
                0x40003b0e                GUEST_F_WriteFailCodeToTFTPBUF
                0x40003c9e                GUEST_F_ReadDataFromTFTPBUF
                0x40003e0e                GUEST_F_ReadFailCodeFromTFTPBUF
                0x40003f7e                GUEST_F_ReadDataFromTFTPHandBUF
                0x40004036                GUEST_F_GetDataInOneCPU
                0x40004098                GUEST_F_SendVerData
                0x400041fa                GUEST_F_CheckBuf
                0x400043b6                GUEST_F_TFTP_SendTestInfo
                0x400045aa                GUEST_F_TFTP_SendHandInfo
                0x400046ee                GUEST_F_EXTLightSetOn
                0x40004704                GUEST_F_EXTLightSetOff
                0x4000471a                GUEST_F_ResFPGASetOff
                0x40004730                GUEST_F_ResFPGASetOn
                0x40004746                GUEST_F_FeedWDog
                0x40004780                GUEST_F_GetSnake
                0x400048a8                GUEST_F_LED_Snake
                0x4000492c                GUEST_F_IODB_GetCmd_VOOB
                0x40004a10                GUEST_F_IODB_GetCmd_CDDM
                0x40004b46                GUEST_F_IODB_GetCmd_PDDM
                0x40004c20                GUEST_F_IODB_GetCmd_SDDM
                0x40004de2                GUEST_F_IODB_DrvCmd_TCIM
                0x40004f76                GUEST_F_SendFBJState
                0x4000503a                GUEST_F_RBPointStatus
 .text          0x4000518c      0x9e0 ./out/CPU_B/GCC_guest_readback.o
                0x4000518c                GUEST_F_TSPSTForOPT
                0x40005206                GUEST_F_RBValue
                0x400054f8                GUEST_F_OPT_RBValueFromFPGA
                0x4000594a                GUEST_F_MemoryBUSTest
 .text          0x40005b6c        0x0 ./out/CPU_B/GCC_crc_result.o
 .text          0x40005b6c        0x0 ../kernel/lib/CPU_B\libGCC_kernel.a(GCC_VCU_Start_Asm.o)
 .text          0x40005b6c     0x1bf8 ../kernel/lib/CPU_B\libGCC_kernel.a(GCC_mstep.o)
                0x40005b6c                MSTEP_F_PDAAskFlush
                0x40005b8c                MSTEP_F_PDAWrite
                0x40005c06                MSTEP_F_PDARead
                0x40005c8c                MSTEP_F_PDAReserveArea
                0x40005dfa                MSTEP_F_TftpServiceSubscribe
                0x40005e96                MSTEP_F_MaintSNTPServerAvailability
                0x40005ea8                MSTEP_F_MaintVersionsGet
                0x40005f4c                MSTEP_F_MaintCanBusStatusGet
                0x40006006                MSTEP_F_CryptlibKeyScramble
                0x4000602a                MSTEP_F_StatIpstackInternalFrameDropGet
                0x40006098                MSTEP_F_StatFecOverflowCountGet
                0x400060ac                MSTEP_F_StatCPUUsageGet
                0x400060ba                MSTEP_F_StatCPUUsageMaxGet
                0x400060d4                MSTEP_F_StatFSFB2NbBrokenSessionGet
                0x400060e4                MSTEP_F_StatNbEthCrcErrorGet
                0x400060fc                MSTEP_F_StatNbEthCrcOkGet
                0x40006120                MSTEP_F_UDPSend
                0x400061c2                MSTEP_F_UDPFlush
                0x40006202                MSTEP_F_UDPRecv
                0x4000631a                MSTEP_F_UDPClose
                0x4000635a                MSTEP_F_UDPOpen
                0x400063f8                MSTEP_F_GetSoftwareDataID
                0x40006468                MSTEP_F_SpiProcess
                0x4000666c                MSTEP_F_CpuIdGet
                0x40006686                MSTEP_F_GpioRead
                0x400066c8                MSTEP_F_GpioToggle
                0x4000670c                MSTEP_F_GpioSetOff
                0x40006750                MSTEP_F_GpioSetOn
                0x40006794                MSTEP_F_CanActiveBusGet
                0x400067b4                MSTEP_F_ConfigBoardEthMacAddressGet
                0x40006820                MSTEP_F_TimeGet
                0x40006860                MSTEP_F_ConfigBoardPositionGet
                0x400068ce                MSTEP_F_PeriodTableMinGet
                0x4000693c                MSTEP_F_SafetyFlagBreak
                0x400069b2                MSTEP_F_SafetyFlagChkWdGet
                0x40006a2e                MSTEP_F_ConfigGuestSubAreaGet
                0x40006a6e                MSTEP_F_CryptlibDESCompute
                0x40006afe                MSTEP_F_CryptlibCRC32FSFB2ChanOneCompute
                0x40006b7e                MSTEP_F_CryptlibCRC32CCITTCompute
                0x40006c20                MSTEP_F_CryptlibCRC16CCITTCompute
                0x40006c9a                MSTEP_F_K2oo2CycleBegin
                0x40006ca8                MSTEP_F_K2oo2CycleEndExt
                0x40006d06                MSTEP_F_K2oo2CpuWaitExt
                0x40006d7c                MSTEP_F_K2oo2CpuSendExt
                0x40006e20                MSTEP_F_K2oo2CpuExchangeExt
                0x40006ec4                MSTEP_F_GuestTaskIdGet
                0x40006f36                MSTEP_F_NotifyEndOfRestrictiveTransition
                0x40006f84                MSTEP_F_TaskFlagSet
                0x40007006                MSTEP_F_IodbRequest
                0x4000708e                MSTEP_F_IodbSubmit
                0x400070d2                MSTEP_F_IsrAck
                0x4000710c                MSTEP_F_IsrConfigure
                0x400071e0                MSTEP_F_IsrDisable
                0x4000721a                MSTEP_F_IsrEnable
                0x40007254                MSTEP_F_StatInit
                0x4000727e                MSTEP_F_StatEnable
                0x40007292                MSTEP_F_StatIsEnabled
                0x400072a6                MSTEP_F_StatDisable
                0x400072ba                MSTEP_F_StatReset
                0x400072ce                MSTEP_F_StatStoreValue
                0x400072e6                MSTEP_F_StatGetGlobalMinValue
                0x400072fe                MSTEP_F_StatGetGlobalMaxValue
                0x40007316                MSTEP_F_StatGetGlobalNbValues
                0x40007330                MSTEP_F_StatGetGlobalSumValue
                0x40007348                MSTEP_F_StatGetGlobalAverageValue
                0x40007360                MSTEP_F_StatGetMinValueFromRecords
                0x40007378                MSTEP_F_StatGetMaxValueFromRecords
                0x40007390                MSTEP_F_StatGetAverageValueFromRecords
                0x400073a8                MSTEP_F_StatResetStopwatch
                0x400073be                MSTEP_F_StatStartStopwatch
                0x400073d2                MSTEP_F_StatStopStopwatch
                0x400073e6                MSTEP_F_StatStopwatchElapsedTime
                0x400073fe                MSTEP_F_CommonTimeGet
                0x40007480                MSTEP_F_FaultFilteringAcknowledge
                0x40007490                MSTEP_F_FaultFilteringStateGet
                0x400074c8                MSTEP_F_IodbNotificationAdd
                0x4000754c                MSTEP_F_IsCommonTimeSynchronized
                0x4000755a                MSTEP_F_NbFaultFilteringRebootGet
                0x40007568                MSTEP_F_K2oo2StatGet
                0x400075a8                MSTEP_F_RegisterTriggeredFunction
                0x40007662                MSTEP_F_StatNumberOfIpConflictDetectedGet
                0x40007670                MSTEP_F_TFTPClientWrite
                0x40007748                MSTEP_F_SyncCurNumGet
                0x40007756                MSTEP_F_PDORestrictStatusGet
 .text          0x40007764     0x19b4 ../kernel/lib/CPU_B\libGCC_kernel.a(GCC_BIT_fuse.o)
                0x40007764                BIT_FUSE_F_FuseInit
                0x40007cc8                BIT_FUSE_F_IsFlashAsyncFinished
                0x40007cde                BIT_FUSE_F_EndFlashAsync
                0x40007d4e                BIT_FUSE_F_EndReprogAsync
                0x40007e02                BIT_FUSE_F_FusesReadFromAddr
                0x40007f2c                BIT_FUSE_F_FuseToggleRead
                0x40007fbc                BIT_FUSE_F_AddressFuseGet
                0x40008152                BIT_FUSE_F_FusesRead
                0x400081e4                BIT_FUSE_F_FuseSectorErase
                0x400082a2                BIT_FUSE_F_AddressIdFuseGet
                0x400083aa                BIT_FUSE_F_FusesWrite
                0x4000850a                BIT_FUSE_F_FuseCheck
                0x40008b54                BIT_F_SafetyFlagBreak
                0x40008d12                BIT_FUSE_F_SysChkWdInit
                0x40008de2                BIT_F_SysChkWdReset
                0x40008dfe                BIT_F_SysChkWdGet
                0x40008e52                BIT_F_RestoreFlag
                0x40009080                BIT_F_SafetyFlagChkWdGet
 .text          0x40009118     0x18a8 ../kernel/lib/CPU_B\libGCC_kernel.a(GCC_BIT_survey.o)
                0x40009118                BIT_F_FlashCrcsCheckStart
                0x4000912a                BIT_F_ComputeCrcWithTimeDly
                0x4000928a                BIT_F_VectorTableLock
                0x40009310                BIT_F_DcaSectionLock
                0x4000940c                BIT_SURVEY_F_Init
                0x40009508                BIT_SURVEY_F_TaskCheck
                0x40009696                BIT_SURVEY_F_FreeTasksStackLevelCheck
                0x40009894                BIT_SURVEY_F_FreeItStackLevelCheck
                0x40009944                BIT_SURVEY_F_CpuUsageCheck
                0x40009b5e                BIT_SURVEY_F_OSPrioTcbCrcCheck
                0x40009bfe                BIT_SURVEY_F_SwFuseCheck
                0x40009d32                BIT_SURVEY_F_CrcCheckIdGet
                0x40009dd8                BIT_SURVEY_F_SectionStartAndLengthGet
                0x40009f96                BIT_SURVEY_F_ComputeCrc
                0x4000a150                BIT_SURVEY_F_LocalReferenceCrcGet
                0x4000a20a                BIT_SURVEY_F_DistantReferenceCrcGet
                0x4000a2c4                BIT_SURVEY_F_CheckExecutionCounterUpdate
                0x4000a49c                BIT_SURVEY_F_GetRequiredCycles
                0x4000a5d2                BIT_SURVEY_F_CrcsCheck
                0x4000a794                BIT_SURVEY_F_IsCrcAndFuseCheckAllowed
                0x4000a8ca                BIT_F_GetParameters
 .text          0x4000a9c0     0x1e42 ../kernel/lib/CPU_B\libGCC_kernel.a(GCC_can.o)
                0x4000a9c0                CAN_F_IsCanMaster
                0x4000a9e2                CAN_F_ConfigBoardTypeGet
                0x4000a9f0                CAN_F_IsRunningModeDetermined
                0x4000aa1c                CAN_F_MyModuleIdGet
                0x4000aa60                CAN_F_MyNodeIdGet
                0x4000aa6e                CAN_F_MasterStatusGet
                0x4000aa7c                CAN_F_TimerReset
                0x4000ab10                CAN_F_TimerCountReset
                0x4000ab20                CAN_F_InitArdSaddle
                0x4000ab4c                CAN_F_InitModuleInfoKey
                0x4000ac2e                CAN_F_PrepareBootWithFuseInfo
                0x4000ac54                CAN_F_CanBusActiveChannelGet
                0x4000ac62                CAN_F_CanMgtMessageTreat
                0x4000afea                CAN_F_CanMgtSyncMessageProcess
                0x4000b184                CAN_F_CanMgtHbMessageProcess
                0x4000b31e                CAN_F_CanMgtMessageProcess
                0x4000b552                CAN_F_CanMgtFlagProcess
                0x4000b6e6                CAN_F_MgtTask
                0x4000b758                CAN_F_FlushFifo
                0x4000b88e                CAN_F_MgtStart
                0x4000baae                CAN_F_FlashingValueGet
                0x4000bb52                CAN_F_TimerModeNotDefinedHandler
                0x4000bb70                CAN_F_TimerModeDefinedHandler
                0x4000be94                CAN_F_TimerHandler
                0x4000bf06                CAN_F_MgtCreate
                0x4000c17e                CAN_F_SwitchMode
                0x4000c202                CAN_F_MgtCanMessagePost
                0x4000c570                CAN_F_FlashingManage
                0x4000c5c2                CAN_F_IPoverCANVersionGet
                0x4000c612                CAN_F_IsDistantODSupported
                0x4000c6bc                CAN_F_MasterStatusSet
                0x4000c734                CAN_F_InternalStateGet
 *fill*         0x4000c802        0x2 
 .text          0x4000c804      0xf64 ../kernel/lib/CPU_B\libGCC_kernel.a(GCC_can_ard.o)
                0x4000c804                CAN_ARD_F_SendFragmentationFlagClear
                0x4000c816                CAN_ARD_F_FirstFrameMemblockGet
                0x4000c846                CAN_ARD_F_ReleaseFrame
                0x4000c8c8                CAN_ARD_F_SendFrame
                0x4000cb00                CAN_ARD_F_ReserveFreeFrame
                0x4000cbec                CAN_ARD_F_GetFragmentToSend
                0x4000d020                CAN_ARD_F_RecvFrame
                0x4000d62c                CAN_ARD_F_Init
 .text          0x4000d768      0x9b4 ../kernel/lib/CPU_B\libGCC_kernel.a(GCC_can_config.o)
                0x4000d768                CAN_CONF_F_GetCobIDMinRx
                0x4000d776                CAN_CONF_F_GetCobIDMaxRx
                0x4000d784                CAN_CONF_F_GetCobIDMinStandby
                0x4000d792                CAN_CONF_F_GetCobIDMaxStandby
                0x4000d7a0                CAN_CONF_F_GetFlashingPeriod
                0x4000d7ae                CAN_CONF_F_MinMaxBuild
                0x4000da50                CAN_CONF_F_GetTxPDOStruct
                0x4000dabe                CAN_CONF_F_GetNbOfTxPDO
                0x4000db24                CAN_CONF_F_GetRxPDOStruct
                0x4000db92                CAN_CONF_F_GetNbOfRxPDO
                0x4000dbf8                CAN_CONF_F_Init
                0x4000dc0e                CAN_CONF_F_SafeDataConsistencyCheck
                0x4000e074                CAN_CONF_F_ConfCheckAndBuild
                0x4000e0d2                CAN_CONF_F_IsStepperRedundancy
                0x4000e0e0                CAN_CONF_F_RedundancyBuild
 .text          0x4000e11c      0x520 ../kernel/lib/CPU_B\libGCC_kernel.a(GCC_can_emcy.o)
                0x4000e11c                CAN_F_EmcyGet
                0x4000e1d6                CAN_EMCY_F_EmcyReceive
                0x4000e4b0                CAN_F_EmcySend
                0x4000e61c                CAN_EMCY_F_Init
 .text          0x4000e63c     0x19dc ../kernel/lib/CPU_B\libGCC_kernel.a(GCC_can_od.o)
                0x4000e63c                CAN_OD_F_OdInit
                0x4000ebe6                CAN_OD_F_TableIndexFind
                0x4000ed76                CAN_OD_F_IsMonitoringDatasTable
                0x4000ee76                CAN_OD_F_IndexTableCheck
                0x4000f016                CAN_OD_F_SdoChannelGet
                0x4000f0de                CAN_OD_F_ObjectTypeGet
                0x4000f300                CAN_OD_F_OdObjectSet
                0x4000f520                CAN_OD_F_ODDataSet
                0x4000f692                CAN_F_SdoObjectSet
                0x4000f838                CAN_OD_F_OdObjectGet
                0x4000fa38                CAN_OD_F_ODDataGet
                0x4000fc14                CAN_F_SdoObjectGet
                0x4000ffc8                CAN_F_ODVersionGet
 .text          0x40010018      0x34c ../kernel/lib/CPU_B\libGCC_kernel.a(GCC_can_odplug.o)
                0x40010018                CAN_ODPLUG_F_Init
                0x40010040                CAN_ODPLUG_F_CheckFilter
                0x400101be                CAN_ODPLUG_F_AddRule
 .text          0x40010364     0x2c38 ../kernel/lib/CPU_B\libGCC_kernel.a(GCC_can_open.o)
                0x40010364                CAN_F_GuestIsStarted
                0x400103e6                CAN_F_NmtCubicleStatusGet
                0x40010488                CAN_F_MaintenanceInfoGet
                0x400105da                CAN_F_ModuleIsPresent
                0x400106a2                CAN_F_NmtIsNormalBoardHere
                0x40010892                CAN_OPEN_F_MasterModeSet
                0x400108de                CAN_OPEN_F_MasterOperationalStateSet
                0x400109d0                CAN_OPEN_F_CanOpenStatusInit
                0x40010a38                CAN_OPEN_F_Init
                0x40010bda                CAN_OPEN_F_NmtSend
                0x40010e3c                CAN_OPEN_F_NmtProcess
                0x40011218                CAN_OPEN_F_HeartBeatSend
                0x4001156c                CAN_OPEN_F_HeartBeatProcess
                0x40011cb6                CAN_OPEN_F_BusOffProcess
                0x40011e74                CAN_OPEN_F_MediumOutOfOrder
                0x4001201e                CAN_OPEN_F_TimeStampSend
                0x40012178                CAN_OPEN_F_SyncSend
                0x40012286                CAN_OPEN_F_StatsNmtManage
                0x40012380                CAN_OPEN_F_NmtStartNode
                0x400124f8                CAN_OPEN_F_MyStatusGet
                0x4001253e                CAN_OPEN_F_ModuleStatusGet
                0x40012818                CAN_OPEN_F_IsNodeHere
                0x40012968                CAN_OPEN_F_Flush
                0x40012a3c                CAN_OPEN_F_BusSwitch
                0x40012b20                CAN_OPEN_F_ODVersionSet
                0x40012b7e                CAN_OPEN_F_ModuleIdInternalStateGet
                0x40012dc6                CAN_OPEN_F_IPoverCANVersionSet
                0x40012e24                CAN_OPEN_F_DecodeHeartBeat
 .text          0x40012f9c      0xb90 ../kernel/lib/CPU_B\libGCC_kernel.a(GCC_can_saddle.o)
                0x4001307e                CAN_F_SaddleExtractCanPrio
                0x40013234                CAN_F_SaddleProtocolSubscribe
                0x40013398                CAN_SADDLE_F_StoreRecvFrame
                0x4001362a                CAN_F_SaddleRecv
                0x400138c2                CAN_F_SaddleSend
                0x40013af6                CAN_SADDLE_F_Init
 .text          0x40013b2c     0x1b04 ../kernel/lib/CPU_B\libGCC_kernel.a(GCC_can_safety.o)
                0x40013b2c                CAN_F_SafetyConfigure
                0x40013b5c                CAN_SAFETY_F_NextSyncNumberToSendGet
                0x40013c08                CAN_SAFETY_F_GetCurrentSyncNumberRecv
                0x40013c16                CAN_SAFETY_F_CanMessagePost
                0x40013f98                CAN_SAFETY_F_SafetyIDFind
                0x400140b2                CAN_SAFETY_F_SafetyLayerBuild
                0x400141d8                CAN_SAFETY_F_PdoIdFind
                0x400142d8                CAN_SAFETY_F_PdoSend
                0x40014400                CAN_SAFETY_F_PdosFindAndSend
                0x400144e4                CAN_SAFETY_F_SafetyLayerCheck
                0x4001473e                CAN_SAFETY_F_PdoCheckAndWrite
                0x40014938                CAN_SAFETY_F_PdoReceptionMgt
                0x400149d6                CAN_SAFETY_F_SyncConsistencyCheck
                0x40014aee                CAN_F_GetBooleanRedundancyDefault
                0x40014bd8                CAN_SAFETY_F_PdoIdConversionTableBuildFor
                0x40014d48                CAN_F_SafetyCreate
                0x40014f24                CAN_F_SafetyConfig
                0x40014f2e                CAN_F_SafetyStart
                0x4001500c                CAN_F_SafetyTask
 .text          0x40015630     0x7966 ../kernel/lib/CPU_B\libGCC_kernel.a(GCC_can_sdo.o)
                0x40015630                CAN_SDO_F_ConvertErrorCode
                0x400156bc                CAN_SDO_F_ClientGet
                0x400158d4                CAN_SDO_F_DisplayErr
                0x4001590a                CAN_SDO_F_ClientPrepare
                0x40015d20                CAN_SDO_F_SdoPost
                0x400163f8                CAN_SDO_F_Send
                0x4001669c                CAN_SDO_F_TempoChange
                0x4001672e                CAN_SDO_F_ReleaseWaitSemaphore
                0x400167ee                CAN_SDO_F_AllSegmentReceived
                0x40016880                CAN_SDO_F_EraseCurrentBlockInfo
                0x400168d8                CAN_SDO_F_InitGlobalSDOParameter
                0x40016a40                CAN_SDO_F_ResetContext
                0x40016ad2                CAN_SDO_F_EndBlockDownload
                0x40016d1a                CAN_SDO_F_EndBlockUpload
                0x40016eb4                CAN_SDO_F_DownloadBlock
                0x40017154                CAN_SDO_F_UploadBlock
                0x4001738a                CAN_SDO_F_InitiateBlockDownload
                0x40017604                CAN_SDO_F_InitiateBlockUpload
                0x4001783e                CAN_SDO_F_DownloadSegment
                0x40017b38                CAN_SDO_F_UploadSegment
                0x40017eee                CAN_SDO_F_Abort
                0x4001803c                CAN_SDO_F_ClientTransfertEnd
                0x40018a46                CAN_SDO_F_ClientTransfertWait
                0x40018b7e                CAN_SDO_F_isCommunicationOpened
                0x40018cee                CAN_SDO_F_checkIndexSubindex
                0x40018e58                CAN_SDO_F_MessageBlkTransfer
                0x40019276                CAN_SDO_F_InitiateDownload
                0x40019612                CAN_SDO_F_InitiateUpload
                0x4001994e                CAN_SDO_F_ClientSendIfNew
                0x40019e16                CAN_SDO_F_TempoChannelUpdate
                0x40019f02                CAN_SDO_F_ClientProceedEnd
                0x40019f5a                CAN_SDO_F_AbortCommand_0x4
                0x4001a182                CAN_SDO_F_Req_Com_0x0
                0x4001a5dc                CAN_SDO_F_Req_Com_0x1
                0x4001aa38                CAN_SDO_F_Req_Com_0x2
                0x4001ab42                CAN_SDO_F_Req_Com_0x3
                0x4001ac6e                CAN_SDO_F_Req_Com_0x5_Sub_0x0
                0x4001af1c                CAN_SDO_F_Req_Com_0x5_Sub_0x2
                0x4001afee                CAN_SDO_F_Req_Com_0x5
                0x4001b164                CAN_SDO_F_Req_Com_0x6
                0x4001b7f2                CAN_SDO_F_ProceedRequest
                0x4001b9fa                CAN_SDO_F_Resp_Com_0x0
                0x4001bde2                CAN_SDO_F_Resp_Com_0x1
                0x4001bf0a                CAN_SDO_F_Resp_Com_0x2
                0x4001c2e4                CAN_SDO_F_Resp_Com_0x3
                0x4001c3dc                CAN_SDO_F_Resp_Com_0x5_Sub_0x0
                0x4001c520                CAN_SDO_F_Resp_Com_0x5_Sub_0x2
                0x4001c5fa                CAN_SDO_F_Resp_Com_0x5
                0x4001c780                CAN_SDO_F_Resp_Com_0x6_Sub_0x0
                0x4001c9f6                CAN_SDO_F_Resp_Com_0x6_Sub_0x1
                0x4001cc34                CAN_SDO_F_Resp_Com_0x6
                0x4001ccde                CAN_SDO_F_ProceedResponse
 *fill*         0x4001cf96        0x2 
 .text          0x4001cf98      0x95a ../kernel/lib/CPU_B\libGCC_kernel.a(GCC_can_time.o)
                0x4001cfe4                CAN_F_TimeCanOpenGet
                0x4001d026                CAN_TIME_F_Init
                0x4001d080                CAN_TIME_F_CanTimeGet
                0x4001d08e                CAN_TIME_F_HeartBeatCycleGet
                0x4001d09c                CAN_TIME_F_HeartBeatCycleSet
                0x4001d0b0                CAN_TIME_F_HeartBeatCycleReset
                0x4001d0c0                CAN_F_TimeNtpSet
                0x4001d214                CAN_F_TimeNtpGet
                0x4001d340                CAN_TIME_F_TimeStampGet
                0x4001d3a8                CAN_TIME_F_TimeStampSet
                0x4001d524                CAN_TIME_F_TimeStampUpdate
                0x4001d760                CAN_TIME_F_CanTimeUpdate
                0x4001d81e                CAN_TIME_F_HeartBeatPeriodGet
                0x4001d82c                CAN_TIME_F_HeartBeatSpreadAndPeriodInitialize
 *fill*         0x4001d8f2        0x2 
 .text          0x4001d8f4      0x4bc ../kernel/lib/CPU_B\libGCC_kernel.a(GCC_CONF.o)
                0x4001d8f4                CONF_F_SetConfKeyStatus
                0x4001d908                CONF_F_GetConfKeyStatus
                0x4001d916                CONF_F_ValidationFuncSubscribe
                0x4001d9a4                CONF_F_ExternalValidation
                0x4001daf0                CONF_F_OKNotificationCbSubscribe
                0x4001db7e                CONF_F_NotifyOkCallBack
                0x4001dc22                CONF_F_GetModuleIoInfo
                0x4001dd42                CONF_F_FaultFilteringAcknowledge
                0x4001dd7e                CONF_F_ReconfReparamVersionGet
 .text          0x4001ddb0     0x4644 ../kernel/lib/CPU_B\libGCC_kernel.a(GCC_CONF_local.o)
                0x4001ddb0                CONF_LOCAL_F_FileStatusNotifyCb
                0x4001df2c                CONF_LOCAL_F_CreateReprogFile
                0x4001dfb2                CONF_LOCAL_F_CreateEstampFile
                0x4001e09a                CONF_LOCAL_F_CreateBidFile
                0x4001e182                CONF_LOCAL_F_Init
                0x4001e478                CONF_LOCAL_F_StatisticInit
                0x4001e4a8                CONF_LOCAL_F_CreateIpConfigurationArea
                0x4001e4d8                CONF_LOCAL_F_ResetIpConfiguration
                0x4001e51e                CONF_LOCAL_F_RestoreLastIpConfiguration
                0x4001e5ca                CONF_LOCAL_F_BidCheck
                0x4001e6a2                CONF_LOCAL_F_BidWaitAndCheck
                0x4001e926                CONF_LOCAL_F_EstampWaitAndCheck
                0x4001eb86                CONF_LOCAL_F_MemoryAreaMyParamGet
                0x4001eb94                CONF_LOCAL_F_MemoryAreaMyConfGet
                0x4001eba2                CONF_LOCAL_F_ParamStatusNotifyCb
                0x4001edbe                CONF_LOCAL_F_CreateAndAddSourcesToMyDatasetFiles
                0x4001f024                CONF_LOCAL_F_ModuleParametersInfoForMaintenance
                0x4001f11e                CONF_LOCAL_F_MaintenanceInit
                0x4001f224                CONF_LOCAL_F_UnusedParametersReset
                0x4001f236                CONF_LOCAL_F_UnusedParametersUpdate
                0x4001f2a4                CONF_LOCAL_F_BidCycleCheck
                0x4001f870                CONF_LOCAL_F_FaultFilteringEndResetState
                0x4001f8e0                CONF_LOCAL_F_FaultFilteringEndReadState
                0x4001fc60                CONF_LOCAL_F_FaultFilteringUpdate
                0x4001fc92                CONF_LOCAL_F_RunningHoursUpdate
                0x4001fe4a                CONF_LOCAL_F_RunningTimeUpdate
                0x4001ffe6                CONF_LOCAL_F_Periodic
                0x40020002                CONF_F_IsTransplantable
                0x40020010                CONF_LOCAL_F_GetIpStackInfoFromUserData
                0x400205ec                CONF_LOCAL_F_PrepareMyDatasetFileDescriptors
                0x4002075e                CONF_LOCAL_F_GetIpStackInfo
                0x40020a32                CONF_LOCAL_F_GetBoardCode
                0x40020a52                CONF_F_GetOverTempThreshold
                0x40020a6a                CONF_F_GetDataVersion
                0x40020a82                CONF_F_GetCanFlashingPeriod
                0x40020a9a                CONF_F_IsFaultFilteringActive
                0x40020ab2                CONF_F_GetPDOStruct
                0x40020ace                CONF_F_GetRestrictiveValuesByPdoID
                0x40020b9e                CONF_F_GetSafetyID
                0x40020bb2                CONF_F_GetOutputSafeData
                0x40020bca                CONF_F_GetInputSafeData
                0x40020be2                CONF_F_GetGenericRedundancyArray
                0x40020bfa                CONF_F_GetBooleanRedundancyArray
                0x40020c12                CONF_F_GetFreezingTimer
                0x40020c38                CONF_F_GetFreezingTimerByPdoId
                0x40020cee                CONF_F_GetSnmpInfo
                0x40020e56                CONF_F_GetSntpIpServer
                0x40020f1a                CONF_F_GetFsfb2SinglePort
                0x40020f32                CONF_F_GetFsfb2RedoundedPort
                0x40020f4a                CONF_F_GetRSSP1_PrimaryCpuA_Port
                0x40020f62                CONF_F_GetRSSP1_PrimaryCpuB_Port
                0x40020f7a                CONF_F_GetRSSP1_SecondaryCpuA_Port
                0x40020f92                CONF_F_GetRSSP1_SecondaryCpuB_Port
                0x40020faa                CONF_F_GetUnsafetyNormPort
                0x40020fc2                CONF_F_GetUnsafetyRedundPort
                0x40020fda                CONF_F_GetUsigUevolRedundancyInfo
                0x40020ff8                CONF_F_GetIpStackInfoForValidationConfig
                0x400210a2                CONF_F_GetIpStackInfo
                0x4002130c                CONF_F_IsRedundancyStandalone
                0x40021376                CONF_F_GetUsigRedStructByIdx
                0x40021398                CONF_F_GetUsigRssp1RedStructByIdx
                0x400213ba                CONF_F_GetUsigRedundancyStruct
                0x400213e6                CONF_F_GetUsigRssp1RedundancyStruct
                0x40021412                CONF_F_GetUsigIdentParamByDynId
                0x40021442                CONF_F_GetUsigRssp1IdentParamByDynId
                0x40021472                CONF_F_GetUsigIdentParamByEqId
                0x400214a2                CONF_F_GetUsigRssp1IdentParamByEqId
                0x400214d2                CONF_F_GetUsigParamStruct
                0x40021500                CONF_F_GetUsiggRssp1ParamStruct
                0x4002152e                CONF_F_GetSrttTimeoutByEqId
                0x40021554                CONF_F_GetUsigOperation
                0x4002157a                CONF_F_GetUsigFsfb2IdByIndex
                0x400215ac                CONF_F_GetFsfb2ParamByEqId
                0x400215e2                CONF_F_GetMessageArray
                0x40021608                CONF_F_GetAppliSubArea
                0x40021628                CONF_F_GetModuleParametersInfo
                0x4002188e                CONF_F_GetBoardTypeInKey
                0x400218f0                CONF_F_GuessBoardType
                0x4002195c                CONF_F_GetRackAndSlot
                0x40021a84                CONF_F_GetMyBoardNumber
                0x40021ace                CONF_F_GetCanOpenODInfo
                0x40021dfc                CONF_F_GetHwAndSwVersions
                0x40021f82                CONF_F_AddSourcesToFilesWithFuseInfo
                0x400222be                CONF_LOCAL_F_SaveLastIpConfiguration
                0x4002232e                CONF_F_GetCobIdOfPdoTime
                0x4002233a                CONF_F_GetCobIdByPdoID
 .text          0x400223f4     0x1f2c ../kernel/lib/CPU_B\libGCC_kernel.a(GCC_CONF_src.o)
                0x400223f4                CONF_SRC_ASYNC_F_EndReadAction
                0x4002251a                CONF_SRC_ASYNC_F_EndWriteAction
                0x4002260a                CONF_SRC_ASYNC_F_EndReadActionCallBack
                0x40022682                CONF_SRC_ASYNC_F_EndWriteActionCallBack
                0x400226fa                CONF_SRC_ASYNC_F_ReadDefault
                0x400227b2                CONF_SRC_ASYNC_F_ReadHeaderActionCallBack
                0x4002298a                CONF_SRC_ASYNC_F_ReadHeader
                0x40022a42                CONF_SRC_ASYNC_F_ReadHeaderParallelFlashActionCallBack
                0x40022b8e                CONF_SRC_ASYNC_F_ReadHeaderParallelFlash
                0x40022c46                CONF_SRC_ASYNC_F_AsyncFileOpProcess
                0x40022de8                CONF_SRC_ASYNC_F_SetDefaultSize
                0x40022e30                Drv_BID_F_SourcePeriodicTask
                0x40022f16                Drv_BID_F_SourceIsVolatile
                0x40022f20                Drv_BID_F_SourceFileOpen
                0x40023008                Drv_BID_F_SourceFileGetSize
                0x40023074                Drv_BID_F_SourceFileAsyncFillCache
                0x40023172                Drv_BID_F_Create
                0x400231fc                Drv_BID_F_SourceInstanceGet
                0x4002328c                CONF_SRC_FLASH_F_EndReadActionCallBack
                0x40023338                CONF_SRC_FLASH_F_SourceFileFind
                0x400233e2                CONF_SRC_FLASH_F_UpdatePhysAddress
                0x4002350e                CONF_SRC_FLASH_F_EndWriteActionCallBack
                0x400235ac                CONF_SRC_FLASH_F_EraseCallBack
                0x4002368c                CONF_SRC_FLASH_F_SourcePeriodicTask
                0x400236fa                CONF_SRC_FLASH_F_SourceIsVolatile
                0x40023704                CONF_SRC_FLASH_F_SourceInstanceGet
                0x40023784                CONF_SRC_FLASH_F_Write
                0x40023884                CONF_SRC_FLASH_F_SourceFileOpen
                0x40023bd2                CONF_SRC_FLASH_F_SourceFileGetSize
                0x40023c62                CONF_SRC_FLASH_F_SourceFileAsyncFlushCache
                0x40023d94                CONF_SRC_FLASH_F_SourceFileAsyncFillCache
                0x40023e80                CONF_SRC_FLASH_F_Create
 .text          0x40024320      0x7ec ../kernel/lib/CPU_B\libGCC_kernel.a(GCC_FCODE.o)
                0x40024320                FCODE_F_Init
                0x400243b2                FCODE_F_MaintenanceReadyNotify
                0x400243c8                FCODE_F_LogDefaultToOBD
                0x400244d2                FCODE_F_FailureCodeClear
                0x400247aa                FCODE_F_FailureCodeSetExt
                0x40024a54                FCODE_F_FailureCodeSet
 .text          0x40024b0c     0x596a ../kernel/lib/CPU_B\libGCC_kernel.a(GCC_FILESYS.o)
                0x40024b0c                FILESYS_F_MemoryAreaInit
                0x40024bca                FILESYS_F_BufferAllocator
                0x40024d30                FILESYS_F_DefaultCacheAllocator
                0x40024dfa                FILESYS_F_SubscribeSource
                0x40025026                FILESYS_F_FindFileInList
                0x40025182                FILESYS_F_FindFileInFs
                0x400252a4                FILESYS_F_FileCreate
                0x400255e6                FILESYS_F_FileCreateExt
                0x400256c0                FILESYS_F_SymLinkCreate
                0x40025938                FILESYS_F_SymLinkCreateExt
                0x400259ec                FILESYS_F_RequestResetFileCache
                0x40025b8a                FILESYS_F_TryAllocation
                0x40025e6e                FILESYS_F_FileBuildUserFileDesc
                0x400260a8                FILESYS_F_FileStatusSet
                0x40026430                FILESYS_F_FileStatusGet
                0x400265b4                FILESYS_F_SourceAppend
                0x40026768                FILESYS_F_VirtualSourceSet
                0x400268de                FILESYS_F_FileWrite
                0x40026a2c                FILESYS_F_FileReadSeq
                0x40026bba                FILESYS_F_FileRead
                0x40026c8c                FILESYS_F_FileOpen
                0x40026d44                FILESYS_F_FileGetSize
                0x40026e2e                FILESYS_F_FileRegisterNotificationCB
                0x40026ec0                FILESYS_F_FileDescSetOutdated
                0x40027016                FILESYS_F_FileSetOutdated
                0x4002718c                FILESYS_F_FileVirtualSetUpToDate
                0x4002731a                FILESYS_F_FileAskReFill
                0x400274ae                FILESYS_F_FileAskFlush
                0x40027658                FILESYS_F_FileRefresh
                0x400277b8                FILESYS_F_FileGetAccess
                0x400278e6                FILESYS_F_InvalidateCache
                0x4002796a                FILESYS_F_FileVirtualSetUnavailable
                0x40027adc                FILESYS_F_FileCacheInvalidate
                0x40027bfc                FILESYS_F_DoubleBufferNewDataAvailable
                0x40027d58                FILESYS_F_DoubleBufferSwitch
                0x40027fc6                FILESYS_F_SourceRecover
                0x40028130                FILESYS_F_CopySourceInstanceGet
                0x4002823c                FILESYS_F_MonitorFileActivity
                0x400282ca                FILESYS_F_IsAMonitoredFile
                0x40028414                FILESYS_F_ResetFileCache
                0x4002891a                FILESYS_F_MoveElemToDestListTail
                0x400289dc                FILESYS_F_ManageResetCacheAction
                0x40028aa4                FILESYS_F_ManageFlushFileAction
                0x40028dae                FILESYS_F_FileFillCacheNotifyCb
                0x40028f40                FILESYS_F_FillCache
                0x400295fc                FILESYS_F_ManageSourceOfOutdatedFile
                0x40029a3e                FILESYS_F_ReFillingCacheOfFile
                0x40029c1e                FILESYS_F_ProcessSourcePeriodicTask
                0x40029df6                FILESYS_F_Create
                0x4002a060                FILESYS_F_Config
                0x4002a07a                FILESYS_F_Task
                0x4002a35e                FILESYS_F_DatasetRetreivalAllow
                0x4002a37a                FILESYS_F_DatasetRetreivalIsInProgressGet
                0x4002a3a4                FILESYS_F_ProtocolVersionGet
                0x4002a3ec                FILESYS_F_TFTPServiceInit
 *fill*         0x4002a476        0x2 
 .text          0x4002a478      0x414 ../kernel/lib/CPU_B\libGCC_kernel.a(GCC_FILESYS_int.o)
                0x4002a478                FILESYS_INT_SRC_F_SourceIsVolatile
                0x4002a482                FILESYS_INT_SRC_F_SourceFileOpen
                0x4002a6a2                FILESYS_INT_SRC_F_SourceFileGetSize
                0x4002a74e                FILESYS_INT_SRC_F_CopySourceFileAsyncFillCache
                0x4002a82c                FILESYS_INT_SRC_F_SourceInit
 .text          0x4002a88c     0x41f4 ../kernel/lib/CPU_B\libGCC_kernel.a(GCC_FILESYS_tftp.o)
                0x4002a88c                FILESYS_TFTP_SRC_F_EntryReset
                0x4002aae8                FILESYS_TFTP_SRC_F_SourceInstanceCreate
                0x4002ac3c                FILESYS_TFTP_SRC_F_IsSourceVolatile
                0x4002ac46                FILESYS_TFTP_SRC_F_SourceFileGetSize
                0x4002acd6                FILESYS_TFTP_SRC_F_SourceFileAsyncFillCache
                0x4002afdc                FILESYS_TFTP_SRC_F_SourceInstanceGet
                0x4002b128                FILESYS_TFTP_SRC_SourceFileOpen
                0x4002b5fa                FILESYS_TFTP_SRC_F_CheckPendingTimerStatus
                0x4002b69e                FILESYS_TFTP_F_ServiceClose
                0x4002b6f0                FILESYS_TFTP_F_GetPrioFromIPAddr
                0x4002b794                FILESYS_TFTP_SRC_F_FileStatusGet
                0x4002baba                FILESYS_TFTP_SRC_F_FileContentRead
                0x4002bde0                FILESYS_TFTP_SRC_F_FileStatusGetCheck
                0x4002c62c                FILESYS_TFTP_SRC_F_FileContentReadCheck
                0x4002c972                FILESYS_TFTP_SRC_F_PeriodicTask
                0x4002d960                FILESYS_TFTP_F_ServiceOpen
                0x4002de0a                FILESYS_TFTP_F_ManageCommandDetail
                0x4002e30c                FILESYS_TFTP_F_ManageCommandRead
                0x4002e688                FILESYS_TFTP_F_ManageCommandInfo
                0x4002e816                FILESYS_TFTP_F_GetNewSession
                0x4002e91e                FILESYS_TFTP_F_ExtractGivenFile
 .text          0x4002ea80      0x270 ../kernel/lib/CPU_B\libGCC_kernel.a(GCC_Flash.o)
                0x4002ea80                FLASH_F_PreInit
                0x4002ea96                FLASH_F_Create
                0x4002eae8                FLASH_F_Task
                0x4002eb4a                FLASH_F_SuspendDirect
                0x4002eb86                FLASH_F_ResumeDirect
                0x4002ebc2                FLASH_F_EraseDirect
                0x4002ec08                FLASH_F_WriteDirect
                0x4002ec52                FLASH_F_ReadDirect
                0x4002ec9c                FLASH_F_MemsetDirect
 .text          0x4002ecf0     0x1636 ../kernel/lib/CPU_B\libGCC_kernel.a(GCC_Flash_Async.o)
                0x4002ecf0                FLASH_ASYNC_F_Init
                0x4002ed48                FLASH_ASYNC_F_GetSubscribedDev
                0x4002edc8                FLASH_ASYNC_F_SubscribeFlashDevice
                0x4002f2c0                FLASH_ASYNC_F_GetFlashDevice
                0x4002f2f8                FLASH_ASYNC_F_MallocAction
                0x4002f39c                FLASH_ASYNC_F_PostActionToPrioQ
                0x4002f502                FLASH_F_AskLock
                0x4002f584                FLASH_F_Unlock
                0x4002f5d4                FLASH_F_EraseAsync
                0x4002f666                FLASH_F_WriteAsync
                0x4002f708                FLASH_F_MemsetAsync
                0x4002f7b2                FLASH_F_ReadAsync
                0x4002f87e                FLASH_ASYNC_F_GetCurrentActionInfo
                0x4002facc                FLASH_ASYNC_F_StoreInCurrentActionList
                0x4002fbda                FLASH_ASYNC_F_BoostPrioSuspendedAction
                0x4002fcc4                FLASH_ASYNC_F_EvaluateActionsOnAllFlash
                0x40030134                FLASH_ASYNC_F_ActionProcess
 *fill*         0x40030326        0x2 
 .text          0x40030328      0xca0 ../kernel/lib/CPU_B\libGCC_kernel.a(GCC_Flash_Direct.o)
                0x40030328                FLASH_DRV_F_InitActionCtx
                0x40030388                FLASH_DRV_F_ContinueLastOperation
                0x40030534                FLASH_DRV_F_GetPartAccessSize
                0x400307a0                FLASH_DRV_F_StartNewOperation
                0x40030b46                FLASH_DRV_F_AccessPart
                0x40030c34                FLASH_DRV_F_Suspend
                0x40030c84                FLASH_DRV_F_Resume
                0x40030cd4                FLASH_DRV_F_Erase
                0x40030d86                FLASH_DRV_F_Write
                0x40030e52                FLASH_DRV_F_Read
                0x40030f1e                FLASH_DRV_F_Memset
 .text          0x40030fc8      0xa88 ../kernel/lib/CPU_B\libGCC_kernel.a(GCC_gdf.o)
                0x40031014                GDF_F_FileNameCrcCompute
                0x400310c2                GDF_F_FusesWrite
                0x400311c2                GDF_F_FuseSwBurnArea
                0x40031206                GDF_F_FuseSystemInSafety
                0x4003175a                GDF_F_FuseXirq
                0x400318de                GDF_F_LogInternal
                0x40031948                GDF_F_DumpStack
                0x400319e0                GDF_F_FaultInternal
 .text          0x40031a50      0x8cc ../kernel/lib/CPU_B\libGCC_kernel.a(GCC_gdf_dump_tools.o)
                0x40031a50                GDF_DUMP_TOOLS_F_MemorizeModeBeforeGdf
                0x40031a7a                GDF_DUMP_TOOLS_F_WritePart
                0x40031d6c                GDF_DUMP_TOOLS_F_DumpBuffer
                0x40031e58                GDF_DUMP_TOOLS_F_DumpMemory
                0x40032294                GDF_DUMP_TOOLS_F_FaultFilteringStoreInfo
 .text          0x4003231c      0x4d6 ../kernel/lib/CPU_B\libGCC_kernel.a(GCC_MATH.o)
                0x4003231c                MATH_F_ComputeCRC32CCITT
                0x400323d2                MATH_F_LfsrShiftRight
                0x40032424                MATH_F_LfsrPost
                0x4003244e                MATH_F_LfsrSub
                0x40032478                MATH_F_LfsrAdd
                0x400324e0                MATH_F_ComputeCRC32FSFB2ChanOne
                0x400325da                MATH_F_ComputeCRC16CCITT
                0x400326e6                MATH_F_KeyScramble
 *fill*         0x400327f2        0x2 
 .text          0x400327f4     0x2500 ../kernel/lib/CPU_B\libGCC_kernel.a(GCC_osw.o)
                0x400327f4                OSW_F_MemCreate
                0x4003294e                OSW_F_MemGet
                0x40032b22                OSW_F_MemPut
                0x40032b92                OSW_F_SemCreate
                0x40032bbc                OSW_F_SemPend
                0x40032ce8                OSW_F_SemPost
                0x40032d2c                OSW_F_SemAccept
                0x40032d70                OSW_F_QCreate
                0x40032dc2                OSW_F_QPost
                0x40032e32                OSW_F_QPostFront
                0x40032ea2                OSW_F_QPend
                0x40032fd8                OSW_F_QAccept
                0x40033048                OSW_F_FlagCreate
                0x40033094                OSW_F_FlagPost
                0x40033118                OSW_F_FlagAccept
                0x400331a0                OSW_F_FlagPend
                0x400332ea                OSW_F_TimeDly
                0x4003330a                OSW_F_TickGet
                0x40033318                OSW_F_TempoStart
                0x40033398                OSW_F_TempoReload
                0x400334b8                OSW_F_TempoState
                0x4003355c                OSW_F_TempoRemainingTick
                0x40033690                OSW_F_TempoStop
                0x400336ec                OSW_F_TaskPrioGet
                0x40033734                OSW_F_IsOsStarted
                0x40033758                OSW_F_PrioQCreate
                0x4003383e                OSW_F_PrioQAddLevel
                0x40033b18                OSW_F_ExtractMostPrioMessage
                0x40033c22                OSW_F_PrioQPend
                0x40033dd4                OSW_F_PrioQAccept
                0x40033ed0                OSW_F_PrioQPost
                0x400340e0                OSW_F_PrioQHasPrioMessage
                0x40034196                OSW_F_ListInit
                0x400341f4                OSW_F_ListInsertBefore
                0x400342c0                OSW_F_ListAddToTail
                0x4003438c                OSW_F_ListInsertAfter
                0x4003445c                OSW_F_ListAddToHead
                0x4003452c                OSW_F_ListExtractFromHead
                0x40034622                OSW_F_ListExtractFromTail
                0x4003470c                OSW_F_ListRemove
                0x4003480c                OSW_F_ListGetNext
                0x40034884                OSW_F_FifoInit
                0x40034974                OSW_F_FifoExtract
                0x40034a5c                OSW_F_FifoInsert
                0x40034b7e                OSW_F_QQuery
                0x40034bfc                OSW_F_SemQuery
                0x40034c76                OSW_F_MemQuery
 .text          0x40034cf4     0x1348 ../kernel/lib/CPU_B\libGCC_kernel.a(GCC_print.o)
                0x40034cf4                PRINT_F_HardwareInit
                0x4003510c                PRINT_F_PrintfWithTaintInfo
                0x4003541a                PRINT_F_PrintfInternal
                0x40035470                PRINT_F_Create
                0x4003567c                PRINT_F_Config
                0x40035686                PRINT_F_Start
                0x400356a8                PRINT_F_Task
                0x4003573c                PRINT_F_ReportActiveIntegration
                0x4003576a                PRINT_F_PrintfAuth
                0x40035948                PRINT_F_Report
                0x40035f1c                PRINT_F_Printf
                0x40035f90                DTXT_F_Report
                0x40035fd4                DTXT_F_Printf
 .text          0x4003603c     0x12ea ../kernel/lib/CPU_B\libGCC_kernel.a(GCC_RECORD.o)
                0x4003603c                RECORD_F_CheckIntegrity
                0x400364d6                RECORD_F_EStampGetContents
                0x40036abc                RECORD_F_Task
                0x40036b92                RECORD_F_Start
                0x40036d08                RECORD_F_StMainIdle
                0x40036dec                RECORD_F_StMainEventWrite
                0x40036f64                RECORD_F_StMainBackupLog
                0x400370dc                RECORD_F_StMainFlush
                0x40037230                RECORD_F_Create
                0x400372d6                RECORD_F_GetElecStampStatus
                0x400372e4                RECORD_F_SetElecStampStatus
 *fill*         0x40037326        0x2 
 .text          0x40037328     0x11a8 ../kernel/lib/CPU_B\libGCC_kernel.a(GCC_RECORD_evt.o)
                0x40037328                RECORD_EVT_F_IsBackupNeeded
                0x4003734e                RECORD_EVT_F_LogInit
                0x400373d6                RECORD_EVT_F_LogRun
                0x400374ac                RECORD_EVT_F_BackupInit
                0x4003750a                RECORD_EVT_F_BackupRun
                0x4003753c                RECORD_EVT_F_StEvtLock
                0x4003764a                RECORD_EVT_F_EventDirectWrite
                0x4003770c                RECORD_EVT_F_StEvtWrite
                0x400377f0                RECORD_EVT_F_StEvtBckRead
                0x40037b98                RECORD_EVT_F_StEvtBckErase
                0x40037cb8                RECORD_EVT_F_StEvtBckVersionCrc
                0x40037e08                RECORD_EVT_F_IsEvtLogNeeded
                0x40037e80                RECORD_EVT_F_EventStructureVersionCheck
                0x4003800c                RECORD_F_EventLogFreeSpaceManage
                0x40038212                RECORD_F_EventDirectLog
                0x4003827c                RECORD_F_EventLog
                0x40038422                RECORD_EVT_F_Create
 .text          0x400384d0     0x2444 ../kernel/lib/CPU_B\libGCC_kernel.a(GCC_RECORD_pda.o)
                0x4003851c                RECORD_PDA_F_SwitchFrontAndBackAreaBuffers
                0x4003854a                RECORD_PDA_F_GetAreaIndexFromId
                0x4003860a                RECORD_F_AskFlush
                0x40038706                RECORD_F_AskFlushDirect
                0x40038752                RECORD_F_ReserveArea
                0x40038a0a                RECORD_PDA_F_IsFlushNeeded
                0x40038a46                RECORD_PDA_F_FlushRun
                0x40038a78                RECORD_PDA_F_InitRun
                0x40038aaa                RECORD_PDA_F_StInitCompareFrontAndBack
                0x40038ce8                RECORD_PDA_F_FlushInit
                0x40038d50                RECORD_PDA_F_InitInit
                0x40038dc0                RECORD_PDA_F_StFlushInit
                0x4003923a                RECORD_PDA_F_StFlushEnd
                0x40039580                RECORD_PDA_F_StFlushWriteSecondSector
                0x40039658                RECORD_PDA_F_StFlushWriteFirstSector
                0x4003977c                RECORD_PDA_F_StInitCopyRefSector
                0x400398a4                RECORD_PDA_F_StInitCheckHeaders
                0x40039be0                RECORD_PDA_F_StInitResetAll
                0x40039dda                RECORD_PDA_F_Create
                0x40039e36                RECORD_PDA_F_StInitOk
                0x40039f56                RECORD_PDA_F_StInitHeaderDiffCheckRef
                0x4003a094                RECORD_PDA_F_StInitHeaderEqualCheckSecond
                0x4003a1a4                RECORD_PDA_F_StInitHeaderEqualCheckFirst
                0x4003a2ac                RECORD_F_Write
                0x4003a5dc                RECORD_F_WriteDirect
                0x4003a66c                RECORD_F_Read
 .text          0x4003a914     0x186c ../kernel/lib/CPU_B\libGCC_kernel.a(GCC_RECORD_sector.o)
                0x4003a914                RECORD_SECTOR_F_RunReadSector
                0x4003a946                RECORD_SECTOR_F_RunWriteSector
                0x4003a978                RECORD_SECTOR_F_StRdPrepareNextRead
                0x4003ab26                RECORD_SECTOR_F_StRdStart
                0x4003abce                RECORD_SECTOR_F_InitReadSector
                0x4003ace6                RECORD_SECTOR_F_InitWriteSector
                0x4003add4                RECORD_SECTOR_F_StRdAreaHeader
                0x4003b142                RECORD_SECTOR_F_StRdAreaData
                0x4003b4f4                RECORD_SECTOR_F_StRdEnd
                0x4003b5c8                RECORD_SECTOR_F_StWrSectErase
                0x4003b6ec                RECORD_SECTOR_F_StWrSectStatus
                0x4003b82a                RECORD_SECTOR_F_StWrSectCpt
                0x4003b966                RECORD_SECTOR_F_StWrSectWriteAreaHeaderStatus
                0x4003bc02                RECORD_SECTOR_F_StWrSectWriteAreaHeaderCrc
                0x4003beaa                RECORD_SECTOR_F_StWrSectWriteAreaData
 .text          0x4003c180     0x10a8 ../kernel/lib/CPU_B\libGCC_kernel.a(GCC_RECORD_stat.o)
                0x4003c1cc                RECORD_STAT_F_CreatePareto
                0x4003c276                RECORD_STAT_F_EnablePareto
                0x4003c2ce                RECORD_STAT_F_UpdatePareto
                0x4003c3d8                RECORD_STAT_F_DisablePareto
                0x4003c430                RECORD_STAT_F_InitStatistic
                0x4003c52e                RECORD_STAT_F_EnableStatistic
                0x4003c59c                RECORD_STAT_F_DisableStatistic
                0x4003c60c                RECORD_STAT_F_IsStatisticEnabled
                0x4003c644                RECORD_STAT_F_ResetStatistic
                0x4003c6e4                RECORD_STAT_F_StartStopwatch
                0x4003c77e                RECORD_STAT_F_StopStopwatch
                0x4003c8c4                RECORD_STAT_F_ResetStopwatch
                0x4003c93c                RECORD_STAT_F_StopwatchElapsedTime
                0x4003ca86                RECORD_STAT_F_StoreStatisticValue
                0x4003cc7a                RECORD_STAT_F_GetGlobalMinValue
                0x4003cd00                RECORD_STAT_F_GetGlobalMaxValue
                0x4003cd86                RECORD_STAT_F_GetGlobalNbValues
                0x4003cdf2                RECORD_STAT_F_GetGlobalSumValue
                0x4003ce78                RECORD_STAT_F_GetGlobalAverageValue
                0x4003cf14                RECORD_STAT_F_GetMinValueFromRecords
                0x4003d002                RECORD_STAT_F_GetMaxValueFromRecords
                0x4003d0f0                RECORD_STAT_F_GetAverageValueFromRecords
 .text          0x4003d228      0x738 ../kernel/lib/CPU_B\libGCC_kernel.a(GCC_RECORD_utl.o)
                0x4003d274                RECORD_UTL_F_StChIsFinished
                0x4003d2cc                RECORD_UTL_F_StChChangeState
                0x4003d31e                RECORD_UTL_F_StChRunState
                0x4003d418                RECORD_UTL_F_StChInit
                0x4003d46e                RECORD_UTL_F_LogEnteringState
                0x4003d4e8                RECORD_UTL_F_FlashEndOperationNotif
                0x4003d5fa                RECORD_UTL_F_InitFlashEndOpNotif
                0x4003d69e                RECORD_UTL_F_SpiFlashReadWaitFlag
                0x4003d798                RECORD_UTL_F_SpiFlashWriteWaitFlag
                0x4003d892                RECORD_UTL_F_SpiFlashEraseWaitFlag
 .text          0x4003d960     0x1e1a ../kernel/lib/CPU_B\libGCC_kernel.a(GCC_Schedule.o)
                0x4003d960                SCHED_F_GetFlashingGpioState
                0x4003d9ea                SCHED_F_TickHook
                0x4003f03e                SCHED_F_PreInit
                0x4003f1b4                SCHED_F_CreateAndStart
                0x4003f288                SCHED_P_Task
                0x4003f4d4                SCHED_F_FlashingHalfPeriodSet
                0x4003f4f0                SCHED_F_CommonTimeInit
                0x4003f53c                SCHED_F_CommonTimeGet
                0x4003f596                SCHED_F_CommonTimeReSynchronization
                0x4003f75e                SCHED_F_IsCommonTimeSynchronized
                0x4003f76c                SCHED_F_RunlevelGet
 *fill*         0x4003f77a        0x2 
 .text          0x4003f77c      0x884 ../kernel/lib/CPU_B\libGCC_kernel.a(GCC_Schedule_gta.o)
                0x4003f7d0                SCHED_GTA_F_Init
                0x4003f872                SCHED_GTA_F_Create
                0x4003fa7a                SCHED_GTA_F_WaitForConfig
                0x4003fba2                SCHED_GTA_F_Config
                0x4003fcca                SCHED_GTA_F_WaitForStart
                0x4003fe58                SCHED_GTA_F_Start
                0x4003ff7e                SCHED_GTA_F_StartCompleted
 .text          0x40040000     0x2418 ../kernel/lib/CPU_B\libGCC_kernel.a(GCC_Schedule_launcher.o)
                0x40040000                SCHED_LAUNCHER_F_BootFailedDisableUnusedTasks
                0x4004012a                SCHED_F_GetTaskIdFromPriority
                0x400401bc                SCHED_F_GetPriorityFromTaskId
                0x4004024a                SCHED_F_SetTaskRestrictiveModeOk
                0x40040338                SCHED_F_IsTaskStarted
                0x40040444                SCHED_F_GetNumberNominalTask
                0x40040494                SCHED_LAUNCHER_F_EvaluateCycleWakeUp
                0x40040782                SCHED_LAUNCHER_F_WakeupAllPeriodicTasks
                0x40040976                SCHED_LAUNCHER_F_RunLevelConfig
                0x40040a46                SCHED_LAUNCHER_F_RunLevelStart
                0x40040c4a                SCHED_LAUNCHER_F_RunLevelLaunch
                0x40040ca6                SCHED_LAUNCHER_F_CreateAllTasks
                0x40040d38                SCHED_LAUNCHER_F_CreateWDG
                0x40042102                SCHED_LAUNCHER_F_PrepareStartup
 .text          0x40042418     0x1160 ../kernel/lib/CPU_B\libGCC_kernel.a(GCC_Schedule_utl.o)
                0x40042418                SCHED_F_SetBootFuseState
                0x4004242c                SCHED_F_BootFuseState
                0x4004243a                SCHED_UTL_F_SetBoardMode
                0x4004244e                SCHED_F_GetBoardMode
                0x4004245c                SCHED_UTL_F_SetNetworkLeds
                0x4004247a                SCHED_F_GetLedCan
                0x40042488                SCHED_F_GetLedEth
                0x40042496                SCHED_F_EthLedClear
                0x400424e2                SCHED_F_EthLedToggle
                0x4004252e                SCHED_UTL_F_SetFlashingGpio
                0x400425de                SCHED_F_GetFlashingGpioInter
                0x400425ec                SCHED_F_GetFlashingGpioIntra
                0x400425fa                SCHED_UTL_F_SetMaintenanceTable
                0x4004263c                SCHED_F_GetMaintenanceTable
                0x400426a8                SCHED_UTL_F_SetForceBid
                0x400426dc                SCHED_F_IsBidForced
                0x400426ea                SCHED_F_GetForcedBidValue
                0x40042714                SCHED_UTL_F_UserDataSet
                0x40042768                SCHED_F_UserDataGet
                0x40042790                SCHED_F_UserDataIsProvided
                0x4004279e                SCHED_F_SetReprogSafetyFlagValue
                0x400427b2                SCHED_F_GetReprogSafetyFlagValue
                0x400427c0                SCHED_F_SetReprogAuthoCallBack
                0x400427d4                SCHED_F_GetReprogAuthoCallBack
                0x400427e2                SCHED_UTL_F_GuestMemoryInfoSet
                0x40042828                SCHED_F_GuestKeyMemoryGet
                0x40042856                SCHED_F_GuestParamMemoryGet
                0x400428cc                SCHED_F_GuestConfMemoryGet
                0x40042942                SCHED_F_SetConfigKeyStatus
                0x400429b0                SCHED_UTL_F_GetConfigKeyStatus
                0x400429be                SCHED_F_SetInitialFunctionalMode
                0x40042ab2                SCHED_F_SetFunctionalModeSafeState
                0x40042acc                SCHED_UTL_F_SetFunctionalMode
                0x40042af4                SCHED_F_IsFunctionalModeDefined
                0x40042b02                SCHED_F_GetFunctionalMode
                0x40042b10                SCHED_UTL_F_IsNominalModeReached
                0x40042b1e                SCHED_UTL_F_GetRestrictiveTransitionState
                0x40042b2c                SCHED_F_IsRestrictiveTransition
                0x40042b56                SCHED_F_EndRestrictiveEventReasonLoggedCallback
                0x40042b68                SCHED_F_SwitchRestrictiveMode
                0x40042c74                SCHED_UTL_F_NotifyRestrictiveRequestSent
                0x40042c86                SCHED_UTL_F_NotifyRemoteTransitionState
                0x40042ce8                SCHED_UTL_F_ManageRestrictiveSwitch
                0x4004300e                SCHED_UTL_F_RestrictiveTransitionProtection
                0x4004306e                SCHED_F_IsBoardRestrictive
                0x4004307c                SCHED_F_ResetWhenInRestrictiveMode
                0x4004308e                SCHED_F_GetResetWhenInRestrictiveMode
                0x4004309c                SCHED_F_SwitchRestrictiveModeAndReset
                0x400430c0                SCHED_F_IsResetNeeded
                0x40043350                SCHED_F_RecordSwicthModeCB
                0x40043432                SCHED_F_BootStateSet
                0x40043446                SCHED_F_BootStateGet
                0x40043454                SCHED_F_NbFaultFilteringRebootSet
                0x40043468                SCHED_F_NbFaultFilteringRebootGet
                0x40043476                SCHED_F_ExtractRunningMode
                0x4004351e                SCHED_F_TaskInfoConfigure
 .text          0x40043578        0x0 ../kernel/lib/CPU_B\libGCC_kernel.a(GCC_VCU_Start.o)
 .text          0x40043578     0x4060 ../kernel/lib/CPU_B\libGCC_kernel.a(GCC_SDB.o)
                0x40043578                SDB_F_Init
                0x4004386c                SDB_F_IsSynchronised
                0x40043898                SDB_F_PresenceTableRead
                0x400439a4                SDB_F_PresenceTableFill
                0x40043a6a                SDB_F_NotificationAdd
                0x40043b7e                SDB_F_IsReadyToSendPdo
                0x40043c2c                SDB_F_InputPdoDefaultGet
                0x40043c6c                SDB_F_DatabaseRead
                0x40043ffc                SDB_F_MessageIdSubmit
                0x400441ce                SDB_F_MessageIdRequest
                0x400446d6                SDB_F_DataIdRequest
                0x40044a5c                SDB_F_DataIdSubmit
                0x40044f22                SDB_F_ReceivedDataAdd
                0x40045040                SDB_F_CurrentTransmitDBRead
                0x40045158                SDB_F_NextTimeoutGet
                0x4004525e                SDB_F_MergePdoTable
                0x40045368                SDB_F_IntALifeTimeMgt
                0x40045530                SDB_F_NoficationFlagsPost
                0x40045f34                SDB_F_FunctionalModeMgt
                0x40046176                SDB_F_CheckIntALifeTime
                0x40046ec8                SDB_F_MainProcess
                0x4004704a                SDB_F_Schedule
                0x40047388                SDB_F_PreInitAPI
                0x40047398                SDB_F_MaxLifeTimeStatusGet
 .text          0x400475d8      0xbf8 ../kernel/lib/CPU_B\libGCC_kernel.a(GCC_SDB_api.o)
                0x400475d8                SDB_API_F_PdoTableFromAlignedEqptClear
                0x400478c6                SDB_API_F_ConvertMessIdToPdoTable
                0x40047ce6                SDB_API_F_PdoTableWithDefaultMessageFill
                0x40047d6c                SDB_API_F_InitUpdateMask
                0x40047e1e                SDB_API_F_BlockMessageIdFill
                0x40047f28                SDB_API_F_DbMemBlockGet
                0x40047f9e                SDB_API_F_ReadDbAndKoo2Exchange
                0x40048048                SDB_API_F_DbMemBlockPut
                0x40048138                SDB_API_F_MemoryPartDbCreation
                0x400481a4                SDB_API_F_PreInit
                0x400481be                SDB_API_F_ValidConfig
 .text          0x400481d0      0xc66 ../kernel/lib/CPU_B\libGCC_kernel.a(GCC_SDB_intercpu.o)
                0x400481d0                SDB_INTERCPU_F_ReceivedMsgRelease
                0x400481f0                SDB_INTERCPU_F_BlockFomReceivedMsgGet
                0x40048440                SDB_INTERCPU_F_MsgWait
                0x4004879c                SDB_INTERCPU_F_MsgToSendReinit
                0x400489f4                SDB_INTERCPU_F_MsgSend
                0x40048a3a                SDB_INTERCPU_F_BlockInMsgAppend
 *fill*         0x40048e36        0x2 
 .text          0x40048e38     0x10c6 ../kernel/lib/CPU_B\libGCC_kernel.a(GCC_SDB_ioplug.o)
                0x40048e84                SDB_IOPLUG_F_Init
                0x40048ede                SDB_IOPLUG_F_Reset
                0x40048f60                SDB_IOPLUG_F_InputDefaultTableUpdate
                0x40049180                SDB_F_BooleanInputDefaultGet
                0x4004921c                SDB_IOPLUG_F_InputPdoDefaultGet
                0x400492ac                SDB_IOPLUG_F_SteeringRedundancyProcess
                0x4004944e                SDB_IOPLUG_F_DetectedGenericRedundancy
                0x400497aa                SDB_IOPLUG_F_DetectedBooleanRedundancy
                0x40049c8e                SDB_IOPLUG_F_DetectedRedundancyProcess
                0x40049da2                SDB_IOPLUG_F_ManagePDOTimeUpdateSteering
                0x40049e34                SDB_IOPLUG_F_ManagePDOTimeUpdateDetected
 *fill*         0x40049efe        0x2 
 .text          0x40049f00     0x127c ../kernel/lib/CPU_B\libGCC_kernel.a(GCC_SDB_update.o)
                0x40049f00                SDB_UPDATE_F_DBAccessPrepare
                0x40049f72                SDB_UPDATE_F_UpdatedIOGet
                0x4004a04a                SDB_UPDATE_F_Init
                0x4004a0b0                SDB_UPDATE_F_DbToRestrictiveSet
                0x4004a13a                SDB_UPDATE_F_SteeringCanMerge
                0x4004a3c4                SDB_UPDATE_F_DetectedCanMerge
                0x4004a9b4                SDB_UPDATE_F_RemainingUpdateBlocksAge
                0x4004ab2c                SDB_UPDATE_F_UpdateBlockMerge
                0x4004b13c                SDB_UPDATE_F_PDORestrictStatusGet
 .text          0x4004b17c     0x1244 ../kernel/lib/CPU_B\libGCC_kernel.a(GCC_SDB_updatelist.o)
                0x4004b17c                SDB_UPDATELIST_F_BlockAddPdo
                0x4004b5e2                SDB_UPDATELIST_F_BlockRead
                0x4004b720                SDB_UPDATELIST_F_CRCListGet
                0x4004b8f0                SDB_UPDATELIST_F_BlockCreate
                0x4004bafe                SDB_UPDATELIST_F_SetBlockToRelease
                0x4004bbe6                SDB_UPDATELIST_F_BlockToReleaseClean
                0x4004bf90                SDB_UPDATELIST_F_BlockWrite
                0x4004c22e                SDB_UPDATELIST_F_Init
                0x4004c2a8                SDB_UPDATELIST_F_BlockRelease
 .text          0x4004c3c0     0x1bb6 ../kernel/lib/CPU_B\libGCC_kernel.a(GCC_std.o)
                0x4004c3c0                __clear
                0x4004c762                STD_F_Printk
                0x4004d384                STD_F_VSnprintf
                0x4004d42e                STD_F_Snprintf
                0x4004d4c6                STD_F_Strlen
                0x4004d50a                STD_F_Strncat
                0x4004d5f8                STD_F_Strncpy
                0x4004d72c                STD_F_Strncmp
                0x4004d804                STD_F_Memcpy
                0x4004d9ac                STD_F_StrnLowerCaseSet
                0x4004da52                STD_F_Memset
                0x4004dabe                STD_F_Memcmp
                0x4004db8e                STD_F_Strtoul
                0x4004de9a                STD_F_GenericPause
                0x4004df4c                STD_F_WaitOneMs
 *fill*         0x4004df76        0x2 
 .text          0x4004df78     0x19cc ../kernel/lib/CPU_B\libGCC_kernel.a(GCC_VOTE.o)
                0x4004df78                VOTE_F_Init
                0x4004df98                VOTE_F_GetAndResetStat
                0x4004e76c                VOTE_F_CpuWaitExt
                0x4004e8a2                VOTE_F_ReadExt
                0x4004e9d8                VOTE_F_Send
                0x4004ed5a                VOTE_F_SendToCPU
                0x4004f2da                VOTE_F_CpuSendExt
                0x4004f3e4                VOTE_F_WriteExt
                0x4004f490                VOTE_F_CpuExchangeExt
                0x4004f5aa                VOTE_F_System2oo2CheckExt
                0x4004f676                VOTE_F_CycleEndExt
                0x4004f7f4                VOTE_F_CycleBegin
                0x4004f930                VOTE_F_K2oo2StatGet
 .text          0x4004f944     0x273e ../kernel/lib/CPU_B\libGCC_kernel.a(GCC_VOTE_com.o)
                0x4004fd76                VOTE_F_SendAck
                0x4004fdfc                VOTE_F_CanSend
                0x4004fe3e                VOTE_F_EmissionLoop
                0x40050162                VOTE_F_CheckTimeouts
                0x40051d5a                VOTE_F_ReceptionLoop
                0x40051f2e                VOTE_F_ComInit
 *fill*         0x40052082        0x2 
 .text          0x40052084      0x996 ../kernel/lib/CPU_B\libGCC_kernel.a(GCC_VOTE_tsk.o)
                0x40052084                VOTE_F_ModeRunningState
                0x400520a0                VOTE_TSK_F_GetSubscriptionInfoFromTaskId
                0x400520f0                VOTE_F_SetFragmentationsize
                0x40052186                VOTE_F_Subscribe
                0x4005248e                VOTE_F_Task
                0x400525c4                VOTE_F_Start
                0x400525f4                VOTE_F_Create
                0x4005287a                VOTE_TSK_F_EvaluateNotification
 *fill*         0x40052a1a        0x2 
 .text          0x40052a1c      0x596 ../kernel/lib/CPU_B\libGCC_kernel.a(GCC_wdg.o)
                0x40052a68                WDG_F_GetCPUUsageMax
                0x40052a76                WDG_F_Enable
                0x40052a88                WDG_F_PeriodTableMinGet
                0x40052af8                WDG_F_Load
                0x40052cda                WDG_F_GetRemainingTickToEnableWdg
                0x40052d12                WDG_F_SwWatchdog
                0x40052f1a                WDG_F_Create
 *fill*         0x40052fb2        0x2 
 .text          0x40052fb4     0x6820 ../kernel/lib/CPU_B\libGCC_kernel.a(GCC_viv.o)
                0x40053000                VIV_F_ImageMemoryGet
                0x4005302a                VIV_F_EndFlashAsync
                0x4005309a                VIV_F_FlashGetSectorNbFromAddr
                0x400530ea                VIV_F_GetMemoryType
                0x400531e2                VIV_F_GetSession
                0x400533c8                VIV_F_InitService
                0x40053566                VIV_F_IsFlashSectorAllowed
                0x4005361e                VIV_F_LockSession
                0x400536c8                VIV_F_UnlockSession
                0x40053734                VIV_F_ManageCommandCpuReset
                0x400539ae                VIV_F_ManageCommandGetAllVersion
                0x40053d96                VIV_F_ManageCommandGetVivVersion
                0x40053ea6                VIV_F_ManageCommandEraseSector
                0x4005432c                VIV_F_ManageCommandMemRead
                0x400547f8                VIV_F_ManageCommandMemReadInit
                0x40054b54                VIV_F_ManageCommandStatus
                0x40055202                VIV_F_ManageCommandTrigger
                0x400555f2                VIV_F_ManageCommandWatchpoint
                0x40055a3c                VIV_F_ManageCommandReprog
                0x40055de0                VIV_F_ManageCommandReprogLock
                0x400561f2                VIV_V_GetOldestSession
                0x400562b0                VIV_F_ManageCommandSessionOpen
                0x400565f0                VIV_F_ManageCommandBreakpoint
                0x400568dc                VIV_F_ManageCommandMemWrite
                0x40056d3a                VIV_F_ManageCommandKill
                0x40056fbe                VIV_F_ManageCommandInfo
                0x40057266                VIV_F_ManageCommandResetDump
                0x400574fa                VIV_F_ManageCommandSessionClose
                0x400577d2                VIV_F_ManageCommandMemReadInitRequestCheck
                0x40057d6e                VIV_F_RegisterTriggeredFunction
                0x40057eec                VIV_F_ManageCommandMemReadInitCheckAsyncRead
                0x40058234                VIV_F_EndEraseImageCallback
                0x400582f0                VIV_F_EndWriteImageCallback
                0x400583b4                VIV_F_EndlogCallback
                0x40058462                VIV_F_ManageCommandUpdate
                0x400586dc                VIV_F_ManageCommandVersion
                0x40058888                VIV_F_OpenCases
                0x40058cd8                VIV_F_OpenConnectionVivisection
                0x40058f7e                VIV_F_RegularClose
                0x40058fcc                VIV_F_CommandKillClose
                0x40059028                VIV_F_MemWriteClose
                0x4005906a                VIV_F_EraseSectorClose
                0x40059176                VIV_F_ResetClose
                0x400591ca                VIV_F_BreakpointClose
                0x40059270                VIV_F_WatchpointClose
                0x4005933c                VIV_F_MemReadInitClose
                0x400593b8                VIV_F_TriggerClose
                0x40059494                VIV_F_ResetDumpClose
                0x4005951e                VIV_F_UpdateClose
                0x40059620                VIV_F_CloseConnectionVivisection
 .text          0x400597d4      0x2d0 ../kernel/lib/CPU_B\libGCC_kernel.a(GCC_Drv_CAU_Lib.o)
                0x400597d4                MATH_F_ComputeDES
                0x4005999e                MATH_F_ComputeSHA1
 .text          0x40059aa4      0x6b2 ../kernel/lib/CPU_B\libGCC_kernel.a(GCC_Drv_BID_Lib.o)
                0x40059aa4                Drv_BID_F_GpioExpanderReadReg
                0x40059b7a                Drv_BID_F_InitializeGpioExpander
                0x40059cd8                Drv_BID_F_GpioExpanderWriteReg
                0x40059d8c                Drv_BID_F_GpioExpanderSetAndCheck
                0x40059eb2                Drv_BID_F_BidRead
 *fill*         0x4005a156        0x2 
 .text          0x4005a158      0x2b2 ../kernel/lib/CPU_B\libGCC_kernel.a(GCC_Drv_Boot_Module.o)
                0x4005a158                BOOT_F_Check_Copied_Crc
 *fill*         0x4005a40a        0x2 
 .text          0x4005a40c      0x20a ../kernel/lib/CPU_B\libGCC_kernel.a(GCC_Drv_Boot_Utils.o)
                0x4005a458                Drv_CAN_ETH_F_Disable
                0x4005a478                Drv_Ext_WatchDog_F_Enable
                0x4005a498                Drv_Ext_WatchDog_F_Disable
                0x4005a4b8                Drv_Ext_WatchDog_F_Feed
                0x4005a4d8                Drv_F_IRQ7_Disable
                0x4005a526                Drv_F_IRQ7_Enable
                0x4005a574                Drv_Version_Get
 *fill*         0x4005a616        0x2 
 .text          0x4005a618       0x2e ../kernel/lib/CPU_B\libGCC_kernel.a(GCC_Drv_Cache_Lib.o)
                0x4005a618                Drv_Cache_F_Invalidate
 *fill*         0x4005a646        0x2 
 .text          0x4005a648     0x40de ../kernel/lib/CPU_B\libGCC_kernel.a(GCC_Drv_Can_Lib.o)
                0x4005a648                Drv_CAN_F_CanBusActiveChannelGet
                0x4005a656                Drv_CAN_F_FlexcanTochannel
                0x4005a6a6                Drv_CAN_F_TxInterruptStop
                0x4005a6b0                Drv_CAN_F_TxInterruptStart
                0x4005a6ba                Drv_CAN_F_OSVectSet
                0x4005a742                Drv_CAN_F_BusStateGet
                0x4005a788                Drv_CAN_F_Start
                0x4005a848                Drv_CAN_F_Stop
                0x4005a90a                Drv_CAN_F_HardwareInit
                0x4005ad3c                Drv_CAN_F_PreviousCycleEndCheck
                0x4005aebe                Drv_CAN_F_CanBusStateGet
                0x4005af40                Drv_CAN_F_FrameSend
                0x4005b47a                Drv_CAN_F_ErrorTest
                0x4005b5a8                Drv_CAN_F_BusOffTest
                0x4005b6f0                Drv_CAN_F_IsrCan1BusOff
                0x4005b740                Drv_CAN_F_IsrCan0BusOff
                0x4005b792                Drv_CAN_F_FullBufferProcess
                0x4005be18                Drv_CAN_F_TopHalfISR
                0x4005c694                Drv_CAN_F_SendExtFrame
                0x4005c7f4                Drv_CAN_F_SendExtFrameStartPump
                0x4005c88e                Drv_CAN_F_TxExtInterrupt
                0x4005c990                Drv_CAN_F_SdoFreeTxBufferFind
                0x4005cac4                Drv_CAN_F_PdoFreeTxBufferFind
                0x4005cca0                Drv_CAN_F_WriteFrameRequestViaFifo
                0x4005d034                Drv_CAN_F_WriteFrameRequest
                0x4005d450                Drv_CAN_F_TxPdoInterrupt
                0x4005d6fc                Drv_CAN_F_TxSdoInterrupt
                0x4005d9a8                Drv_CAN_F_Init
                0x4005dbc0                Drv_CAN_F_Flush
                0x4005dd24                Drv_CAN_F_ActiveBusSet
                0x4005dd98                CAN_F_IsrBottomHalfTaskStart
                0x4005dde6                CAN_F_IsrBottomHalfTaskCreate
                0x4005df0a                CAN_F_IsrBottomHalfTask
                0x4005e406                Drv_CAN_F_CheckMBAfterFifo
                0x4005e64a                Drv_CAN_F_KickToSendFifo
 *fill*         0x4005e726        0x2 
 .text          0x4005e728     0x2e06 ../kernel/lib/CPU_B\libGCC_kernel.a(GCC_Drv_Fec_Lib.o)
                0x4005e774                Drv_Fec_F_IsFrameToBeReceived
                0x4005ecd6                Drv_Fec_F_FrameProcessing
                0x4005f1fa                Drv_Fec_F_ReceiveStoreFrame
                0x4005f8ec                Drv_Fec_F_ConflictIpCheck
                0x4005fa78                IPSTACK_F_NumberOfIpConflictDetectedGet
                0x4005fabc                Drv_Fec_F_Disable
                0x4005fb80                Drv_Fec_F_Enable
                0x4005ffb8                Drv_Fec_F_RxHandler
                0x4006001e                Drv_Fec_F_RxHandler1
                0x4006052a                Drv_Fec_F_InitHW
                0x400609fa                Drv_Fec_F_ConflictIPStartFiltering
                0x40060a4a                Drv_Fec_F_ConflictIPAllowStart
                0x40060a9a                IPSTACK_F_OverflowCountGet
                0x40060b34                Drv_Fec_F_CheckFloodTempo
                0x40060c52                IPSTACK_F_NbCrcErrorGet
                0x40060d48                IPSTACK_F_NbCrcOKGet
                0x40060e3e                Drv_Fec_F_Send
                0x4006146c                Drv_Fec_F_PHYSTS_Get
 *fill*         0x4006152e        0x2 
 .text          0x40061530      0xdba ../kernel/lib/CPU_B\libGCC_kernel.a(GCC_Drv_Flash_Parallel_Lib.o)
                0x40061530                Drv_FLASH_PARALLEL_F_Init
                0x400616b2                Drv_FLASH_PARALLEL_F_AccessEraseAddresses
                0x40061716                Drv_FLASH_PARALLEL_F_AccessMaxReadSize
                0x400617b0                Drv_FLASH_PARALLEL_F_AccessMaxWriteSize
                0x4006184a                Drv_FLASH_PARALLEL_F_FlashUnlockByPassModeEnter
                0x400618cc                Drv_FLASH_PARALLEL_F_FlashUnlockByPassModeExit
                0x4006193e                Drv_FLASH_PARALLEL_F_FlashUnlockWordWrite
                0x400619d4                Drv_FLASH_PARALLEL_F_FlashReady
                0x40061b6c                Drv_FLASH_PARALLEL_F_CheckOperationAuth
                0x40061c5a                Drv_FLASH_PARALLEL_F_OperationSuspend
                0x40061d64                Drv_FLASH_PARALLEL_F_OperationResume
                0x40061e22                Drv_FLASH_PARALLEL_F_Erase
                0x40061f4e                Drv_FLASH_PARALLEL_F_Write
                0x400620c4                Drv_FLASH_PARALLEL_F_Read
                0x40062146                Drv_FLASH_PARALLEL_F_Memset
                0x400621f6                Drv_FLASH_PARALLEL_F_OperationStatus
 *fill*         0x400622ea        0x2 
 .text          0x400622ec      0xf40 ../kernel/lib/CPU_B\libGCC_kernel.a(GCC_Drv_Flash_Spi_Lib.o)
                0x400622ec                Drv_FLASH_SPI_F_Write_Enable
                0x40062386                Drv_FLASH_SPI_F_PageEndSize
                0x400623e6                Drv_FLASH_SPI_F_AccessEraseAddresses
                0x40062492                Drv_FLASH_SPI_F_AccessMaxReadSize
                0x400624e4                Drv_FLASH_SPI_F_AccessMaxWriteSize
                0x4006252c                Drv_FLASH_SPI_F_Erase
                0x400626e2                Drv_FLASH_SPI_F_Write
                0x40062938                Drv_FLASH_SPI_F_Read
                0x40062b7a                Drv_FLASH_SPI_F_Memset
                0x40062c50                Drv_FLASH_SPI_F_OperationStatus
                0x40062e12                Drv_FLASH_SPI_F_Init
                0x400630be                Drv_FLASH_SPI_F_Is_Missing
 .text          0x4006322c      0x94c ../kernel/lib/CPU_B\libGCC_kernel.a(GCC_Drv_Gpio.o)
                0x4006322c                GPIO_F_CpuIdGet
                0x40063256                GPIO_F_InitGuest
                0x400635b0                GPIO_F_CSInitGuest
                0x40063710                GPIO_F_Set
                0x40063828                GPIO_F_Toggle
                0x400639d6                GPIO_F_Read
                0x40063a5a                GPIO_F_Clear