Archive member included to satisfy reference by file (symbol)

../kernel/lib/CPU_B\libGCC_kernel.a(GCC_VCU_Start_Asm.o)
                              (_startup)
../kernel/lib/CPU_B\libGCC_kernel.a(GCC_mstep.o)
                              ./out/CPU_B/GCC_com.o (MSTEP_F_StatFecOverflowCountGet)
../kernel/lib/CPU_B\libGCC_kernel.a(GCC_BIT_fuse.o)
                              ../kernel/lib/CPU_B\libGCC_kernel.a(GCC_mstep.o) (BIT_F_SafetyFlagBreak)
../kernel/lib/CPU_B\libGCC_kernel.a(GCC_BIT_survey.o)
                              ../kernel/lib/CPU_B\libGCC_kernel.a(GCC_mstep.o) (BIT_F_GetParameters)
../kernel/lib/CPU_B\libGCC_kernel.a(GCC_can.o)
                              ../kernel/lib/CPU_B\libGCC_kernel.a(GCC_mstep.o) (CAN_F_OtherStepperModuleIdGet)
../kernel/lib/CPU_B\libGCC_kernel.a(GCC_can_ard.o)
                              ../kernel/lib/CPU_B\libGCC_kernel.a(GCC_can.o) (CAN_ARD_F_FirstFrameMemblockGet)
../kernel/lib/CPU_B\libGCC_kernel.a(GCC_can_config.o)
                              ../kernel/lib/CPU_B\libGCC_kernel.a(GCC_can.o) (CAN_CONF_F_GetFlashingPeriod)
../kernel/lib/CPU_B\libGCC_kernel.a(GCC_can_emcy.o)
                              ../kernel/lib/CPU_B\libGCC_kernel.a(GCC_can.o) (CAN_EMCY_F_EmcyReceive)
../kernel/lib/CPU_B\libGCC_kernel.a(GCC_can_od.o)
                              ../kernel/lib/CPU_B\libGCC_kernel.a(GCC_can.o) (CAN_F_ODVersionGet)
../kernel/lib/CPU_B\libGCC_kernel.a(GCC_can_odplug.o)
                              ../kernel/lib/CPU_B\libGCC_kernel.a(GCC_can_od.o) (CAN_ODPLUG_F_CheckFilter)
../kernel/lib/CPU_B\libGCC_kernel.a(GCC_can_open.o)
                              ../kernel/lib/CPU_B\libGCC_kernel.a(GCC_can_od.o) (CAN_OPEN_V_ODVersion)
../kernel/lib/CPU_B\libGCC_kernel.a(GCC_can_saddle.o)
                              ../kernel/lib/CPU_B\libGCC_kernel.a(GCC_can_ard.o) (CAN_SADDLE_F_StoreRecvFrame)
../kernel/lib/CPU_B\libGCC_kernel.a(GCC_can_safety.o)
                              ../kernel/lib/CPU_B\libGCC_kernel.a(GCC_can.o) (CAN_F_SafetyConfigure)
../kernel/lib/CPU_B\libGCC_kernel.a(GCC_can_sdo.o)
                              ../kernel/lib/CPU_B\libGCC_kernel.a(GCC_can_od.o) (CAN_SDO_F_ConvertErrorCode)
../kernel/lib/CPU_B\libGCC_kernel.a(GCC_can_time.o)
                              ../kernel/lib/CPU_B\libGCC_kernel.a(GCC_mstep.o) (CAN_F_TimeCanOpenGet)
../kernel/lib/CPU_B\libGCC_kernel.a(GCC_CONF.o)
                              ../kernel/lib/CPU_B\libGCC_kernel.a(GCC_can_config.o) (CONF_F_ValidationFuncSubscribe)
../kernel/lib/CPU_B\libGCC_kernel.a(GCC_CONF_autho.o)
                              ../kernel/lib/CPU_B\libGCC_kernel.a(GCC_CONF.o) (CONF_AUTHO_F_IsLastModuleAuthorizationIntegrityOk)
../kernel/lib/CPU_B\libGCC_kernel.a(GCC_CONF_dataset.o)
                              ../kernel/lib/CPU_B\libGCC_kernel.a(GCC_CONF_autho.o) (CONF_DATASET_F_CheckDatasetConfIntegrity)
../kernel/lib/CPU_B\libGCC_kernel.a(GCC_CONF_fresh.o)
                              ../kernel/lib/CPU_B\libGCC_kernel.a(GCC_CONF_autho.o) (CONF_FRESH_F_Init)
../kernel/lib/CPU_B\libGCC_kernel.a(GCC_CONF_key.o)
                              ../kernel/lib/CPU_B\libGCC_kernel.a(GCC_CONF_autho.o) (CONF_KEY_F_GetGlobalDatasetFootprint)
../kernel/lib/CPU_B\libGCC_kernel.a(GCC_CONF_local.o)
                              ../kernel/lib/CPU_B\libGCC_kernel.a(GCC_CONF_autho.o) (CONF_LOCAL_F_Init)
../kernel/lib/CPU_B\libGCC_kernel.a(GCC_CONF_src.o)
                              ../kernel/lib/CPU_B\libGCC_kernel.a(GCC_CONF_autho.o) (CONF_SRC_APPKEY_F_Create)
../kernel/lib/CPU_B\libGCC_kernel.a(GCC_FCODE.o)
                              ../kernel/lib/CPU_B\libGCC_kernel.a(GCC_CONF_autho.o) (FCODE_F_Init)
../kernel/lib/CPU_B\libGCC_kernel.a(GCC_FILESYS.o)
                              ../kernel/lib/CPU_B\libGCC_kernel.a(GCC_CONF_autho.o) (FILESYS_F_MemoryAreaInit)
../kernel/lib/CPU_B\libGCC_kernel.a(GCC_FILESYS_int.o)
                              ../kernel/lib/CPU_B\libGCC_kernel.a(GCC_FILESYS.o) (FILESYS_INT_SRC_V_CopySourceDesc)
../kernel/lib/CPU_B\libGCC_kernel.a(GCC_FILESYS_tftp.o)
                              ../kernel/lib/CPU_B\libGCC_kernel.a(GCC_FILESYS.o) (FILESYS_TFTP_V_bModuleDatasetRetrivalAllowed)
../kernel/lib/CPU_B\libGCC_kernel.a(GCC_Flash.o)
                              ../kernel/lib/CPU_B\libGCC_kernel.a(GCC_BIT_fuse.o) (FLASH_F_EraseDirect)
../kernel/lib/CPU_B\libGCC_kernel.a(GCC_Flash_Async.o)
                              ../kernel/lib/CPU_B\libGCC_kernel.a(GCC_Flash.o) (FLASH_ASYNC_F_Init)
../kernel/lib/CPU_B\libGCC_kernel.a(GCC_Flash_Direct.o)
                              ../kernel/lib/CPU_B\libGCC_kernel.a(GCC_Flash_Async.o) (FLASH_DRV_F_InitActionCtx)
../kernel/lib/CPU_B\libGCC_kernel.a(GCC_gdf.o)
                              ../kernel/lib/CPU_B\libGCC_kernel.a(GCC_BIT_fuse.o) (GDF_F_FusesWrite)
../kernel/lib/CPU_B\libGCC_kernel.a(GCC_gdf_dump_tools.o)
                              ../kernel/lib/CPU_B\libGCC_kernel.a(GCC_gdf.o) (GDF_DUMP_TOOLS_F_MemorizeModeBeforeGdf)
[...]
Memory Configuration

Name             Origin             Length             Attributes
dummy            0x00000000         0x00000001         xrw
vector_ram       0x81000000         0x00000500         xrw
sram             0x81000000         0x00010000         xrw
sram_user        0x81000500         0x0000f700         xrw
sram_stack_boot  0x8100fc00         0x00000400         xrw
ext_sdram_data   0x44000000         0x01000000         xrw
ext_flash        0x20000000         0x00320000         xr
ext_flash_ES     0x20320000         0x00ce0000         xr
ext_sdram_code   0x40000000         0x00800000         xrw
*default*        0x00000000         0xffffffff

Linker script and memory map

LOAD ./out/CPU_B/GCC_com.o
LOAD ./out/CPU_B/GCC_com4_mnt.o
LOAD ./out/CPU_B/GCC_guest.o
LOAD ./out/CPU_B/GCC_crc_result.o

.vector_ram     0x81000000        0x0

.sram           0x81000000        0x0

.ext_sdram_data
                0x44000000        0x0

.ext_flash      0x20000000        0x0

.sram_user      0x81000500        0x0

.ext_sdram_code
                0x40000000        0x0

.ext_flash_ES   0x20320000        0x0

.boot           0x20000000     0x2c7c
                0x20000000                __START_VECTOR_ROM = .
 *(.textvectors)
 .textvectors   0x20000000      0x800 ../kernel/lib/CPU_B\libGCC_kernel.a(GCC_exceptions.o)
                0x20000000                _BOOT_VECTOR_ROM
                0x20000400                _BOOT_VECTOR_TO_RAM
 *(.rodatavectors)
                0x20000800                __END_VECTOR_ROM = .
                0x20000800                __START_BOOT_ROM = .
 *(.textboot)
 .textboot      0x20000800       0x28 ../kernel/lib/CPU_B\libGCC_kernel.a(GCC_VCU_Start_Asm.o)
                0x20000800                _startup
                0x20000808                _VCU_BOOT_F_StartMeUp
 .textboot      0x20000828       0x80 ../kernel/lib/CPU_B\libGCC_kernel.a(GCC_VCU_Start.o)
                0x20000828                main
 .textboot      0x200008a8     0x1084 ../kernel/lib/CPU_B\libGCC_kernel.a(GCC_Drv_Boot_Module.o)
                0x200008a8                BOOT_F_Init
                0x20000c9e                BOOT_F_Set_uninit_var
                0x20000d42                BOOT_F_Copy_data_to_ram
                0x20000fe6                BOOT_F_Check_Flash_Crc
                0x2000128a                BOOT_F_IsHotReboot
                0x20001298                BOOT_F_IsTransplantable
                0x200012a6                BOOT_F_GetParameters
                0x2000139c                BOOT_F_FuseCheck
                0x200017c8                BOOT_F_CheckCRC32CCITT
                0x200018ae                BOOT_F_IsRunningInRAM
                0x200018be                BOOT_F_MemoryTestSignatureGet
 .textboot      0x2000192c      0x914 ../kernel/lib/CPU_B\libGCC_kernel.a(GCC_Drv_Boot_Utils.o)
                0x2000192c                BOOT_F_Fuse
                0x20001a02                Drv_Clk_F_Init
                0x20001b2c                Drv_FlexBus_F_Pin_Init
                0x20001b5e                Drv_CS_F_Init
                0x20001bfa                Drv_Spi_F_Pin_Init
                0x20001cb4                Drv_Can_F_Pin_Init
                0x20001d2a                Drv_Channel_Config_Pin_Init
                0x20001d5a                Drv_CAN_ETH_F_Init
                0x20001d8a                Drv_CAN_ETH_F_Enable
                0x20001daa                Drv_Ext_WatchDog_F_Init
                0x20001dda                Drv_Uart_F_Pin_Init
                0x20001e0c                Drv_Fec_F_Pin_Init
                0x20001e2a                Drv_Eport_F_Init
                0x20001fa2                Drv_Device_F_Power
                0x2000209e                Drv_Device_F_Pin_Init
 .textboot      0x20002240      0x238 ../kernel/lib/CPU_B\libGCC_kernel.a(GCC_Drv_Cache_Lib.o)
                0x20002240                Drv_Cache_F_Init
                0x20002460                Drv_Cache_F_Disable
 .textboot      0x20002478      0x118 ../kernel/lib/CPU_B\libGCC_kernel.a(GCC_Drv_MMU_Lib.o)
                0x20002478                Drv_Mmu_Add_Region
 .textboot      0x20002590      0x232 ../kernel/lib/CPU_B\libGCC_kernel.a(GCC_Drv_SDRAM_Lib.o)
                0x20002590                Drv_SDRAM_F_Init
 .textboot      0x200027c2       0x46 ../kernel/lib/CPU_B\libGCC_kernel.a(GCC_exceptions.o)
                0x200027c2                BOOT_INT_HANDLERS_F_IrqHandler
 .textboot      0x20002808        0xc ../kernel/lib/CPU_B\libGCC_kernel.a(GCC_VCU_Exception_Asm.o)
                0x20002808                BOOT_MCF5441x_F_AsmRomExceptionHandler
 .textboot      0x20002814       0x56 ../kernel/lib/CPU_B\libGCC_kernel.a(GCC_mcf5xxx_lo.o)
                0x20002814                BOOT_MCFXXXX_F_LoWrCacr
                0x20002820                BOOT_MCFXXXX_F_LoWrAcr0
                0x2000282c                BOOT_MCFXXXX_F_LoWrAcr1
                0x20002838                BOOT_MCFXXXX_F_LoWrAcr2
                0x20002844                BOOT_MCFXXXX_F_LoWrAcr3
                0x20002850                mcf5xxx_wr_vbr
                0x2000285c                _cpu_cache_flush
 *(.rodataboot)
 *fill*         0x2000286a        0x2 
 .rodataboot    0x2000286c       0x10 ../kernel/lib/CPU_B\libGCC_kernel.a(GCC_Drv_Boot_Module.o)
 .rodataboot    0x2000287c      0x400 ../kernel/lib/CPU_B\libGCC_kernel.a(GCC_Drv_Boot_Utils.o)
                0x2000287c                BOOT_Table_CRC32_CCITT
 *(.rodataboot.str1.1)
                0x20002c7c                . = ALIGN (0x4)
                0x20002c7c                __END_BOOT_ROM = .
                0x20000000                __EXT_FLASH = ADDR (.boot)
                0x20002c7c                __CRC_FLASH_START = (__EXT_FLASH + (__END_BOOT_ROM - __START_VECTOR_ROM))

.crc            0x20002c7c       0x40
                0x20002c7c                __CRC_ROM_START = .
 *(.CRC)
 .CRC           0x20002c7c       0x40 ./out/CPU_B/GCC_crc_result.o
                0x20002c7c                p_CPU_A_Crc_boot
                0x20002c80                p_CPU_A_Crc_vector
                0x20002c84                p_CPU_A_Crc_code
                0x20002c88                p_CPU_A_Crc_code_sram
                0x20002c8c                p_CPU_A_Crc_sram
                0x20002c90                p_CPU_A_Crc_const_sram
                0x20002c94                p_CPU_A_Crc_ext_sdram
                0x20002c98                p_CPU_A_Crc_const_ext_sdram
                0x20002c9c                p_CPU_B_Crc_boot
                0x20002ca0                p_CPU_B_Crc_vector
                0x20002ca4                p_CPU_B_Crc_code
                0x20002ca8                p_CPU_B_Crc_code_sram
                0x20002cac                p_CPU_B_Crc_sram
                0x20002cb0                p_CPU_B_Crc_const_sram
                0x20002cb4                p_CPU_B_Crc_ext_sdram
                0x20002cb8                p_CPU_B_Crc_const_ext_sdram
                0x20002cbc                . = ALIGN (0x4)
                0x20002cbc                __CRC_ROM_END = .
                0x20002cbc                __CODE_FLASH_START = (__CRC_FLASH_START + (__CRC_ROM_END - __CRC_ROM_START))

.code           0x40000000    0xc83e8 load address 0x20002cbc
                0x40000000                __START_CODE_ROM = .
 *(.rodata.str1.1)
 *(.text)
 .text          0x40000000      0x5f8 ./out/CPU_B/GCC_com.o
 .text          0x400005f8     0x11ac ./out/CPU_B/GCC_com4_mnt.o
                0x400005f8                GetRackNumandSlotNumFromIpAddr
                0x400006f8                AddTotalHeaderToMNTBuf
                0x4000083c                COM4_F_MNT_Init
                0x400008bc                COM4_F_MNT_TFTPGetFreeMoniTftpBuf
                0x400009fe                COM4_F_MNT_TFTPReleaseMoniTftpBuf
                0x40000a3c                COM4_F_MNT_ServiceOpen
                0x40000c44                COM4_F_MNT_ServiceClose
                0x400014be                COM4_F_MNT_UploadMoniByUdp
                0x4000160c                COM4_F_MNT_UdpReqRcv
 .text          0x400017a4      0x6bc ./out/CPU_B/GCC_guest.o
                0x400017a4                GUEST_F_ReprogAutho
                0x400017ae                GUEST_F_SystemSetup
                0x40001a86                GUEST_F_IoSetupGet
                0x40001aac                GUEST_F_On_GDFSafe
                0x40001ad2                GUEST_F_On_GDFEnding
                0x40001b4a                GUEST_F_On_BootFailed
                0x40001b6c                GUEST_F_On_Printf
                0x40001baa                GUEST_F_AllocateMemorySpaceForKernel
                0x40001cec                GUEST_F_ConfigSubAreaCheck
                0x40001cf6                GUEST_F_On_SafetyFlagsInit
                0x40001d52                GUEST_F_On_MEVODefaultSet
                0x40001d8e                GUEST_F_ApplicationSwVersionGet
                0x40001d9c                GUEST_F_FaultFilteringTimerGet
                0x40001dae                GUEST_F_Srtt_RxProcess
                0x40001dc8                GUEST_F_Srtt_TxProcess
                0x40001de2                GUEST_F_TxProcess
                0x40001dfc                GUEST_F_GetSrttTime
                0x40001e12                GUEST_F_GetNetLapseTime
                0x40001e28                GUEST_F_PDOForgiveCntGet
                0x40001e32                GUEST_F_GetPrintLevel
                0x40001e3c                GUEST_F_FSFB2_RxData
                0x40001e4e                GUEST_F_FSFB2_TxData
 .text          0x40001e60        0x0 ./out/CPU_B/GCC_crc_result.o
 .text          0x40001e60        0x0 ../kernel/lib/CPU_B\libGCC_kernel.a(GCC_VCU_Start_Asm.o)
 .text          0x40001e60     0x2954 ../kernel/lib/CPU_B\libGCC_kernel.a(GCC_mstep.o)
                0x40001e60                MSTEP_F_PDAAskFlush
                0x40001e80                MSTEP_F_PDAWrite
                0x40001efa                MSTEP_F_PDARead
                0x40001f80                MSTEP_F_PDAReserveArea
                0x400020ee                MSTEP_F_TftpServiceSubscribe
                0x4000218a                MSTEP_F_MaintSNTPServerAvailability
                0x400021a6                MSTEP_F_MaintVersionsGet
                0x4000224a                MSTEP_F_MaintCanBusStatusGet
                0x40002304                MSTEP_F_CryptlibKeyScramble
                0x40002328                MSTEP_F_StatIpstackInternalFrameDropGet
                0x40002396                MSTEP_F_StatFecOverflowCountGet
                0x400023aa                MSTEP_F_StatCPUUsageGet
                0x400023b8                MSTEP_F_StatCPUUsageMaxGet
                0x400023d2                MSTEP_F_StatFSFB2NbBrokenSessionGet
                0x400023f0                MSTEP_F_StatNbEthCrcErrorGet
                0x40002408                MSTEP_F_StatNbEthCrcOkGet
                0x4000242c                MSTEP_F_UDPSend
                0x400024ce                MSTEP_F_UDPFlush
                0x4000250e                MSTEP_F_UDPRecv
                0x40002626                MSTEP_F_UDPClose
                0x40002666                MSTEP_F_UDPOpen
                0x40002704                MSTEP_F_GetSoftwareDataID
                0x40002774                MSTEP_F_SpiProcess
                0x40002978                MSTEP_F_CpuIdGet
                0x40002992                MSTEP_F_GpioRead
                0x400029d4                MSTEP_F_GpioToggle
                0x40002a18                MSTEP_F_GpioSetOff
                0x40002a5c                MSTEP_F_GpioSetOn
                0x40002aa0                MSTEP_F_CanActiveBusGet
                0x40002ac0                MSTEP_F_ConfigBoardEthMacAddressGet
                0x40002b2c                MSTEP_F_TimeGet
                0x40002b6c                MSTEP_F_ConfigBoardPositionGet
                0x40002bda                MSTEP_F_PeriodTableMinGet
                0x40002c48                MSTEP_F_SafetyFlagBreak
                0x40002cbe                MSTEP_F_SafetyFlagChkWdGet
                0x40002d3a                MSTEP_F_ConfigGuestSubAreaGet
                0x40002d7a                MSTEP_F_CryptlibDESCompute
                0x40002e0a                MSTEP_F_CryptlibCRC32FSFB2ChanOneCompute
                0x40002e8a                MSTEP_F_CryptlibCRC32CCITTCompute
                0x40002f2c                MSTEP_F_CryptlibCRC16CCITTCompute
                0x40002fa6                MSTEP_F_K2oo2CycleBegin
                0x40002fb4                MSTEP_F_K2oo2CycleEndExt
                0x40003012                MSTEP_F_K2oo2CpuWaitExt
                0x40003088                MSTEP_F_K2oo2CpuSendExt
                0x4000312c                MSTEP_F_K2oo2CpuExchangeExt
                0x400031d0                MSTEP_F_GuestTaskIdGet
                0x40003242                MSTEP_F_NotifyEndOfRestrictiveTransition
                0x40003290                MSTEP_F_TaskFlagSet
                0x40003312                MSTEP_F_IodbRequest
                0x4000339a                MSTEP_F_IodbSubmit
                0x400033de                MSTEP_F_IsrAck
                0x40003418                MSTEP_F_IsrConfigure
                0x400034ec                MSTEP_F_IsrDisable
                0x40003526                MSTEP_F_IsrEnable
                0x40003560                MSTEP_F_StatInit
                0x4000358a                MSTEP_F_StatEnable
                0x4000359e                MSTEP_F_StatIsEnabled
                0x400035b2                MSTEP_F_StatDisable
                0x400035c6                MSTEP_F_StatReset
                0x400035da                MSTEP_F_StatStoreValue
                0x400035f2                MSTEP_F_StatGetGlobalMinValue
                0x4000360a                MSTEP_F_StatGetGlobalMaxValue
                0x40003622                MSTEP_F_StatGetGlobalNbValues
                0x4000363c                MSTEP_F_StatGetGlobalSumValue
                0x40003654                MSTEP_F_StatGetGlobalAverageValue
                0x4000366c                MSTEP_F_StatGetMinValueFromRecords
                0x40003684                MSTEP_F_StatGetMaxValueFromRecords
                0x4000369c                MSTEP_F_StatGetAverageValueFromRecords
                0x400036b4                MSTEP_F_StatResetStopwatch
                0x400036ca                MSTEP_F_StatStartStopwatch
                0x400036de                MSTEP_F_StatStopStopwatch
                0x400036f2                MSTEP_F_StatStopwatchElapsedTime
                0x4000370a                MSTEP_F_CommonTimeGet
                0x4000378c                MSTEP_F_FaultFilteringAcknowledge
                0x4000379c                MSTEP_F_FaultFilteringStateGet
                0x400037d4                MSTEP_F_IodbNotificationAdd
                0x40003858                MSTEP_F_IsCommonTimeSynchronized
                0x40003866                MSTEP_F_NbFaultFilteringRebootGet
                0x40003874                MSTEP_F_K2oo2StatGet
                0x400038b4                MSTEP_F_RegisterTriggeredFunction
                0x4000396e                MSTEP_F_StatNumberOfIpConflictDetectedGet
                0x4000397c                MSTEP_F_TFTPClientWrite
                0x40003a54                MSTEP_F_GidGet
                0x40003a62                MSTEP_F_GidKeyRead
                0x40003ac2                MSTEP_F_SyncCurNumGet
                0x40003ad0                MSTEP_F_Rssp1CycleGet
                0x40003ba8                MSTEP_F_SnmpIpGet
                0x40003c30                MSTEP_F_SntpIpGet
                0x40003c4a                MSTEP_F_UnSafetyPortGet
                0x40003cc4                MSTEP_F_SettingsUsigRedIncrAlgoActivate
                0x40003d1c                MSTEP_F_StatRedIdGet
                0x40003d7c                MSTEP_F_StatRedIdMaxDiffDlyGet
                0x40003d90                MSTEP_F_StatRedIdMaxPropagationDlyGet
                0x40003dda                MSTEP_F_StatRedIdMaxSequenceNbDeltaGet
                0x40003e24                MSTEP_F_IodbRequestBySessionId
                0x40003ef2                MSTEP_F_IodbSubmitBySessionId
                0x40003fbc                MSTEP_F_GetOtherMVCUFuncMode
                0x40004008                MSTEP_F_SwitchStandbyModeRequest
                0x40004054                MSTEP_F_GetLocalMVCUNetStatus
                0x400042c0                MSTEP_F_GetAnotherMVCUNetStatus
                0x400045ea                MSTEP_F_GetExternalDeviceStatus
                0x400046ac                MSTEP_F_GetBoardPresentStatus
                0x4000479e                MSTEP_F_SysChkWdGet
 .text          0x400047b4     0x19b4 ../kernel/lib/CPU_B\libGCC_kernel.a(GCC_BIT_fuse.o)
                0x400047b4                BIT_FUSE_F_FuseInit
                0x40004d18                BIT_FUSE_F_IsFlashAsyncFinished
                0x40004d2e                BIT_FUSE_F_EndFlashAsync
                0x40004d9e                BIT_FUSE_F_EndReprogAsync
                0x40004e52                BIT_FUSE_F_FusesReadFromAddr
                0x40004f7c                BIT_FUSE_F_FuseToggleRead
                0x4000500c                BIT_FUSE_F_AddressFuseGet
                0x400051a2                BIT_FUSE_F_FusesRead
                0x40005234                BIT_FUSE_F_FuseSectorErase
                0x400052f2                BIT_FUSE_F_AddressIdFuseGet
                0x400053fa                BIT_FUSE_F_FusesWrite
                0x4000555a                BIT_FUSE_F_FuseCheck
                0x40005ba4                BIT_F_SafetyFlagBreak
                0x40005d62                BIT_FUSE_F_SysChkWdInit
                0x40005e32                BIT_F_SysChkWdReset
                0x40005e4e                BIT_F_SysChkWdGet
                0x40005ea2                BIT_F_RestoreFlag
                0x400060d0                BIT_F_SafetyFlagChkWdGet
 .text          0x40006168     0x18a8 ../kernel/lib/CPU_B\libGCC_kernel.a(GCC_BIT_survey.o)
                0x40006168                BIT_F_FlashCrcsCheckStart
                0x4000617a                BIT_F_ComputeCrcWithTimeDly
                0x400062da                BIT_F_VectorTableLock
                0x40006360                BIT_F_DcaSectionLock
                0x4000645c                BIT_SURVEY_F_Init
                0x40006558                BIT_SURVEY_F_TaskCheck
                0x400066e6                BIT_SURVEY_F_FreeTasksStackLevelCheck
                0x400068e4                BIT_SURVEY_F_FreeItStackLevelCheck
                0x40006994                BIT_SURVEY_F_CpuUsageCheck
                0x40006bae                BIT_SURVEY_F_OSPrioTcbCrcCheck
                0x40006c4e                BIT_SURVEY_F_SwFuseCheck
                0x40006d82                BIT_SURVEY_F_CrcCheckIdGet
                0x40006e28                BIT_SURVEY_F_SectionStartAndLengthGet
                0x40006fe6                BIT_SURVEY_F_ComputeCrc
                0x400071a0                BIT_SURVEY_F_LocalReferenceCrcGet
                0x4000725a                BIT_SURVEY_F_DistantReferenceCrcGet
                0x40007314                BIT_SURVEY_F_CheckExecutionCounterUpdate
                0x400074ec                BIT_SURVEY_F_GetRequiredCycles
                0x40007622                BIT_SURVEY_F_CrcsCheck
                0x400077e4                BIT_SURVEY_F_IsCrcAndFuseCheckAllowed
                0x4000791a                BIT_F_GetParameters
 .text          0x40007a10     0x2030 ../kernel/lib/CPU_B\libGCC_kernel.a(GCC_can.o)
                0x40007a10                CAN_F_IsCanMaster
                0x40007a32                CAN_F_ConfigBoardTypeGet
                0x40007a40                CAN_F_IsRunningModeDetermined
                0x40007a6c                CAN_F_MyModuleIdGet
                0x40007ab0                CAN_F_MyNodeIdGet
                0x40007abe                CAN_F_MasterStatusGet
                0x40007acc                CAN_F_TimerReset
                0x40007b60                CAN_F_TimerCountReset
                0x40007b70                CAN_F_InitArdSaddle
                0x40007b9c                CAN_F_InitModuleInfoKey
                0x40007c7e                CAN_F_PrepareBootWithFuseInfo
                0x40007ca4                CAN_F_OtherStepperModuleIdGet
                0x40007d0e                CAN_F_CanBusActiveChannelGet
                0x40007d1c                CAN_F_CanMgtMessageTreat
                0x400080a4                CAN_F_CanMgtSyncMessageProcess
                0x4000823e                CAN_F_CanMgtHbMessageProcess
                0x400083d8                CAN_F_CanMgtMessageProcess
                0x4000860c                CAN_F_CanMgtFlagProcess
                0x400087c6                CAN_F_MgtTask
                0x40008838                CAN_F_FlushFifo
                0x4000896e                CAN_F_MgtStart
                0x40008b8e                CAN_F_FlashingValueGet
                0x40008c32                CAN_F_TimerModeNotDefinedHandler
                0x40008ce8                CAN_F_TimerModeDefinedHandler
                0x4000900c                CAN_F_TimerHandler
                0x4000907e                CAN_F_MgtCreate
                0x400092f6                CAN_F_SwitchMode
                0x40009440                CAN_F_MgtCanMessagePost
                0x400097ae                CAN_F_FlashingManage
                0x40009800                CAN_F_IPoverCANVersionGet
                0x40009850                CAN_F_IsDistantODSupported
                0x400098fa                CAN_F_MasterStatusSet
                0x40009972                CAN_F_InternalStateGet
 .text          0x40009a40      0xf64 ../kernel/lib/CPU_B\libGCC_kernel.a(GCC_can_ard.o)
                0x40009a40                CAN_ARD_F_SendFragmentationFlagClear
                0x40009a52                CAN_ARD_F_FirstFrameMemblockGet
                0x40009a82                CAN_ARD_F_ReleaseFrame
                0x40009b04                CAN_ARD_F_SendFrame
                0x40009d3c                CAN_ARD_F_ReserveFreeFrame
                0x40009e28                CAN_ARD_F_GetFragmentToSend
                0x4000a25c                CAN_ARD_F_RecvFrame
                0x4000a868                CAN_ARD_F_Init
 .text          0x4000a9a4      0xa1e ../kernel/lib/CPU_B\libGCC_kernel.a(GCC_can_config.o)
                0x4000a9a4                CAN_CONF_F_GetCobIDMinRx
                0x4000a9b2                CAN_CONF_F_GetCobIDMaxRx
                0x4000a9c0                CAN_CONF_F_GetCobIDMinStandby
                0x4000a9ce                CAN_CONF_F_GetCobIDMaxStandby
                0x4000a9dc                CAN_CONF_F_GetFlashingPeriod
                0x4000a9ea                CAN_CONF_F_MinMaxBuild
                0x4000ac8c                CAN_CONF_F_GetTxPDOStruct
                0x4000acfa                CAN_CONF_F_GetNbOfTxPDO
                0x4000ad60                CAN_CONF_F_GetRxPDOStruct
                0x4000adce                CAN_CONF_F_GetNbOfRxPDO
                0x4000ae34                CAN_CONF_F_Init
                0x4000ae4a                CAN_CONF_F_SafeDataConsistencyCheck
                0x4000b2b0                CAN_CONF_F_ConfCheckAndBuild
                0x4000b378                CAN_CONF_F_IsStepperRedundancy
                0x4000b386                CAN_CONF_F_RedundancyBuild
 *fill*         0x4000b3c2        0x2 
 .text          0x4000b3c4      0x520 ../kernel/lib/CPU_B\libGCC_kernel.a(GCC_can_emcy.o)
                0x4000b3c4                CAN_F_EmcyGet
                0x4000b47e                CAN_EMCY_F_EmcyReceive
                0x4000b758                CAN_F_EmcySend
                0x4000b8c4                CAN_EMCY_F_Init
 .text          0x4000b8e4     0x3142 ../kernel/lib/CPU_B\libGCC_kernel.a(GCC_can_od.o)
                0x4000b8e4                CAN_OD_F_OdInit
                0x4000bece                CAN_OD_F_TableIndexFind
                0x4000c05e                CAN_OD_F_IsMonitoringDatasTable
                0x4000c15e                CAN_OD_F_IndexTableCheck
                0x4000c366                CAN_OD_F_SdoChannelGet
                0x4000c42e                CAN_OD_F_ObjectTypeGet
                0x4000c666                CAN_OD_F_OdObjectSet
                0x4000c886                CAN_OD_F_ODDataSet
                0x4000ca28                CAN_F_SdoObjectSet
                0x4000cbce                CAN_OD_F_OdObjectGet
                0x4000d3ba                CAN_OD_F_ODDataGet
                0x4000d5ac                CAN_F_SdoObjectGet
                0x4000d960                CAN_F_ODVersionGet
                0x4000d9b0                CAN_OD_F_ModeAndNetStatusCombine
                0x4000df0a                CAN_OD_F_PrimaryCPUANetStatusDecode
                0x4000dfbc                CAN_OD_F_PrimaryCPUBNetStatusDecode
                0x4000e15a                CAN_OD_F_SecondaryCPUANetStatusDecode
                0x4000e20c                CAN_OD_F_SecondaryCPUBNetStatusDecode
                0x4000e3aa                CAN_OD_F_AllNodeNetStatusDecode
                0x4000e5d2                CAN_OD_F_PrimaryCPUANetStatusClear
                0x4000e61c                CAN_OD_F_PrimaryCPUBNetStatusClear
                0x4000e6c6                CAN_OD_F_SecondaryCPUANetStatusClear
                0x4000e710                CAN_OD_F_SecondaryCPUBNetStatusClear
                0x4000e7ba                CAN_OD_F_GetNetStatus
 *fill*         0x4000ea26        0x2 
 .text          0x4000ea28      0x34c ../kernel/lib/CPU_B\libGCC_kernel.a(GCC_can_odplug.o)
                0x4000ea28                CAN_ODPLUG_F_Init
                0x4000ea50                CAN_ODPLUG_F_CheckFilter
                0x4000ebce                CAN_ODPLUG_F_AddRule
 .text          0x4000ed74     0x32bc ../kernel/lib/CPU_B\libGCC_kernel.a(GCC_can_open.o)
                0x4000ed74                CAN_F_GuestIsStarted
                0x4000edf6                CAN_F_NmtCubicleStatusGet
                0x4000ee98                CAN_F_MaintenanceInfoGet
                0x4000efea                CAN_F_ModuleIsPresent
                0x4000f0b2                CAN_F_NmtIsNormalBoardHere
                0x4000f2a2                CAN_OPEN_F_MasterModeSet
                0x4000f2ee                CAN_OPEN_F_MasterOperationalStateSet
                0x4000f3e0                CAN_OPEN_F_CanOpenStatusInit
                0x4000f448                CAN_OPEN_F_Init
                0x4000f5ea                CAN_OPEN_F_StepperPeriodicalProcess
                0x4000f870                CAN_OPEN_F_MaintenanceManagement
                0x4000fa92                CAN_OPEN_F_NmtSend
                0x4000fcf4                CAN_OPEN_F_NmtProcess
                0x400100d0                CAN_OPEN_F_HeartBeatSend
                0x400104b6                CAN_OPEN_F_HeartBeatProcess
                0x40010bb8                CAN_OPEN_F_BusOffProcess
                0x40010d7e                CAN_OPEN_F_MediumOutOfOrder
                0x40010f30                CAN_OPEN_F_TimeStampSend
                0x4001108a                CAN_OPEN_F_BusActiveManage
                0x400111a2                CAN_OPEN_F_SyncSend
                0x4001130c                CAN_OPEN_F_StatsNmtManage
                0x40011406                CAN_OPEN_F_NmtStartNode
                0x4001157e                CAN_OPEN_F_MyStatusGet
                0x400115c4                CAN_OPEN_F_ModuleStatusGet
                0x400117f0                CAN_OPEN_F_IsNodeHere
                0x40011940                CAN_OPEN_F_Flush
                0x40011a14                CAN_OPEN_F_BusSwitch
                0x40011b2c                CAN_OPEN_F_ODVersionSet
                0x40011b8a                CAN_OPEN_F_ModuleIdInternalStateGet
                0x40011dd2                CAN_OPEN_F_IPoverCANVersionSet
                0x40011e30                CAN_OPEN_F_DecodeHeartBeat
                0x40011fa8                CAN_OPEN_F_OtherStepperModeGet
 .text          0x40012030      0xb90 ../kernel/lib/CPU_B\libGCC_kernel.a(GCC_can_saddle.o)
                0x40012112                CAN_F_SaddleExtractCanPrio
                0x400122c8                CAN_F_SaddleProtocolSubscribe
                0x4001242c                CAN_SADDLE_F_StoreRecvFrame
                0x400126be                CAN_F_SaddleRecv
                0x40012956                CAN_F_SaddleSend
                0x40012b8a                CAN_SADDLE_F_Init
 .text          0x40012bc0     0x1c32 ../kernel/lib/CPU_B\libGCC_kernel.a(GCC_can_safety.o)
                0x40012bc0                CAN_F_SafetyConfigure
                0x40012bf0                CAN_SAFETY_F_NextSyncNumberToSendGet
                0x40012c9c                CAN_SAFETY_F_GetCurrentSyncNumberRecv
                0x40012caa                CAN_SAFETY_F_CanMessagePost
                0x4001302c                CAN_SAFETY_F_SafetyIDFind
                0x40013146                CAN_SAFETY_F_SafetyLayerBuild
                0x4001326c                CAN_SAFETY_F_PdoIdFind
                0x4001336c                CAN_SAFETY_F_PdoSend
                0x40013494                CAN_SAFETY_F_PdosFindAndSend
                0x40013578                CAN_SAFETY_F_SafetyLayerCheck
                0x400137d2                CAN_SAFETY_F_PdoCheckAndWrite
                0x400139cc                CAN_SAFETY_F_PdoReceptionMgt
                0x40013aa4                CAN_SAFETY_F_SyncConsistencyCheck
                0x40013bbc                CAN_F_GetBooleanRedundancyDefault
                0x40013ca6                CAN_SAFETY_F_PdoIdConversionTableBuildFor
                0x40013e16                CAN_SAFETY_F_SyncMessageProcess
                0x400140d8                CAN_F_SafetyCreate
                0x400142b4                CAN_F_SafetyConfig
                0x400142be                CAN_F_SafetyStart
                0x4001439c                CAN_F_SafetyTask
 *fill*         0x400147f2        0x2 
 .text          0x400147f4     0x7964 ../kernel/lib/CPU_B\libGCC_kernel.a(GCC_can_sdo.o)
                0x400147f4                CAN_SDO_F_ConvertErrorCode
                0x40014880                CAN_SDO_F_ClientGet
                0x40014a98                CAN_SDO_F_DisplayErr
                0x40014ace                CAN_SDO_F_ClientPrepare
                0x40014ee4                CAN_SDO_F_SdoPost
                0x400155bc                CAN_SDO_F_Send
                0x40015860                CAN_SDO_F_TempoChange
                0x400158f2                CAN_SDO_F_ReleaseWaitSemaphore
                0x400159b2                CAN_SDO_F_AllSegmentReceived
                0x40015a44                CAN_SDO_F_EraseCurrentBlockInfo
                0x40015a9c                CAN_SDO_F_InitGlobalSDOParameter
                0x40015c04                CAN_SDO_F_ResetContext
                0x40015c96                CAN_SDO_F_EndBlockDownload
                0x40015ede                CAN_SDO_F_EndBlockUpload
                0x40016078                CAN_SDO_F_DownloadBlock
                0x40016318                CAN_SDO_F_UploadBlock
                0x4001654e                CAN_SDO_F_InitiateBlockDownload
                0x400167c8                CAN_SDO_F_InitiateBlockUpload
                0x40016a02                CAN_SDO_F_DownloadSegment
                0x40016cfc                CAN_SDO_F_UploadSegment
                0x400170b2                CAN_SDO_F_Abort
                0x40017200                CAN_SDO_F_ClientTransfertEnd
                0x40017c0a                CAN_SDO_F_ClientTransfertWait
                0x40017d42                CAN_SDO_F_isCommunicationOpened
                0x40017eb2                CAN_SDO_F_checkIndexSubindex
                0x4001801c                CAN_SDO_F_MessageBlkTransfer
                0x4001843a                CAN_SDO_F_InitiateDownload
                0x400187d6                CAN_SDO_F_InitiateUpload
                0x40018b12                CAN_SDO_F_ClientSendIfNew
                0x40018fda                CAN_SDO_F_TempoChannelUpdate
                0x400190c4                CAN_SDO_F_ClientProceedEnd
                0x4001911c                CAN_SDO_F_AbortCommand_0x4
                0x40019344                CAN_SDO_F_Req_Com_0x0
                0x4001979e                CAN_SDO_F_Req_Com_0x1
                0x40019bfa                CAN_SDO_F_Req_Com_0x2
                0x40019d04                CAN_SDO_F_Req_Com_0x3
                0x40019e30                CAN_SDO_F_Req_Com_0x5_Sub_0x0
                0x4001a0de                CAN_SDO_F_Req_Com_0x5_Sub_0x2
                0x4001a1b0                CAN_SDO_F_Req_Com_0x5
                0x4001a326                CAN_SDO_F_Req_Com_0x6
                0x4001a9b4                CAN_SDO_F_ProceedRequest
                0x4001abbc                CAN_SDO_F_Resp_Com_0x0
                0x4001afa4                CAN_SDO_F_Resp_Com_0x1
                0x4001b0cc                CAN_SDO_F_Resp_Com_0x2
                0x4001b4a6                CAN_SDO_F_Resp_Com_0x3
                0x4001b59e                CAN_SDO_F_Resp_Com_0x5_Sub_0x0
                0x4001b6e2                CAN_SDO_F_Resp_Com_0x5_Sub_0x2
                0x4001b7bc                CAN_SDO_F_Resp_Com_0x5
                0x4001b942                CAN_SDO_F_Resp_Com_0x6_Sub_0x0
                0x4001bbb8                CAN_SDO_F_Resp_Com_0x6_Sub_0x1
                0x4001bdf6                CAN_SDO_F_Resp_Com_0x6
                0x4001bea0                CAN_SDO_F_ProceedResponse
 .text          0x4001c158      0xa28 ../kernel/lib/CPU_B\libGCC_kernel.a(GCC_can_time.o)
                0x4001c1a4                CAN_F_TimeCanOpenGet
                0x4001c1e6                CAN_TIME_F_Init
                0x4001c240                CAN_TIME_F_CanTimeGet
                0x4001c24e                CAN_TIME_F_HeartBeatCycleGet
                0x4001c25c                CAN_TIME_F_HeartBeatCycleSet
                0x4001c270                CAN_TIME_F_HeartBeatCycleReset
                0x4001c280                CAN_TIME_F_HeartBeatSpreadInitialize
                0x4001c30c                CAN_F_TimeNtpSet
                0x4001c460                CAN_F_TimeNtpGet
                0x4001c58c                CAN_TIME_F_TimeStampGet
                0x4001c5f4                CAN_TIME_F_TimeStampSet
                0x4001c770                CAN_TIME_F_TimeStampUpdate
                0x4001c9ac                CAN_TIME_F_CanTimeUpdate
                0x4001ca6a                CAN_TIME_F_HeartBeatPeriodGet
                0x4001ca78                CAN_TIME_F_HeartBeatSpreadAndPeriodInitialize
 .text          0x4001cb80      0xbe2 ../kernel/lib/CPU_B\libGCC_kernel.a(GCC_CONF.o)
                0x4001cb80                CONF_F_GetRackSlotNameFromKey
                0x4001cca4                CONF_F_SetConfKeyStatus
                0x4001ccb8                CONF_F_GetConfKeyStatus
                0x4001ccc6                CONF_F_ReleaseParamFrontBuffer
                0x4001cd1a                CONF_F_GetParamFrontBufferAndLock
                0x4001d1a2                CONF_F_NewParamAvailable
                0x4001d2c8                CONF_F_ValidationFuncSubscribe
                0x4001d356                CONF_F_ExternalValidation
                0x4001d4a2                CONF_F_OKNotificationCbSubscribe
                0x4001d530                CONF_F_NotifyOkCallBack
                0x4001d5d4                CONF_F_GetModuleIoInfo
                0x4001d6f4                CONF_F_FaultFilteringAcknowledge
                0x4001d730                CONF_F_ReconfReparamVersionGet
 *fill*         0x4001d762        0x2 
 .text          0x4001d764     0x98f6 ../kernel/lib/CPU_B\libGCC_kernel.a(GCC_CONF_autho.o)
                0x4001d764                CONF_AUTHO_F_PrintBootFailedInf
                0x4001d7e4                CONF_AUTHO_F_InitializeAndEnableStatistic
                0x4001d864                CONF_AUTHO_F_StatisticsInitialization
                0x4001d9c4                CONF_AUTHO_F_IsBootFailedConditionFulfilled
                0x4001dc66                CONF_AUTHO_F_IsNominalConditionFulfilled
                0x4001de16                CONF_AUTHO_F_IsDatasetConfValid
                0x4001e010                CONF_AUTHO_F_IsDatasetParamValid
                0x4001e1c4                CONF_AUTHO_F_IsElectronicStampFoolProofingOK
                0x4001e38c                CONF_AUTHO_F_IsPairingFlushRunning
                0x4001e402                CONF_AUTHO_F_IsTemporaryPairingSet
                0x4001e410                CONF_AUTHO_F_CrossCheckStatusGet
                0x4001e41e                CONF_F_IsBoardMaster
                0x4001e42c                CONF_F_GlobalDatasetFootprintForMaintenanceGet
                0x4001e43a                CONF_F_IsGDAOKAfterKeyReading
                0x4001e448                CONF_AUTHO_F_IsLastModuleAuthorizationIntegrityOk
                0x4001e45a                CONF_AUTHO_F_FreeTFTPDataBlockGet
                0x4001e4c2                CONF_AUTHO_F_AnalyzeEstampStatus
                0x4001e57a                CONF_AUTHO_F_GetFunctionalModeVoted
                0x4001e994                CONF_F_PrepareBootWithFuseInfo
                0x4001ea28                CONF_F_FinalizeBootWithFuseInfo
                0x4001ea40                CONF_AUTHO_F_GetKeySource
                0x4001ea9a                CONF_AUTHO_F_CreateGidFile
                0x4001eb82                CONF_AUTHO_F_CreateKeyFiles
                0x4001edce                CONF_AUTHO_F_CreatePDAFiles
                0x4001f034                CONF_AUTHO_F_CreateXXXFile
                0x4001f0e8                CONF_AUTHO_F_CreateGlobalDatasetHeaderFiles
                0x4001f1a8                CONF_AUTHO_F_CreateGlobalDatasetFootprint
                0x4001f318                CONF_AUTHO_F_CreateGlobalDatasetAuthorizations
                0x4001f6aa                CONF_AUTHO_F_CreateModuleDatasetFiles
                0x4001fbc2                CONF_AUTHO_F_AddSourcesToGlobalDatasetHeaderFiles
                0x4001fdba                CONF_AUTHO_F_AddKeySourceToMyModuleDatasetFiles
                0x4002018c                CONF_AUTHO_F_AddSourcesToModuleDatasetDataFiles
                0x40020690                CONF_AUTHO_F_StartTimersIfNominal
                0x400208de                CONF_AUTHO_F_PairingFlushTimeoutCheck
                0x4002096e                CONF_AUTHO_F_CheckTimerStatus
                0x40020d90                CONF_AUTHO_F_WaitForFileStatusDefinition
                0x40020e3c                CONF_AUTHO_F_GetLocalKeyGlobalDatasetFootprint
                0x40020f36                CONF_AUTHO_F_IsGlobalFootprintAvailable
                0x4002118e                CONF_AUTHO_F_ConfigurationKeyPresentCheckOnBoot
                0x400212fe                CONF_AUTHO_F_KeyPresencePeriodicVerification
                0x40021856                CONF_AUTHO_F_GetPairingData
                0x40021bb2                CONF_AUTHO_F_PairingVerification
                0x40021be8                CONF_AUTHO_F_PairingCheck
                0x40021d98                CONF_AUTHO_F_TemporaryPairingFlushCb
                0x40021de8                CONF_AUTHO_F_PermanentPairingFlushCb
                0x40021e38                CONF_AUTHO_F_PairingFlush
                0x400220fe                CONF_AUTHO_F_Depair
                0x400221d2                CONF_AUTHO_F_MDFCalculationCheck
                0x4002233c                CONF_AUTHO_F_NextFileForFootprintCalculation
                0x40022630                CONF_AUTHO_F_NextAvailableFileForFootprintCalculation
                0x40022816                CONF_AUTHO_F_FootprintFileWrite
                0x40022ae0                CONF_AUTHO_F_FootprintCalculation
                0x40022eca                CONF_AUTHO_F_FootprintStorageCb
                0x40022f38                CONF_AUTHO_F_StoreFootprints
                0x400231ea                CONF_AUTHO_F_RetrieveFootprints
                0x400233f2                CONF_AUTHO_F_GetAuthorizationData
                0x4002368c                CONF_AUTHO_F_GetAuthorizationType
                0x400236f8                CONF_AUTHO_F_CheckAuthorizationFreshness
                0x4002389e                CONF_AUTHO_F_CheckAuthorizationIntegrity
                0x40023b44                CONF_AUTHO_F_GetFootprintVerificationStatusVoted
                0x40023c3e                CONF_AUTHO_F_CheckCrossAuthorization
                0x40023e5a                CONF_AUTHO_F_CheckAuthorization
                0x4002440e                CONF_AUTHO_F_ModuleDatasetStorageAndStartBistFlashCheckCb
                0x400244ba                CONF_AUTHO_F_StoreFileInFlash
                0x4002464e                CONF_AUTHO_F_StoreModuleDatasetAndStartBistFlashCheck
                0x40024a68                CONF_AUTHO_F_SetMyModuleDatasetToOutdated
                0x40024d6e                CONF_AUTHO_F_CheckModuleDatasetAuthorization
                0x40024ecc                CONF_AUTHO_F_CheckGlobalDatasetAuthorizations
                0x400251ba                CONF_AUTHO_F_AuthorizationCalculation
                0x4002561c                CONF_AUTHO_F_FootprintComputationReset
                0x4002570c                CONF_AUTHO_F_InvalidateModuleDatasetsCache
                0x4002573a                CONF_AUTHO_F_SetRunningMode
                0x40025954                CONF_AUTHO_F_CheckNetPhysicalStatus
                0x40025c82                CONF_AUTHO_F_CheckPairingState
                0x40025dfc                CONF_F_Create
                0x4002617c                CONF_F_Config
                0x400267c6                CONF_F_Start
                0x40026d6c                CONF_F_Task
 *fill*         0x4002705a        0x2 
 .text          0x4002705c     0x48a6 ../kernel/lib/CPU_B\libGCC_kernel.a(GCC_CONF_dataset.o)
                0x4002705c                CONF_DATASET_F_InitModuleAreaMotherTable
                0x4002773e                CONF_DATASET_F_InitDatasetConf
                0x40027a28                CONF_DATASET_F_IsBoardIntA
                0x40027ab2                CONF_DATASET_F_FuseIfNotBoardIntA
                0x40027b30                CONF_DATASET_F_GetModuleBoardCode
                0x40027b6c                CONF_DATASET_F_GetOverTempThreshold
                0x40027ba6                CONF_DATASET_F_GetModuleDataVersion
                0x40027be2                CONF_DATASET_F_GetCanFlashingPeriod
                0x40027c16                CONF_DATASET_F_IsFaultFiltering_Active
                0x40027c50                CONF_DATASET_F_GetOutputSafeData
                0x40027c8c                CONF_DATASET_F_GetInputSafeData
                0x40027cc8                CONF_DATASET_F_GetGenericRedundancyArray
                0x40027d04                CONF_DATASET_F_GetBooleanRedundancyArray
                0x40027d40                CONF_DATASET_F_GetFreezingTimer
                0x40027dbc                CONF_DATASET_F_GetPDOStruct
                0x40027e74                CONF_DATASET_F_GetSafetyID
                0x40027ee2                CONF_DATASET_F_GetSntpIp
                0x40028068                CONF_DATASET_F_GetSnmpIp
                0x400281ee                CONF_DATASET_F_GetFsfb2SinglePort
                0x4002823c                CONF_DATASET_F_GetFsfb2RedoundedPort
                0x4002828a                CONF_DATASET_F_GetRssp1NormPortOfPrimary
                0x400282d8                CONF_DATASET_F_GetRssp1RedundPortOfPrimary
                0x40028326                CONF_DATASET_F_GetRssp1NormPortOfSecondary
                0x40028374                CONF_DATASET_F_GetRssp1RedundPortOfSecondary
                0x400283c2                CONF_DATASET_F_GetRssp1SessionCount
                0x40028406                CONF_DATASET_F_GetFsfb2SessionCount
                0x4002844a                CONF_DATASET_F_GetUnsafetyNormPort
                0x40028498                CONF_DATASET_F_GetUnsafetyRedundPort
                0x400284e6                CONF_DATASET_F_GetUsigUevolRedundancyInfo
                0x4002857c                CONF_DATASET_F_GetIpStackInfo
                0x4002906e                CONF_DATASET_F_IsRedundancyStandalone
                0x40029106                CONF_DATASET_F_GetUsigRedStructByIdx
                0x400291e4                CONF_DATASET_F_GetUsigRedundancyStruct
                0x400292c2                CONF_DATASET_F_GetUsigIdentParamByDynId
                0x400293c2                CONF_DATASET_F_GetUsigIdentParamByEqId
                0x4002950e                CONF_DATASET_F_GetSrttTimeoutByEqId
                0x400295ae                CONF_DATASET_F_bEqIdExist
                0x4002966a                CONF_DATASET_F_GetUsigOperation
                0x400296e0                CONF_DATASET_F_GetUsigSafetyIdByIndex
                0x400297e4                CONF_DATASET_F_GetProtocolTypeByEqId
                0x40029878                CONF_DATASET_F_GetUsigSafetyParamByEqId
                0x40029e68                CONF_DATASET_F_GetReprogIpStackInfo
                0x4002a710                CONF_DATASET_F_GetMessageArray
                0x4002a7a0                CONF_DATASET_F_GetSessionIdentArray
                0x4002a7e6                CONF_DATASET_F_GetAppliSubArea
                0x4002a870                CONF_DATASET_F_CheckRedundancyArray
                0x4002a9e4                CONF_DATASET_F_CheckOverlapInRedundancyArrays
                0x4002aba8                CONF_DATASET_F_CheckPdoArray
                0x4002af44                CONF_DATASET_F_CheckDatasetConfIntegrity
                0x4002b358                CONF_DATASET_F_GetDatasetConfHeaderSize
                0x4002b362                CONF_DATASET_F_GetDatasetConfRealSize
                0x4002b40a                CONF_DATASET_F_GetMyDatasetConfRealSize
                0x4002b540                CONF_DATASET_F_CheckDatasetParamHeaderIntegrity
                0x4002b5f8                CONF_DATASET_F_GetDatasetParamHeaderSize
                0x4002b602                CONF_DATASET_F_GetDatasetParamRealSize
                0x4002b704                CONF_DATASET_F_GetMyDatasetParamRealSize
                0x4002b79a                CONF_DATASET_F_GetSectorParamDataVersion
                0x4002b812                CONF_DATASET_F_CheckDatasetUserData
                0x4002b8f4                CONF_DATASET_F_GetDatasetConfIntAMinimumSize
 *fill*         0x4002b902        0x2 
 .text          0x4002b904      0x39c ../kernel/lib/CPU_B\libGCC_kernel.a(GCC_CONF_fresh.o)
                0x4002b904                CONF_FRESH_F_ComputeFreshness
                0x4002b96a                CONF_FRESH_F_ComputeFreshnessId
                0x4002bb42                CONF_FRESH_F_ComputeTargetFreshness
                0x4002bbda                CONF_FRESH_F_GetIdentFreshness
                0x4002bbe8                CONF_FRESH_F_GetReconfFreshness
                0x4002bbf6                CONF_FRESH_F_Init
                0x4002bc28                CONF_FRESH_F_ResetFreshness
 .text          0x4002bca0     0x12be ../kernel/lib/CPU_B\libGCC_kernel.a(GCC_CONF_key.o)
                0x4002bca0                CONF_KEY_F_InitConfGlobalHeader
                0x4002be5e                CONF_KEY_F_DetermineStepperTypeFromBoardNumber
                0x4002bed0                CONF_KEY_F_CheckConfGlobalHeaderIntegrity
                0x4002c222                CONF_KEY_F_GetConfGlobalHeaderAbsoluteAddress
                0x4002c22c                CONF_KEY_F_GetConfGlobalHeaderSize
                0x4002c23a                CONF_KEY_F_GetProductName
                0x4002c272                CONF_KEY_F_GetProductPresentation
                0x4002c2ae                CONF_KEY_F_GetPermanentPairingActivation
                0x4002c2e8                CONF_KEY_F_GetBoardType
                0x4002c38a                CONF_KEY_F_GetBoardName
                0x4002c40c                CONF_KEY_F_GetModuleAreaPos
                0x4002c5bc                CONF_KEY_F_InitParamGlobalHeader
                0x4002c67a                CONF_KEY_F_CheckParamGlobalHeaderIntegrity
                0x4002c810                CONF_KEY_F_GetParamGlobalHeaderAbsoluteAddress
                0x4002c81c                CONF_KEY_F_GetParamGlobalHeaderSize
                0x4002c82a                CONF_KEY_F_GetParamSectorPos
                0x4002ca78                CONF_KEY_F_GetParamPresence
                0x4002cb84                CONF_KEY_F_InitGlobalDatasetFootprint
                0x4002cc9e                CONF_KEY_F_GetGlobalDatasetFootprintAbsoluteAddress
                0x4002ccaa                CONF_KEY_F_GetGlobalDatasetFootprintSize
                0x4002ccb4                CONF_KEY_F_GetGlobalDatasetFootprint
                0x4002cd50                CONF_KEY_F_InitGid
                0x4002ce64                CONF_KEY_F_GetGidAbsoluteAddress
                0x4002ce70                CONF_KEY_F_GetGidSize
                0x4002ce7a                CONF_KEY_F_GetGid
 *fill*         0x4002cf5e        0x2 
 .text          0x4002cf60     0x6032 ../kernel/lib/CPU_B\libGCC_kernel.a(GCC_CONF_local.o)
                0x4002cf60                CONF_LOCAL_F_FileStatusNotifyCb
                0x4002d0dc                CONF_LOCAL_F_CreateReprogFile
                0x4002d162                CONF_LOCAL_F_CreateEstampFile
                0x4002d24a                CONF_LOCAL_F_CreateBidFile
                0x4002d332                CONF_LOCAL_F_Init
                0x4002d68c                CONF_LOCAL_F_StatisticInit
                0x4002d6bc                CONF_LOCAL_F_CreateIpConfigurationArea
                0x4002d6ec                CONF_LOCAL_F_ResetIpConfiguration
                0x4002d732                CONF_LOCAL_F_RestoreLastIpConfiguration
                0x4002d7de                CONF_LOCAL_F_BidCheck
                0x4002d8b6                CONF_LOCAL_F_BidWaitAndCheck
                0x4002dbf0                CONF_LOCAL_F_EstampWaitAndCheck
                0x4002de50                CONF_LOCAL_F_MemoryAreaMyParamGet
                0x4002de5e                CONF_LOCAL_F_MemoryAreaMyConfGet
                0x4002de6c                CONF_LOCAL_F_ParamStatusNotifyCb
                0x4002e088                CONF_LOCAL_F_CreateAndAddSourcesToMyDatasetFiles
                0x4002e60c                CONF_LOCAL_F_MyParamFileDescriptorGet
                0x4002e65a                CONF_LOCAL_F_ModuleParametersInfoForMaintenance
                0x4002e754                CONF_LOCAL_F_MaintenanceInit
                0x4002e85a                CONF_LOCAL_F_GlobalConfHeaderBufferGet
                0x4002e94a                CONF_LOCAL_F_IsPermanentPairingActivated
                0x4002ea00                CONF_LOCAL_F_IsDumpPresentGet
                0x4002ea7e                CONF_LOCAL_F_UnusedParametersReset
                0x4002ea90                CONF_LOCAL_F_GlobalParamHeaderBufferGet
                0x4002eb7c                CONF_LOCAL_F_LocalGidGet
                0x4002ec86                CONF_LOCAL_F_UnusedParametersUpdate
                0x4002ecf4                CONF_LOCAL_F_CheckBidTimer
                0x4002ede8                CONF_LOCAL_F_BidCycleCheck
                0x4002f402                CONF_LOCAL_F_FaultFilteringEndResetState
                0x4002f472                CONF_LOCAL_F_FaultFilteringEndReadState
                0x4002f7f2                CONF_LOCAL_F_FaultFilteringUpdate
                0x4002f824                CONF_LOCAL_F_RunningHoursUpdate
                0x4002f9dc                CONF_LOCAL_F_RunningTimeUpdate
                0x4002fb78                CONF_LOCAL_F_Periodic
                0x4002fb94                CONF_F_IsTransplantable
                0x4002fba2                CONF_LOCAL_F_GetIpStackInfoFromUserData
                0x40030676                CONF_LOCAL_F_ModuleIdBoardNumberTablesCompute
                0x400307e2                CONF_LOCAL_F_ConvertModuleIdToBoardNumber
                0x4003084c                CONF_LOCAL_F_ModuleIdFromBoardNumberGet
                0x400308e6                CONF_LOCAL_F_GetBoardNumberFromKey
                0x40030a24                CONF_LOCAL_F_ReinitializeCorrespondenceTables
                0x40030a36                CONF_LOCAL_F_PrepareMyDatasetFileDescriptors
                0x40030ba8                CONF_LOCAL_F_GetIpStackInfo
                0x40030e8a                CONF_LOCAL_F_GetBoardCode
                0x40030eaa                CONF_F_GetOverTempThreshold
                0x40030ec2                CONF_F_GetDataVersion
                0x40030eda                CONF_F_GetCanFlashingPeriod
                0x40030ef2                CONF_F_IsFaultFilteringActive
                0x40030f0a                CONF_F_GetPDOStruct
                0x40030f26                CONF_F_GetRestrictiveValuesByPdoID
                0x40030ff6                CONF_F_GetSafetyID
                0x4003100a                CONF_F_GetOutputSafeData
                0x40031022                CONF_F_GetInputSafeData
                0x4003103a                CONF_F_GetGenericRedundancyArray
                0x40031052                CONF_F_GetBooleanRedundancyArray
                0x4003106a                CONF_F_GetFreezingTimer
                0x40031090                CONF_F_GetFreezingTimerByPdoId
                0x40031146                CONF_F_GetSnmpInfo
                0x400312ea                CONF_F_GetSntpIpServer
                0x400313f0                CONF_F_GetFsfb2SinglePort
                0x40031408                CONF_F_GetFsfb2RedoundedPort
                0x40031420                CONF_F_GetRSSP1_PrimaryCpuA_Port
                0x40031438                CONF_F_GetRSSP1_PrimaryCpuB_Port
                0x40031450                CONF_F_GetRSSP1_SecondaryCpuA_Port
                0x40031468                CONF_F_GetRSSP1_SecondaryCpuB_Port
                0x40031480                CONF_F_GetRSSP1_Session_Count
                0x40031498                CONF_F_GetFSFB2_Session_Count
                0x400314b0                CONF_F_GetUnsafetyNormPort
                0x400314c8                CONF_F_GetUnsafetyRedundPort
                0x400314e0                CONF_F_GetUsigUevolRedundancyInfo
                0x400314fe                CONF_F_GetIpStackInfoForValidationConfig
                0x400315a8                CONF_F_GetIpStackInfo
                0x40031812                CONF_F_IsRedundancyStandalone
                0x4003187c                CONF_F_GetUsigRedStructByIdx
                0x4003189e                CONF_F_GetUsigRssp1RedStructByIdx
                0x400318c0                CONF_F_GetUsigRedundancyStruct
                0x400318ec                CONF_F_GetUsigRssp1RedundancyStruct
                0x40031918                CONF_F_GetUsigRedundancyIPAddr
                0x400319b0                CONF_F_GetUsigIdentParamByDynId
                0x400319e0                CONF_F_GetUsigRssp1IdentParamByDynId
                0x40031a10                CONF_F_GetUsigIdentParamByEqId
                0x40031a40                CONF_F_GetUsigRssp1IdentParamByEqId
                0x40031a70                CONF_F_GetUsigParamStruct
                0x40031a9e                CONF_F_GetUsigRssp1ParamStruct
                0x40031acc                CONF_F_GetUsigTansPeriodByEqId
                0x40031b38                CONF_F_GetSrttTimeoutByEqId
                0x40031b5e                CONF_F_GetEqId
                0x40031b84                CONF_F_GetUsigOperation
                0x40031baa                CONF_F_GetProtocolType
                0x40031bd0                CONF_F_GetUsigFsfb2IdByIndex
                0x40031c02                CONF_F_GetFsfb2ParamByEqId
                0x40031c38                CONF_F_GetUsigRssp1IdByIndex
                0x40031c6a                CONF_F_GetRssp1ParamByEqId
                0x40031ca6                CONF_F_GetMessageArray
                0x40031ccc                CONF_F_GetSessionIdentArray
                0x40031ce4                CONF_F_GetAppliSubArea
                0x40031d04                CONF_F_GetModuleParametersInfo
                0x40031f6a                CONF_F_GetBoardTypeInKey
                0x40032010                CONF_F_GuessBoardType
                0x400320cc                CONF_F_GetDatasetPresence
                0x400322b6                CONF_F_GetReference
                0x400322d6                CONF_F_GetPresentation
                0x400322f6                CONF_F_GetRackAndSlot
                0x40032442                CONF_F_GetConfigBoardPosition
                0x40032576                CONF_F_GetMyBoardNumber
                0x400325c0                CONF_F_GetCanOpenODInfo
                0x400328ee                CONF_F_GetHwAndSwVersions
                0x40032a74                CONF_F_AddSourcesToFilesWithFuseInfo
                0x40032d9a                CONF_LOCAL_F_SaveLastIpConfiguration
                0x40032e0a                CONF_F_GetCobIdOfPdoTime
                0x40032e16                CONF_F_GetCobIdByPdoID
                0x40032ed0                CONF_F_GetFSFB2IdentItfVer
                0x40032f60                CONF_F_GetLocalBoardTypeInKey
 *fill*         0x40032f92        0x2 
 .text          0x40032f94     0x558a ../kernel/lib/CPU_B\libGCC_kernel.a(GCC_CONF_src.o)
                0x40032f94                CONF_SRC_APPKEY_F_GlobalConfHeaderFillCache
                0x40032fb4                CONF_SRC_APPKEY_F_GlobalParamHeaderFillCache
                0x40032fce                CONF_SRC_APPKEY_F_ConfDataFillCache
                0x40032fe8                CONF_SRC_APPKEY_F_GlobalFootprintFillCache
                0x40033002                CONF_SRC_APPKEY_F_GidFillCache
                0x4003301c                CONF_SRC_APPKEY_F_SourceIsVolatile
                0x40033026                CONF_SRC_APPKEY_F_SourceFileOpen
                0x40033216                CONF_SRC_APPKEY_F_SourceFileGetSize
                0x40033282                CONF_SRC_APPKEY_F_SourceFileAsyncFillCache
                0x40033352                CONF_SRC_APPKEY_F_Create
                0x4003356c                CONF_SRC_APPKEY_F_SourceInstanceGet
                0x40033642                CONF_SRC_KEY_F_GlobalHeaderConfPostRead
                0x40033a54                CONF_SRC_KEY_F_GlobalHeaderParamPostRead
                0x40033d06                CONF_SRC_KEY_F_EndReadActionCallBack
                0x40033d80                CONF_SRC_KEY_F_EndWriteActionCallBack
                0x40033f30                CONF_SRC_KEY_F_EndReadAction
                0x4003405e                CONF_SRC_ASYNC_F_EndReadAction
                0x40034184                CONF_SRC_ASYNC_F_EndWriteAction
                0x40034274                CONF_SRC_ASYNC_F_EndReadActionCallBack
                0x400342ec                CONF_SRC_ASYNC_F_EndWriteActionCallBack
                0x40034364                CONF_SRC_ASYNC_F_ReadDefault
                0x4003441c                CONF_SRC_ASYNC_F_ReadHeaderActionCallBack
                0x400345f4                CONF_SRC_ASYNC_F_ReadHeader
                0x400346ac                CONF_SRC_ASYNC_F_ReadHeaderParallelFlashActionCallBack
                0x400347f8                CONF_SRC_ASYNC_F_ReadHeaderParallelFlash
                0x400348b0                CONF_SRC_KEY_F_EraseCallBack
                0x400349be                CONF_SRC_KEY_F_Write
                0x40034ab8                CONF_SRC_ASYNC_F_AsyncFileOpProcess
                0x40034c5a                CONF_SRC_ASYNC_F_SetDefaultSize
                0x40034ca2                CONF_SRC_KEY_F_SourceFileGet
                0x40034eda                CONF_SRC_KEY_ExtractionFail
                0x4003505e                CONF_SRC_KEY_F_ManageRunLevel
                0x4003531c                CONF_SRC_KEY_F_SourcePeriodicTask
                0x400353ce                CONF_SRC_KEY_F_SourceIsVolatile
                0x400353d8                CONF_SRC_KEY_F_SourceFileOpen
                0x4003565c                CONF_SRC_KEY_F_SourceFileGetSize
                0x40035732                CONF_SRC_KEY_F_SourceFileAsyncFillCache
                0x40035850                CONF_SRC_KEY_F_SourceFileAsyncFlushCache
                0x40035960                CONF_SRC_KEY_F_ReadSpiIpActionCallBack
                0x40035b14                CONF_SRC_KEY_F_ReadReprogIpInfo
                0x40035be8                CONF_SRC_KEY_F_ReprogIpInfoPostRead
                0x40035f94                CONF_SRC_KEY_F_Create
                0x400365ec                CONF_SRC_KEY_F_SourceInstanceGet
                0x400366c2                CONF_SRC_PDA_F_PermanentPairingFillCache
                0x400367a0                CONF_SRC_PDA_F_TemporaryPairingFillCache
                0x40036880                CONF_SRC_PDA_F_DatasetFootprintsFillCache
                0x40036966                CONF_SRC_PDA_F_SourcePeriodicTask
                0x40036a0c                CONF_SRC_PDA_F_IsSourceVolatile
                0x40036a16                CONF_SRC_PDA_F_SourceFileOpen
                0x40036b70                CONF_SRC_PDA_F_SourceFileGetSize
                0x40036bde                CONF_SRC_PDA_F_SourceFileAsyncFillCache
                0x40036ca2                CONF_SRC_PDA_F_SourceFileAsyncFlushCache
                0x40036dfc                CONF_SRC_PDA_F_Create
                0x4003701e                CONF_SRC_PDA_F_SourceInstanceGet
                0x40037064                Drv_BID_F_SourcePeriodicTask
                0x4003714a                Drv_BID_F_SourceIsVolatile
                0x40037154                Drv_BID_F_SourceFileOpen
                0x4003723c                Drv_BID_F_SourceFileGetSize
                0x400372a8                Drv_BID_F_SourceFileAsyncFillCache
                0x40037370                Drv_BID_F_Create
                0x400373fa                Drv_BID_F_SourceInstanceGet
                0x4003748a                CONF_SRC_FLASH_F_EndReadActionCallBack
                0x40037536                CONF_SRC_FLASH_F_SourceFileFind
                0x400375e0                CONF_SRC_FLASH_F_UpdatePhysAddress
                0x4003770c                CONF_SRC_FLASH_F_EndWriteActionCallBack
                0x400377aa                CONF_SRC_FLASH_F_EraseCallBack
                0x4003788a                CONF_SRC_FLASH_F_SourcePeriodicTask
                0x400378f8                CONF_SRC_FLASH_F_SourceIsVolatile
                0x40037902                CONF_SRC_FLASH_F_SourceInstanceGet
                0x40037982                CONF_SRC_FLASH_F_Write
                0x40037a82                CONF_SRC_FLASH_F_SourceFileOpen
                0x40037dd0                CONF_SRC_FLASH_F_SourceFileGetSize
                0x40037e60                CONF_SRC_FLASH_F_SourceFileAsyncFlushCache
                0x40037f92                CONF_SRC_FLASH_F_SourceFileAsyncFillCache
                0x4003807e                CONF_SRC_FLASH_F_Create
 *fill*         0x4003851e        0x2 
 .text          0x40038520      0x844 ../kernel/lib/CPU_B\libGCC_kernel.a(GCC_FCODE.o)
                0x40038520                FCODE_F_Init
                0x400385b2                FCODE_F_MaintenanceReadyNotify
                0x400385c8                FCODE_F_GetDefaultPriority
                0x40038620                FCODE_F_LogDefaultToOBD
                0x4003872a                FCODE_F_FailureCodeClear
                0x40038a02                FCODE_F_FailureCodeSetExt
                0x40038cac                FCODE_F_FailureCodeSet
 .text          0x40038d64     0x5920 ../kernel/lib/CPU_B\libGCC_kernel.a(GCC_FILESYS.o)
                0x40038d64                FILESYS_F_MemoryAreaInit
                0x40038e22                FILESYS_F_BufferAllocator
                0x40038f88                FILESYS_F_DefaultCacheAllocator
                0x40039052                FILESYS_F_SubscribeSource
                0x4003927e                FILESYS_F_FindFileInList
                0x400393da                FILESYS_F_FindFileInFs
                0x400394fc                FILESYS_F_FileCreate
                0x4003983e                FILESYS_F_FileCreateExt
                0x40039918                FILESYS_F_SymLinkCreate
                0x40039b90                FILESYS_F_SymLinkCreateExt
                0x40039c44                FILESYS_F_RequestResetFileCache
                0x40039de2                FILESYS_F_TryAllocation
                0x4003a0c6                FILESYS_F_FileBuildUserFileDesc
                0x4003a300                FILESYS_F_FileStatusSet
                0x4003a688                FILESYS_F_FileStatusGet
                0x4003a80c                FILESYS_F_SourceAppend
                0x4003a9c0                FILESYS_F_VirtualSourceSet
                0x4003ab36                FILESYS_F_FileWrite
                0x4003ac84                FILESYS_F_FileReadSeq
                0x4003ae12                FILESYS_F_FileRead
                0x4003aee4                FILESYS_F_FileOpen
                0x4003af9c                FILESYS_F_FileGetSize
                0x4003b086                FILESYS_F_FileRegisterNotificationCB
                0x4003b118                FILESYS_F_FileDescSetOutdated
                0x4003b26e                FILESYS_F_FileSetOutdated
                0x4003b3e4                FILESYS_F_FileVirtualSetUpToDate
                0x4003b572                FILESYS_F_FileAskReFill
                0x4003b706                FILESYS_F_FileAskFlush
                0x4003b8b0                FILESYS_F_FileRefresh
                0x4003ba10                FILESYS_F_FileGetAccess
                0x4003bb3e                FILESYS_F_InvalidateCache
                0x4003bbc2                FILESYS_F_FileVirtualSetUnavailable
                0x4003bd34                FILESYS_F_FileCacheInvalidate
                0x4003be54                FILESYS_F_DoubleBufferNewDataAvailable
                0x4003bfb0                FILESYS_F_DoubleBufferSwitch
                0x4003c21e                FILESYS_F_SourceRecover
                0x4003c388                FILESYS_F_CopySourceInstanceGet
                0x4003c494                FILESYS_F_MonitorFileActivity
                0x4003c522                FILESYS_F_IsAMonitoredFile
                0x4003c66c                FILESYS_F_ResetFileCache
                0x4003cb72                FILESYS_F_MoveElemToDestListTail
                0x4003cc34                FILESYS_F_ManageResetCacheAction
                0x4003ccfc                FILESYS_F_ManageFlushFileAction
                0x4003d006                FILESYS_F_FileFillCacheNotifyCb
                0x4003d198                FILESYS_F_FillCache
                0x4003d80a                FILESYS_F_ManageSourceOfOutdatedFile
                0x4003dc4c                FILESYS_F_ReFillingCacheOfFile
                0x4003de2c                FILESYS_F_ProcessSourcePeriodicTask
                0x4003e004                FILESYS_F_Create
                0x4003e26e                FILESYS_F_Config
                0x4003e288                FILESYS_F_Task
                0x4003e56c                FILESYS_F_DatasetRetreivalAllow
                0x4003e588                FILESYS_F_DatasetRetreivalIsInProgressGet
                0x4003e5b2                FILESYS_F_ProtocolVersionGet
                0x4003e5fa                FILESYS_F_TFTPServiceInit
 .text          0x4003e684      0x414 ../kernel/lib/CPU_B\libGCC_kernel.a(GCC_FILESYS_int.o)
                0x4003e684                FILESYS_INT_SRC_F_SourceIsVolatile
                0x4003e68e                FILESYS_INT_SRC_F_SourceFileOpen
                0x4003e8ae                FILESYS_INT_SRC_F_SourceFileGetSize
                0x4003e95a                FILESYS_INT_SRC_F_CopySourceFileAsyncFillCache
                0x4003ea38                FILESYS_INT_SRC_F_SourceInit
 .text          0x4003ea98     0x42de ../kernel/lib/CPU_B\libGCC_kernel.a(GCC_FILESYS_tftp.o)
                0x4003ea98                FILESYS_TFTP_SRC_F_EntryReset
                0x4003ecf4                FILESYS_TFTP_SRC_F_SourceInstanceCreate
                0x4003ee48                FILESYS_TFTP_SRC_F_IsSourceVolatile
                0x4003ee52                FILESYS_TFTP_SRC_F_SourceFileGetSize
                0x4003eee2                FILESYS_TFTP_SRC_F_SourceFileAsyncFillCache
                0x4003f1e8                FILESYS_TFTP_SRC_F_SourceInstanceGet
                0x4003f334                FILESYS_TFTP_SRC_SourceFileOpen
                0x4003f8d4                FILESYS_TFTP_SRC_F_CheckPendingTimerStatus
                0x4003f978                FILESYS_TFTP_F_ServiceClose
                0x4003f9ca                FILESYS_TFTP_F_GetPrioFromIPAddr
                0x4003fa6e                FILESYS_TFTP_SRC_F_FileStatusGet
                0x4003fd94                FILESYS_TFTP_SRC_F_FileContentRead
                0x400400ba                FILESYS_TFTP_SRC_F_FileStatusGetCheck
                0x40040906                FILESYS_TFTP_SRC_F_FileContentReadCheck
                0x40040c4c                FILESYS_TFTP_SRC_F_PeriodicTask
                0x40041c56                FILESYS_TFTP_F_ServiceOpen
                0x40042100                FILESYS_TFTP_F_ManageCommandDetail
                0x40042602                FILESYS_TFTP_F_ManageCommandRead
                0x4004297e                FILESYS_TFTP_F_ManageCommandInfo
                0x40042b0c                FILESYS_TFTP_F_GetNewSession
                0x40042c14                FILESYS_TFTP_F_ExtractGivenFile
 *fill*         0x40042d76        0x2 
 .text          0x40042d78      0x270 ../kernel/lib/CPU_B\libGCC_kernel.a(GCC_Flash.o)
                0x40042d78                FLASH_F_PreInit
                0x40042d8e                FLASH_F_Create
                0x40042de0                FLASH_F_Task
                0x40042e42                FLASH_F_SuspendDirect
                0x40042e7e                FLASH_F_ResumeDirect
                0x40042eba                FLASH_F_EraseDirect
                0x40042f00                FLASH_F_WriteDirect
                0x40042f4a                FLASH_F_ReadDirect
                0x40042f94                FLASH_F_MemsetDirect
 .text          0x40042fe8     0x1636 ../kernel/lib/CPU_B\libGCC_kernel.a(GCC_Flash_Async.o)
                0x40042fe8                FLASH_ASYNC_F_Init
                0x40043040                FLASH_ASYNC_F_GetSubscribedDev
                0x400430c0                FLASH_ASYNC_F_SubscribeFlashDevice
                0x400435b8                FLASH_ASYNC_F_GetFlashDevice
                0x400435f0                FLASH_ASYNC_F_MallocAction
                0x40043694                FLASH_ASYNC_F_PostActionToPrioQ
                0x400437fa                FLASH_F_AskLock
                0x4004387c                FLASH_F_Unlock
                0x400438cc                FLASH_F_EraseAsync
                0x4004395e                FLASH_F_WriteAsync
                0x40043a00                FLASH_F_MemsetAsync
                0x40043aaa                FLASH_F_ReadAsync
                0x40043b76                FLASH_ASYNC_F_GetCurrentActionInfo
                0x40043dc4                FLASH_ASYNC_F_StoreInCurrentActionList
                0x40043ed2                FLASH_ASYNC_F_BoostPrioSuspendedAction
                0x40043fbc                FLASH_ASYNC_F_EvaluateActionsOnAllFlash
                0x4004442c                FLASH_ASYNC_F_ActionProcess
 *fill*         0x4004461e        0x2 
 .text          0x40044620      0xca0 ../kernel/lib/CPU_B\libGCC_kernel.a(GCC_Flash_Direct.o)
                0x40044620                FLASH_DRV_F_InitActionCtx
                0x40044680                FLASH_DRV_F_ContinueLastOperation
                0x4004482c                FLASH_DRV_F_GetPartAccessSize
                0x40044a98                FLASH_DRV_F_StartNewOperation
                0x40044e3e                FLASH_DRV_F_AccessPart
                0x40044f2c                FLASH_DRV_F_Suspend
                0x40044f7c                FLASH_DRV_F_Resume
                0x40044fcc                FLASH_DRV_F_Erase
                0x4004507e                FLASH_DRV_F_Write
                0x4004514a                FLASH_DRV_F_Read
                0x40045216                FLASH_DRV_F_Memset
 .text          0x400452c0      0xaae ../kernel/lib/CPU_B\libGCC_kernel.a(GCC_gdf.o)
                0x4004530c                GDF_F_FileNameCrcCompute
                0x400453ba                GDF_F_FusesWrite
                0x400454ba                GDF_F_FuseSwBurnArea
                0x400454fe                GDF_F_FuseSystemInSafety
                0x40045a78                GDF_F_FuseXirq
                0x40045bfc                GDF_F_LogInternal
                0x40045c66                GDF_F_DumpStack
                0x40045cfe                GDF_F_FaultInternal
 *fill*         0x40045d6e        0x2 
 .text          0x40045d70      0x8cc ../kernel/lib/CPU_B\libGCC_kernel.a(GCC_gdf_dump_tools.o)
                0x40045d70                GDF_DUMP_TOOLS_F_MemorizeModeBeforeGdf
                0x40045d9a                GDF_DUMP_TOOLS_F_WritePart
                0x4004608c                GDF_DUMP_TOOLS_F_DumpBuffer
                0x40046178                GDF_DUMP_TOOLS_F_DumpMemory
                0x400465b4                GDF_DUMP_TOOLS_F_FaultFilteringStoreInfo
 .text          0x4004663c      0x4d6 ../kernel/lib/CPU_B\libGCC_kernel.a(GCC_MATH.o)
                0x4004663c                MATH_F_ComputeCRC32CCITT
                0x400466f2                MATH_F_LfsrShiftRight
                0x40046744                MATH_F_LfsrPost
                0x4004676e                MATH_F_LfsrSub
                0x40046798                MATH_F_LfsrAdd
                0x40046800                MATH_F_ComputeCRC32FSFB2ChanOne
                0x400468fa                MATH_F_ComputeCRC16CCITT
                0x40046a06                MATH_F_KeyScramble
 *fill*         0x40046b12        0x2 
 .text          0x40046b14     0x2500 ../kernel/lib/CPU_B\libGCC_kernel.a(GCC_osw.o)
                0x40046b14                OSW_F_MemCreate
                0x40046c6e                OSW_F_MemGet
                0x40046e42                OSW_F_MemPut
                0x40046eb2                OSW_F_SemCreate
                0x40046edc                OSW_F_SemPend
                0x40047008                OSW_F_SemPost
                0x4004704c                OSW_F_SemAccept
                0x40047090                OSW_F_QCreate
                0x400470e2                OSW_F_QPost
                0x40047152                OSW_F_QPostFront
                0x400471c2                OSW_F_QPend
                0x400472f8                OSW_F_QAccept
                0x40047368                OSW_F_FlagCreate
                0x400473b4                OSW_F_FlagPost
                0x40047438                OSW_F_FlagAccept
                0x400474c0                OSW_F_FlagPend
                0x4004760a                OSW_F_TimeDly
                0x4004762a                OSW_F_TickGet
                0x40047638                OSW_F_TempoStart
                0x400476b8                OSW_F_TempoReload
                0x400477d8                OSW_F_TempoState
                0x4004787c                OSW_F_TempoRemainingTick
                0x400479b0                OSW_F_TempoStop
                0x40047a0c                OSW_F_TaskPrioGet
                0x40047a54                OSW_F_IsOsStarted
                0x40047a78                OSW_F_PrioQCreate
                0x40047b5e                OSW_F_PrioQAddLevel
                0x40047e38                OSW_F_ExtractMostPrioMessage
                0x40047f42                OSW_F_PrioQPend
                0x400480f4                OSW_F_PrioQAccept
                0x400481f0                OSW_F_PrioQPost
                0x40048400                OSW_F_PrioQHasPrioMessage
                0x400484b6                OSW_F_ListInit
                0x40048514                OSW_F_ListInsertBefore
                0x400485e0                OSW_F_ListAddToTail
                0x400486ac                OSW_F_ListInsertAfter
                0x4004877c                OSW_F_ListAddToHead
                0x4004884c                OSW_F_ListExtractFromHead
                0x40048942                OSW_F_ListExtractFromTail
                0x40048a2c                OSW_F_ListRemove
                0x40048b2c                OSW_F_ListGetNext
                0x40048ba4                OSW_F_FifoInit
                0x40048c94                OSW_F_FifoExtract
                0x40048d7c                OSW_F_FifoInsert
                0x40048e9e                OSW_F_QQuery
                0x40048f1c                OSW_F_SemQuery
                0x40048f96                OSW_F_MemQuery
 .text          0x40049014     0x1348 ../kernel/lib/CPU_B\libGCC_kernel.a(GCC_print.o)
                0x40049014                PRINT_F_HardwareInit
                0x4004942c                PRINT_F_PrintfWithTaintInfo
                0x4004973a                PRINT_F_PrintfInternal
                0x40049790                PRINT_F_Create
                0x4004999c                PRINT_F_Config
                0x400499a6                PRINT_F_Start
                0x400499c8                PRINT_F_Task
                0x40049a5c                PRINT_F_ReportActiveIntegration
                0x40049a8a                PRINT_F_PrintfAuth
                0x40049c68                PRINT_F_Report
                0x4004a23c                PRINT_F_Printf
                0x4004a2b0                DTXT_F_Report
                0x4004a2f4                DTXT_F_Printf
 .text          0x4004a35c     0x12ea ../kernel/lib/CPU_B\libGCC_kernel.a(GCC_RECORD.o)
                0x4004a35c                RECORD_F_CheckIntegrity
                0x4004a7f6                RECORD_F_EStampGetContents
                0x4004addc                RECORD_F_Task
                0x4004aeb2                RECORD_F_Start
                0x4004b028                RECORD_F_StMainIdle
                0x4004b10c                RECORD_F_StMainEventWrite
                0x4004b284                RECORD_F_StMainBackupLog
                0x4004b3fc                RECORD_F_StMainFlush
                0x4004b550                RECORD_F_Create
                0x4004b5f6                RECORD_F_GetElecStampStatus
                0x4004b604                RECORD_F_SetElecStampStatus
 *fill*         0x4004b646        0x2 
 .text          0x4004b648     0x11a8 ../kernel/lib/CPU_B\libGCC_kernel.a(GCC_RECORD_evt.o)
                0x4004b648                RECORD_EVT_F_IsBackupNeeded
                0x4004b66e                RECORD_EVT_F_LogInit
                0x4004b6f6                RECORD_EVT_F_LogRun
                0x4004b7cc                RECORD_EVT_F_BackupInit
                0x4004b82a                RECORD_EVT_F_BackupRun
                0x4004b85c                RECORD_EVT_F_StEvtLock
                0x4004b96a                RECORD_EVT_F_EventDirectWrite
                0x4004ba2c                RECORD_EVT_F_StEvtWrite
                0x4004bb10                RECORD_EVT_F_StEvtBckRead
                0x4004beb8                RECORD_EVT_F_StEvtBckErase
                0x4004bfd8                RECORD_EVT_F_StEvtBckVersionCrc
                0x4004c128                RECORD_EVT_F_IsEvtLogNeeded
                0x4004c1a0                RECORD_EVT_F_EventStructureVersionCheck
                0x4004c32c                RECORD_F_EventLogFreeSpaceManage
                0x4004c532                RECORD_F_EventDirectLog
                0x4004c59c                RECORD_F_EventLog
                0x4004c742                RECORD_EVT_F_Create
 .text          0x4004c7f0     0x2444 ../kernel/lib/CPU_B\libGCC_kernel.a(GCC_RECORD_pda.o)
                0x4004c83c                RECORD_PDA_F_SwitchFrontAndBackAreaBuffers
                0x4004c86a                RECORD_PDA_F_GetAreaIndexFromId
                0x4004c92a                RECORD_F_AskFlush
                0x4004ca26                RECORD_F_AskFlushDirect
                0x4004ca72                RECORD_F_ReserveArea
                0x4004cd2a                RECORD_PDA_F_IsFlushNeeded
                0x4004cd66                RECORD_PDA_F_FlushRun
                0x4004cd98                RECORD_PDA_F_InitRun
                0x4004cdca                RECORD_PDA_F_StInitCompareFrontAndBack
                0x4004d008                RECORD_PDA_F_FlushInit
                0x4004d070                RECORD_PDA_F_InitInit
                0x4004d0e0                RECORD_PDA_F_StFlushInit
                0x4004d55a                RECORD_PDA_F_StFlushEnd
                0x4004d8a0                RECORD_PDA_F_StFlushWriteSecondSector
                0x4004d978                RECORD_PDA_F_StFlushWriteFirstSector
                0x4004da9c                RECORD_PDA_F_StInitCopyRefSector
                0x4004dbc4                RECORD_PDA_F_StInitCheckHeaders
                0x4004df00                RECORD_PDA_F_StInitResetAll
                0x4004e0fa                RECORD_PDA_F_Create
                0x4004e156                RECORD_PDA_F_StInitOk
                0x4004e276                RECORD_PDA_F_StInitHeaderDiffCheckRef
                0x4004e3b4                RECORD_PDA_F_StInitHeaderEqualCheckSecond
                0x4004e4c4                RECORD_PDA_F_StInitHeaderEqualCheckFirst
                0x4004e5cc                RECORD_F_Write
                0x4004e8fc                RECORD_F_WriteDirect
                0x4004e98c                RECORD_F_Read
 .text          0x4004ec34     0x186c ../kernel/lib/CPU_B\libGCC_kernel.a(GCC_RECORD_sector.o)
                0x4004ec34                RECORD_SECTOR_F_RunReadSector
                0x4004ec66                RECORD_SECTOR_F_RunWriteSector
                0x4004ec98                RECORD_SECTOR_F_StRdPrepareNextRead
                0x4004ee46                RECORD_SECTOR_F_StRdStart
                0x4004eeee                RECORD_SECTOR_F_InitReadSector
                0x4004f006                RECORD_SECTOR_F_InitWriteSector
                0x4004f0f4                RECORD_SECTOR_F_StRdAreaHeader
                0x4004f462                RECORD_SECTOR_F_StRdAreaData
                0x4004f814                RECORD_SECTOR_F_StRdEnd
                0x4004f8e8                RECORD_SECTOR_F_StWrSectErase
                0x4004fa0c                RECORD_SECTOR_F_StWrSectStatus
                0x4004fb4a                RECORD_SECTOR_F_StWrSectCpt
                0x4004fc86                RECORD_SECTOR_F_StWrSectWriteAreaHeaderStatus
                0x4004ff22                RECORD_SECTOR_F_StWrSectWriteAreaHeaderCrc
                0x400501ca                RECORD_SECTOR_F_StWrSectWriteAreaData
 .text          0x400504a0     0x10a8 ../kernel/lib/CPU_B\libGCC_kernel.a(GCC_RECORD_stat.o)
                0x400504ec                RECORD_STAT_F_CreatePareto
                0x40050596                RECORD_STAT_F_EnablePareto
                0x400505ee                RECORD_STAT_F_UpdatePareto
                0x400506f8                RECORD_STAT_F_DisablePareto
                0x40050750                RECORD_STAT_F_InitStatistic
                0x4005084e                RECORD_STAT_F_EnableStatistic
                0x400508bc                RECORD_STAT_F_DisableStatistic
                0x4005092c                RECORD_STAT_F_IsStatisticEnabled
                0x40050964                RECORD_STAT_F_ResetStatistic
                0x40050a04                RECORD_STAT_F_StartStopwatch
                0x40050a9e                RECORD_STAT_F_StopStopwatch
                0x40050be4                RECORD_STAT_F_ResetStopwatch
                0x40050c5c                RECORD_STAT_F_StopwatchElapsedTime
                0x40050da6                RECORD_STAT_F_StoreStatisticValue
                0x40050f9a                RECORD_STAT_F_GetGlobalMinValue
                0x40051020                RECORD_STAT_F_GetGlobalMaxValue
                0x400510a6                RECORD_STAT_F_GetGlobalNbValues
                0x40051112                RECORD_STAT_F_GetGlobalSumValue
                0x40051198                RECORD_STAT_F_GetGlobalAverageValue
                0x40051234                RECORD_STAT_F_GetMinValueFromRecords
                0x40051322                RECORD_STAT_F_GetMaxValueFromRecords
                0x40051410                RECORD_STAT_F_GetAverageValueFromRecords
 .text          0x40051548      0x738 ../kernel/lib/CPU_B\libGCC_kernel.a(GCC_RECORD_utl.o)
                0x40051594                RECORD_UTL_F_StChIsFinished
                0x400515ec                RECORD_UTL_F_StChChangeState
                0x4005163e                RECORD_UTL_F_StChRunState
                0x40051738                RECORD_UTL_F_StChInit
                0x4005178e                RECORD_UTL_F_LogEnteringState
                0x40051808                RECORD_UTL_F_FlashEndOperationNotif
                0x4005191a                RECORD_UTL_F_InitFlashEndOpNotif
                0x400519be                RECORD_UTL_F_SpiFlashReadWaitFlag
                0x40051ab8                RECORD_UTL_F_SpiFlashWriteWaitFlag
                0x40051bb2                RECORD_UTL_F_SpiFlashEraseWaitFlag
 .text          0x40051c80     0x1ec2 ../kernel/lib/CPU_B\libGCC_kernel.a(GCC_Schedule.o)
                0x40051c80                SCHED_F_GetFlashingGpioState
                0x40051d0a                SCHED_F_TickHook
                0x40053406                SCHED_F_PreInit
                0x4005357c                SCHED_F_CreateAndStart
                0x40053650                SCHED_P_Task
                0x4005389c                SCHED_F_FlashingHalfPeriodSet
                0x400538b8                SCHED_F_CommonTimeInit
                0x40053904                SCHED_F_CommonTimeGet
                0x4005395e                SCHED_F_CommonTimeReSynchronization
                0x40053b26                SCHED_F_IsCommonTimeSynchronized
                0x40053b34                SCHED_F_RunlevelGet
 *fill*         0x40053b42        0x2 
 .text          0x40053b44      0x884 ../kernel/lib/CPU_B\libGCC_kernel.a(GCC_Schedule_gta.o)
                0x40053b98                SCHED_GTA_F_Init
                0x40053c3a                SCHED_GTA_F_Create
                0x40053e42                SCHED_GTA_F_WaitForConfig
                0x40053f6a                SCHED_GTA_F_Config
                0x40054092                SCHED_GTA_F_WaitForStart
                0x40054220                SCHED_GTA_F_Start
                0x40054346                SCHED_GTA_F_StartCompleted
 .text          0x400543c8     0x24ca ../kernel/lib/CPU_B\libGCC_kernel.a(GCC_Schedule_launcher.o)
                0x400543c8                SCHED_LAUNCHER_F_BootFailedDisableUnusedTasks
                0x400544f2                SCHED_F_GetTaskIdFromPriority
                0x40054584                SCHED_F_GetPriorityFromTaskId
                0x40054612                SCHED_F_SetTaskRestrictiveModeOk
                0x40054700                SCHED_F_IsTaskStarted
                0x4005480c                SCHED_F_GetNumberNominalTask
                0x4005485c                SCHED_LAUNCHER_F_EvaluateCycleWakeUp
                0x40054b4a                SCHED_LAUNCHER_F_WakeupAllPeriodicTasks
                0x40054d3e                SCHED_LAUNCHER_F_RunLevelConfig
                0x40054e0e                SCHED_LAUNCHER_F_RunLevelStart
                0x40055012                SCHED_LAUNCHER_F_RunLevelLaunch
                0x4005506e                SCHED_LAUNCHER_F_CreateAllTasks
                0x40055100                SCHED_LAUNCHER_F_FSFB2AndRSSP1ActiveSet
                0x400551b2                SCHED_LAUNCHER_F_CreateWDG
                0x4005657c                SCHED_LAUNCHER_F_PrepareStartup
 *fill*         0x40056892        0x2 
 .text          0x40056894     0x1938 ../kernel/lib/CPU_B\libGCC_kernel.a(GCC_Schedule_utl.o)
                0x40056894                SCHED_F_SetBootFuseState
                0x400568a8                SCHED_F_BootFuseState
                0x400568b6                SCHED_UTL_F_SetBoardMode
                0x400568ca                SCHED_F_GetBoardMode
                0x400568d8                SCHED_UTL_F_SetNetworkLeds
                0x4005690a                SCHED_F_GetLedCan
                0x40056918                SCHED_F_GetLedEth1
                0x40056926                SCHED_F_GetLedEth2
                0x40056934                SCHED_F_GetLedMaster
                0x40056942                SCHED_F_MasterLedSet
                0x40056964                SCHED_F_MasterLedClear
                0x40056986                SCHED_F_EthLedClear
                0x400569dc                SCHED_F_EthLedToggle
                0x40056a32                SCHED_UTL_F_SetFlashingGpio
                0x40056ae2                SCHED_F_GetFlashingGpioInter
                0x40056af0                SCHED_F_GetFlashingGpioIntra
                0x40056afe                SCHED_UTL_F_SetMaintenanceTable
                0x40056b40                SCHED_F_GetMaintenanceTable
                0x40056bac                SCHED_UTL_F_SetForceBid
                0x40056be0                SCHED_F_IsBidForced
                0x40056bee                SCHED_F_GetForcedBidValue
                0x40056c18                SCHED_UTL_F_UserDataSet
                0x40056c6c                SCHED_F_UserDataGet
                0x40056c94                SCHED_F_UserDataIsProvided
                0x40056ca2                SCHED_F_SetReprogSafetyFlagValue
                0x40056cb6                SCHED_F_GetReprogSafetyFlagValue
                0x40056cc4                SCHED_F_SetReprogAuthoCallBack
                0x40056cd8                SCHED_F_GetReprogAuthoCallBack
                0x40056ce6                SCHED_UTL_F_GuestMemoryInfoSet
                0x40056d2c                SCHED_F_GuestKeyMemoryGet
                0x40056d5a                SCHED_F_GuestParamMemoryGet
                0x40056dd0                SCHED_F_GuestConfMemoryGet
                0x40056e46                SCHED_F_SetConfigKeyStatus
                0x40056eb4                SCHED_UTL_F_GetConfigKeyStatus
                0x40056ec2                SCHED_F_SetInitialFunctionalMode
                0x40056ffc                SCHED_F_SetFunctionalModeSafeState
                0x40057016                SCHED_UTL_F_SetFunctionalMode
                0x4005703e                SCHED_F_IsFunctionalModeDefined
                0x4005704c                SCHED_F_GetFunctionalMode
                0x4005705a                SCHED_UTL_F_IsNominalModeReached
                0x40057068                SCHED_UTL_F_GetRestrictiveTransitionState
                0x40057076                SCHED_UTL_F_GetStandbyTransitionState
                0x40057084                SCHED_F_IsRestrictiveTransition
                0x400570ae                SCHED_UTL_F_IsStandbyTransitionAllowed
                0x400571ea                SCHED_F_EndRestrictiveEventReasonLoggedCallback
                0x400571fc                SCHED_F_SwitchRestrictiveMode
                0x40057308                SCHED_F_SwitchStandbyModeRequest
                0x4005740a                SCHED_F_SetModeDownFlag
                0x4005741c                SCHED_F_GetModeDownFlag
                0x4005742a                SCHED_F_ClearModeDownFlag
                0x40057442                SCHED_F_SetModeUpFlag
                0x40057454                SCHED_F_GetModeUpFlag
                0x40057462                SCHED_F_ClearModeUpFlag
                0x40057474                SCHED_UTL_F_NotifyRestrictiveRequestSent
                0x40057486                SCHED_UTL_F_NotifyRemoteTransitionState
                0x40057502                SCHED_UTL_F_ManageRestrictiveSwitch
                0x40057880                SCHED_UTL_F_RestrictiveTransitionProtection
                0x400578e0                SCHED_F_IsBoardRestrictive
                0x400578ee                SCHED_F_ResetWhenInRestrictiveMode
                0x40057900                SCHED_F_GetResetWhenInRestrictiveMode
                0x4005790e                SCHED_F_SwitchRestrictiveModeAndReset
                0x40057932                SCHED_F_IsResetNeeded
                0x40057bc2                SCHED_F_RecordSwicthModeCB
                0x40057ca4                SCHED_F_SwitchNormalMode
                0x40057e86                SCHED_F_SwitchStandbyMode
                0x40058022                SCHED_F_BootStateSet
                0x40058036                SCHED_F_BootStateGet
                0x40058044                SCHED_F_NbFaultFilteringRebootSet
                0x40058058                SCHED_F_NbFaultFilteringRebootGet
                0x40058066                SCHED_F_IsFunctionalModeRestrictive
                0x400580c2                SCHED_F_ExtractRunningMode
                0x4005815c                SCHED_F_GetRunMemoryString
                0x40058172                SCHED_F_TaskInfoConfigure
 .text          0x400581cc        0x0 ../kernel/lib/CPU_B\libGCC_kernel.a(GCC_VCU_Start.o)
 .text          0x400581cc     0x5c82 ../kernel/lib/CPU_B\libGCC_kernel.a(GCC_SDB.o)
                0x400581cc                SDB_F_Init
                0x400584ae                SDB_F_IsSynchronised
                0x400584da                SDB_F_PresenceTableRead
                0x400585e6                SDB_F_PresenceTableFill
                0x400586ac                SDB_F_NotificationAdd