Archive member included to satisfy reference by file (symbol)

../kernel/lib/CPU_B\libGCC_kernel.a(GCC_VCU_Start_Asm.o)
                              (_startup)
../kernel/lib/CPU_B\libGCC_kernel.a(GCC_mstep.o)
                              ./out/CPU_B/GCC_guest.o (MSTEP_F_TftpServiceSubscribe)
../kernel/lib/CPU_B\libGCC_kernel.a(GCC_BIT_fuse.o)
                              ../kernel/lib/CPU_B\libGCC_kernel.a(GCC_mstep.o) (BIT_F_SafetyFlagBreak)
../kernel/lib/CPU_B\libGCC_kernel.a(GCC_BIT_survey.o)
                              ../kernel/lib/CPU_B\libGCC_kernel.a(GCC_mstep.o) (BIT_F_GetParameters)
../kernel/lib/CPU_B\libGCC_kernel.a(GCC_can.o)
                              ../kernel/lib/CPU_B\libGCC_kernel.a(GCC_mstep.o) (CAN_F_CanBusActiveChannelGet)
../kernel/lib/CPU_B\libGCC_kernel.a(GCC_can_ard.o)
                              ../kernel/lib/CPU_B\libGCC_kernel.a(GCC_can.o) (CAN_ARD_F_FirstFrameMemblockGet)
../kernel/lib/CPU_B\libGCC_kernel.a(GCC_can_config.o)
                              ../kernel/lib/CPU_B\libGCC_kernel.a(GCC_can.o) (CAN_CONF_F_GetFlashingPeriod)
../kernel/lib/CPU_B\libGCC_kernel.a(GCC_can_emcy.o)
                              ../kernel/lib/CPU_B\libGCC_kernel.a(GCC_can.o) (CAN_EMCY_F_EmcyReceive)
../kernel/lib/CPU_B\libGCC_kernel.a(GCC_can_od.o)
                              ../kernel/lib/CPU_B\libGCC_kernel.a(GCC_can.o) (CAN_F_ODVersionGet)
../kernel/lib/CPU_B\libGCC_kernel.a(GCC_can_odplug.o)
                              ../kernel/lib/CPU_B\libGCC_kernel.a(GCC_can_od.o) (CAN_ODPLUG_F_CheckFilter)
../kernel/lib/CPU_B\libGCC_kernel.a(GCC_can_open.o)
                              ../kernel/lib/CPU_B\libGCC_kernel.a(GCC_can_od.o) (CAN_OPEN_V_ODVersion)
../kernel/lib/CPU_B\libGCC_kernel.a(GCC_can_saddle.o)
                              ../kernel/lib/CPU_B\libGCC_kernel.a(GCC_can_ard.o) (CAN_SADDLE_F_StoreRecvFrame)
../kernel/lib/CPU_B\libGCC_kernel.a(GCC_can_safety.o)
                              ../kernel/lib/CPU_B\libGCC_kernel.a(GCC_can.o) (CAN_F_SafetyConfigure)
../kernel/lib/CPU_B\libGCC_kernel.a(GCC_can_sdo.o)
                              ../kernel/lib/CPU_B\libGCC_kernel.a(GCC_can_od.o) (CAN_SDO_F_ConvertErrorCode)
../kernel/lib/CPU_B\libGCC_kernel.a(GCC_can_time.o)
                              ../kernel/lib/CPU_B\libGCC_kernel.a(GCC_mstep.o) (CAN_F_TimeCanOpenGet)
../kernel/lib/CPU_B\libGCC_kernel.a(GCC_CONF.o)
                              ../kernel/lib/CPU_B\libGCC_kernel.a(GCC_can_config.o) (CONF_F_ValidationFuncSubscribe)
../kernel/lib/CPU_B\libGCC_kernel.a(GCC_CONF_local.o)
                              ../kernel/lib/CPU_B\libGCC_kernel.a(GCC_mstep.o) (CONF_F_GetDataVersion)
../kernel/lib/CPU_B\libGCC_kernel.a(GCC_CONF_src.o)
                              ../kernel/lib/CPU_B\libGCC_kernel.a(GCC_CONF_local.o) (Drv_BID_F_SourceInstanceGet)
../kernel/lib/CPU_B\libGCC_kernel.a(GCC_FCODE.o)
                              ../kernel/lib/CPU_B\libGCC_kernel.a(GCC_CONF.o) (FCODE_F_FailureCodeClear)
../kernel/lib/CPU_B\libGCC_kernel.a(GCC_FILESYS.o)
                              ../kernel/lib/CPU_B\libGCC_kernel.a(GCC_CONF_local.o) (FILESYS_F_MemoryAreaInit)
../kernel/lib/CPU_B\libGCC_kernel.a(GCC_FILESYS_int.o)
                              ../kernel/lib/CPU_B\libGCC_kernel.a(GCC_FILESYS.o) (FILESYS_INT_SRC_V_CopySourceDesc)
../kernel/lib/CPU_B\libGCC_kernel.a(GCC_FILESYS_tftp.o)
                              ../kernel/lib/CPU_B\libGCC_kernel.a(GCC_FILESYS.o) (FILESYS_TFTP_V_bModuleDatasetRetrivalAllowed)
../kernel/lib/CPU_B\libGCC_kernel.a(GCC_Flash.o)
                              ../kernel/lib/CPU_B\libGCC_kernel.a(GCC_BIT_fuse.o) (FLASH_F_EraseDirect)
../kernel/lib/CPU_B\libGCC_kernel.a(GCC_Flash_Async.o)
                              ../kernel/lib/CPU_B\libGCC_kernel.a(GCC_Flash.o) (FLASH_ASYNC_F_Init)
../kernel/lib/CPU_B\libGCC_kernel.a(GCC_Flash_Direct.o)
                              ../kernel/lib/CPU_B\libGCC_kernel.a(GCC_Flash_Async.o) (FLASH_DRV_F_InitActionCtx)
../kernel/lib/CPU_B\libGCC_kernel.a(GCC_gdf.o)
                              ../kernel/lib/CPU_B\libGCC_kernel.a(GCC_BIT_fuse.o) (GDF_F_FusesWrite)
../kernel/lib/CPU_B\libGCC_kernel.a(GCC_gdf_dump_tools.o)
                              ../kernel/lib/CPU_B\libGCC_kernel.a(GCC_gdf.o) (GDF_DUMP_TOOLS_F_MemorizeModeBeforeGdf)
../kernel/lib/CPU_B\libGCC_kernel.a(GCC_MATH.o)
                              ../kernel/lib/CPU_B\libGCC_kernel.a(GCC_mstep.o) (MATH_F_ComputeCRC32CCITT)
../kernel/lib/CPU_B\libGCC_kernel.a(GCC_osw.o)
                              ../kernel/lib/CPU_B\libGCC_kernel.a(GCC_can.o) (OSW_F_MemCreate)
../kernel/lib/CPU_B\libGCC_kernel.a(GCC_print.o)
                              ../kernel/lib/CPU_B\libGCC_kernel.a(GCC_gdf.o) (PRINT_F_PrintfAuth)
../kernel/lib/CPU_B\libGCC_kernel.a(GCC_RECORD.o)
                              ../kernel/lib/CPU_B\libGCC_kernel.a(GCC_CONF_local.o) (RECORD_F_CheckIntegrity)
../kernel/lib/CPU_B\libGCC_kernel.a(GCC_RECORD_evt.o)
[...]
Memory Configuration

Name             Origin             Length             Attributes
dummy            0x00000000         0x00000001         xrw
vector_ram       0x81000000         0x00000500         xrw
sram             0x81000000         0x00010000         xrw
sram_user        0x81000500         0x0000f700         xrw
sram_stack_boot  0x8100fc00         0x00000400         xrw
ext_sdram_data   0x44000000         0x01000000         xrw
ext_flash        0x20000000         0x00320000         xr
ext_flash_ES     0x20320000         0x00ce0000         xr
ext_sdram_code   0x40000000         0x00800000         xrw
*default*        0x00000000         0xffffffff

Linker script and memory map

LOAD ./out/CPU_B/GCC_guest.o
LOAD ./out/CPU_B/GCC_guest_fuse.o
LOAD ./out/CPU_B/GCC_guest_isolation.o
LOAD ./out/CPU_B/GCC_guest_outputport.o
LOAD ./out/CPU_B/GCC_guest_public.o
LOAD ./out/CPU_B/GCC_guest_readback.o
LOAD ./out/CPU_B/GCC_crc_result.o

.vector_ram     0x81000000        0x0

.sram           0x81000000        0x0

.ext_sdram_data
                0x44000000        0x0

.ext_flash      0x20000000        0x0

.sram_user      0x81000500        0x0

.ext_sdram_code
                0x40000000        0x0

.ext_flash_ES   0x20320000        0x0

.boot           0x20000000     0x2be4
                0x20000000                __START_VECTOR_ROM = .
 *(.textvectors)
 .textvectors   0x20000000      0x800 ../kernel/lib/CPU_B\libGCC_kernel.a(GCC_exceptions.o)
                0x20000000                _BOOT_VECTOR_ROM
                0x20000400                _BOOT_VECTOR_TO_RAM
 *(.rodatavectors)
                0x20000800                __END_VECTOR_ROM = .
                0x20000800                __START_BOOT_ROM = .
 *(.textboot)
 .textboot      0x20000800       0x28 ../kernel/lib/CPU_B\libGCC_kernel.a(GCC_VCU_Start_Asm.o)
                0x20000800                _startup
                0x20000808                _VCU_BOOT_F_StartMeUp
 .textboot      0x20000828       0x80 ../kernel/lib/CPU_B\libGCC_kernel.a(GCC_VCU_Start.o)
                0x20000828                main
 .textboot      0x200008a8     0x1084 ../kernel/lib/CPU_B\libGCC_kernel.a(GCC_Drv_Boot_Module.o)
                0x200008a8                BOOT_F_Init
                0x20000c9e                BOOT_F_Set_uninit_var
                0x20000d42                BOOT_F_Copy_data_to_ram
                0x20000fe6                BOOT_F_Check_Flash_Crc
                0x2000128a                BOOT_F_IsHotReboot
                0x20001298                BOOT_F_IsTransplantable
                0x200012a6                BOOT_F_GetParameters
                0x2000139c                BOOT_F_FuseCheck
                0x200017c8                BOOT_F_CheckCRC32CCITT
                0x200018ae                BOOT_F_IsRunningInRAM
                0x200018be                BOOT_F_MemoryTestSignatureGet
 .textboot      0x2000192c      0x87c ../kernel/lib/CPU_B\libGCC_kernel.a(GCC_Drv_Boot_Utils.o)
                0x2000192c                BOOT_F_Fuse
                0x20001a02                Drv_Clk_F_Init
                0x20001b2c                Drv_FlexBus_F_Pin_Init
                0x20001b5e                Drv_CS_F_Init
                0x20001bfa                Drv_Spi_F_Pin_Init
                0x20001c9e                Drv_Can_F_Pin_Init
                0x20001d14                Drv_Channel_Config_Pin_Init
                0x20001d44                Drv_CAN_ETH_F_Init
                0x20001d74                Drv_CAN_ETH_F_Enable
                0x20001d94                Drv_Ext_WatchDog_F_Init
                0x20001dc4                Drv_Uart_F_Pin_Init
                0x20001df6                Drv_Fec_F_Pin_Init
                0x20001e14                Drv_Eport_F_Init
                0x20001f8c                Drv_Device_F_Power
                0x20002088                Drv_Device_F_Pin_Init
 .textboot      0x200021a8      0x238 ../kernel/lib/CPU_B\libGCC_kernel.a(GCC_Drv_Cache_Lib.o)
                0x200021a8                Drv_Cache_F_Init
                0x200023c8                Drv_Cache_F_Disable
 .textboot      0x200023e0      0x118 ../kernel/lib/CPU_B\libGCC_kernel.a(GCC_Drv_MMU_Lib.o)
                0x200023e0                Drv_Mmu_Add_Region
 .textboot      0x200024f8      0x232 ../kernel/lib/CPU_B\libGCC_kernel.a(GCC_Drv_SDRAM_Lib.o)
                0x200024f8                Drv_SDRAM_F_Init
 .textboot      0x2000272a       0x46 ../kernel/lib/CPU_B\libGCC_kernel.a(GCC_exceptions.o)
                0x2000272a                BOOT_INT_HANDLERS_F_IrqHandler
 .textboot      0x20002770        0xc ../kernel/lib/CPU_B\libGCC_kernel.a(GCC_VCU_Exception_Asm.o)
                0x20002770                BOOT_MCF5441x_F_AsmRomExceptionHandler
 .textboot      0x2000277c       0x56 ../kernel/lib/CPU_B\libGCC_kernel.a(GCC_mcf5xxx_lo.o)
                0x2000277c                BOOT_MCFXXXX_F_LoWrCacr
                0x20002788                BOOT_MCFXXXX_F_LoWrAcr0
                0x20002794                BOOT_MCFXXXX_F_LoWrAcr1
                0x200027a0                BOOT_MCFXXXX_F_LoWrAcr2
                0x200027ac                BOOT_MCFXXXX_F_LoWrAcr3
                0x200027b8                mcf5xxx_wr_vbr
                0x200027c4                _cpu_cache_flush
 *(.rodataboot)
 *fill*         0x200027d2        0x2 
 .rodataboot    0x200027d4       0x10 ../kernel/lib/CPU_B\libGCC_kernel.a(GCC_Drv_Boot_Module.o)
 .rodataboot    0x200027e4      0x400 ../kernel/lib/CPU_B\libGCC_kernel.a(GCC_Drv_Boot_Utils.o)
                0x200027e4                BOOT_Table_CRC32_CCITT
 *(.rodataboot.str1.1)
                0x20002be4                . = ALIGN (0x4)
                0x20002be4                __END_BOOT_ROM = .
                0x20000000                __EXT_FLASH = ADDR (.boot)
                0x20002be4                __CRC_FLASH_START = (__EXT_FLASH + (__END_BOOT_ROM - __START_VECTOR_ROM))

.crc            0x20002be4       0x50
                0x20002be4                __CRC_ROM_START = .
                0x20002be4        0x4 LONG 0x23544845
                0x20002be8        0x4 LONG 0x53484f57
                0x20002bec        0x4 LONG 0x4d555354
                0x20002bf0        0x4 LONG 0x474f4f4e
 *(.CRC)
 .CRC           0x20002bf4       0x40 ./out/CPU_B/GCC_crc_result.o
                0x20002bf4                p_CPU_A_Crc_boot
                0x20002bf8                p_CPU_A_Crc_vector
                0x20002bfc                p_CPU_A_Crc_code
                0x20002c00                p_CPU_A_Crc_code_sram
                0x20002c04                p_CPU_A_Crc_sram
                0x20002c08                p_CPU_A_Crc_const_sram
                0x20002c0c                p_CPU_A_Crc_ext_sdram
                0x20002c10                p_CPU_A_Crc_const_ext_sdram
                0x20002c14                p_CPU_B_Crc_boot
                0x20002c18                p_CPU_B_Crc_vector
                0x20002c1c                p_CPU_B_Crc_code
                0x20002c20                p_CPU_B_Crc_code_sram
                0x20002c24                p_CPU_B_Crc_sram
                0x20002c28                p_CPU_B_Crc_const_sram
                0x20002c2c                p_CPU_B_Crc_ext_sdram
                0x20002c30                p_CPU_B_Crc_const_ext_sdram
                0x20002c34                . = ALIGN (0x4)
                0x20002c34                __CRC_ROM_END = .
                0x20002c34                __CODE_FLASH_START = (__CRC_FLASH_START + (__CRC_ROM_END - __CRC_ROM_START))

.code           0x40000000    0x91dd4 load address 0x20002c34
                0x40000000                __START_CODE_ROM = .
 *(.rodata.str1.1)
 *(.text)
 .text          0x40000000     0x1418 ./out/CPU_B/GCC_guest.o
                0x4000000a                GUEST_F_SystemSetup
                0x40000292                GUEST_F_IoSetupGet
                0x400002b8                GUEST_F_On_GDFSafe
                0x4000034e                GUEST_F_On_GDFEnding
                0x400003ec                GUEST_F_On_BootFailed
                0x400003f6                GUEST_F_On_Printf
                0x40000434                GUEST_F_AllocateMemorySpaceForKernel
                0x4000056e                GUEST_F_ConfigSubAreaCheck
                0x400005a8                GUEST_F_On_SafetyFlagsInit
                0x400006be                GUEST_F_On_MEVODefaultSet
                0x400006fa                GUEST_F_ApplicationSwVersionGet
                0x40000708                GUEST_F_FaultFilteringTimerGet
                0x40000756                GUEST_F_FaultFilteringAuthorizeGet
                0x4000079c                GUEST_F_FaultFiltering_Init
                0x40000886                GUEST_F_FaultFiltering_Running
                0x40001404                GUEST_F_PDOForgiveCntGet
                0x4000140e                GUEST_F_GetPrintLevel
 .text          0x40001418      0x3ce ./out/CPU_B/GCC_guest_fuse.o
                0x40001716                GUEST_F_FuseTestSetOn
                0x4000172c                GUEST_F_FuseTestSetOff
                0x40001742                GUEST_F_FUSE_Test
 *fill*         0x400017e6        0x2 
 .text          0x400017e8      0x3c4 ./out/CPU_B/GCC_guest_isolation.o
                0x40001a46                GUEST_F_SetIsolationRelays
                0x40001ad6                GUEST_F_ISO_Test
 .text          0x40001bac      0xd3c ./out/CPU_B/GCC_guest_outputport.o
                0x40001c9c                GUEST_F_OPT
                0x40001d6c                GUEST_F_OPT_Check
                0x40001dae                GUEST_F_SCT
                0x400023c0                GUEST_F_RIT
                0x4000271e                GUEST_F_TT
 .text          0x400028e8     0x27f0 ./out/CPU_B/GCC_guest_public.o
                0x40002904                GUEST_F_WriteMNTDataAndSend
                0x40002c50                GUEST_F_RBOutput
                0x40002d80                GUEST_F_DriveOutput
                0x40002dbe                GUEST_F_24VLED
                0x40002e26                GUEST_F_EXTLED
                0x40002e7a                GUEST_F_OutputLED
                0x40002ee4                GUEST_F_SetDYNStable
                0x40002ef4                GUEST_F_SetDYNActive
                0x40002f04                GUEST_F_CheckFPGACNT
                0x40003008                GUEST_F_GetConfigPointer
                0x40003088                GUEST_F_GetBoardPosition
                0x400030d2                GUEST_F_24V_Test
                0x40003144                GUEST_F_12V_Test
                0x400031b2                GUEST_F_LED_Test
                0x40003288                GUEST_F_Output_Test
                0x4000357a                GUEST_F_ISRINIT
                0x400035cc                GUEST_F_WriteDataToTFTPBUF
                0x40003a5a                GUEST_F_WriteFailCodeToTFTPBUF
                0x40003bea                GUEST_F_ReadDataFromTFTPBUF
                0x40003d5a                GUEST_F_ReadFailCodeFromTFTPBUF
                0x40003eca                GUEST_F_ReadDataFromTFTPHandBUF
                0x40003f82                GUEST_F_GetDataInOneCPU
                0x40003fe4                GUEST_F_SendVerData
                0x40004146                GUEST_F_CheckBuf
                0x40004302                GUEST_F_TFTP_SendTestInfo
                0x400044f6                GUEST_F_TFTP_SendHandInfo
                0x4000463a                GUEST_F_EXTLightSetOn
                0x40004650                GUEST_F_EXTLightSetOff
                0x40004666                GUEST_F_ResFPGASetOff
                0x4000467c                GUEST_F_ResFPGASetOn
                0x40004692                GUEST_F_FeedWDog
                0x400046cc                GUEST_F_GetSnake
                0x400047f4                GUEST_F_LED_Snake
                0x40004878                GUEST_F_IODB_GetCmd_VOOB
                0x4000495c                GUEST_F_IODB_GetCmd_CDDM
                0x40004a92                GUEST_F_IODB_GetCmd_PDDM
                0x40004b6c                GUEST_F_IODB_GetCmd_SDDM
                0x40004d2e                GUEST_F_IODB_DrvCmd_TCIM
                0x40004ec2                GUEST_F_SendFBJState
                0x40004f86                GUEST_F_RBPointStatus
 .text          0x400050d8      0x9e0 ./out/CPU_B/GCC_guest_readback.o
                0x400050d8                GUEST_F_TSPSTForOPT
                0x40005152                GUEST_F_RBValue
                0x40005444                GUEST_F_OPT_RBValueFromFPGA
                0x40005896                GUEST_F_MemoryBUSTest
 .text          0x40005ab8        0x0 ./out/CPU_B/GCC_crc_result.o
 .text          0x40005ab8        0x0 ../kernel/lib/CPU_B\libGCC_kernel.a(GCC_VCU_Start_Asm.o)
 .text          0x40005ab8     0x1c04 ../kernel/lib/CPU_B\libGCC_kernel.a(GCC_mstep.o)
                0x40005ab8                MSTEP_F_PDAAskFlush
                0x40005ad8                MSTEP_F_PDAWrite
                0x40005b52                MSTEP_F_PDARead
                0x40005bd8                MSTEP_F_PDAReserveArea
                0x40005d46                MSTEP_F_TftpServiceSubscribe
                0x40005de2                MSTEP_F_MaintSNTPServerAvailability
                0x40005df4                MSTEP_F_MaintVersionsGet
                0x40005e98                MSTEP_F_MaintCanBusStatusGet
                0x40005f52                MSTEP_F_CryptlibKeyScramble
                0x40005f76                MSTEP_F_StatIpstackInternalFrameDropGet
                0x40005fe4                MSTEP_F_StatFecOverflowCountGet
                0x40005ff8                MSTEP_F_StatCPUUsageGet
                0x40006012                MSTEP_F_StatCPUUsageMaxGet
                0x4000602c                MSTEP_F_StatFSFB2NbBrokenSessionGet
                0x4000603c                MSTEP_F_StatNbEthCrcErrorGet
                0x40006054                MSTEP_F_StatNbEthCrcOkGet
                0x40006078                MSTEP_F_UDPSend
                0x4000611a                MSTEP_F_UDPFlush
                0x4000615a                MSTEP_F_UDPRecv
                0x40006272                MSTEP_F_UDPClose
                0x400062b2                MSTEP_F_UDPOpen
                0x40006350                MSTEP_F_GetSoftwareDataID
                0x400063c0                MSTEP_F_SpiProcess
                0x400065c4                MSTEP_F_CpuIdGet
                0x400065de                MSTEP_F_GpioRead
                0x40006620                MSTEP_F_GpioToggle
                0x40006664                MSTEP_F_GpioSetOff
                0x400066a8                MSTEP_F_GpioSetOn
                0x400066ec                MSTEP_F_CanActiveBusGet
                0x4000670c                MSTEP_F_ConfigBoardEthMacAddressGet
                0x40006778                MSTEP_F_TimeGet
                0x400067b8                MSTEP_F_ConfigBoardPositionGet
                0x40006826                MSTEP_F_PeriodTableMinGet
                0x40006894                MSTEP_F_SafetyFlagBreak
                0x4000690a                MSTEP_F_SafetyFlagChkWdGet
                0x40006986                MSTEP_F_ConfigGuestSubAreaGet
                0x400069c6                MSTEP_F_CryptlibDESCompute
                0x40006a56                MSTEP_F_CryptlibCRC32FSFB2ChanOneCompute
                0x40006ad6                MSTEP_F_CryptlibCRC32CCITTCompute
                0x40006b78                MSTEP_F_CryptlibCRC16CCITTCompute
                0x40006bf2                MSTEP_F_K2oo2CycleBegin
                0x40006c00                MSTEP_F_K2oo2CycleEndExt
                0x40006c5e                MSTEP_F_K2oo2CpuWaitExt
                0x40006cd4                MSTEP_F_K2oo2CpuSendExt
                0x40006d78                MSTEP_F_K2oo2CpuExchangeExt
                0x40006e1c                MSTEP_F_GuestTaskIdGet
                0x40006e8e                MSTEP_F_NotifyEndOfRestrictiveTransition
                0x40006edc                MSTEP_F_TaskFlagSet
                0x40006f5e                MSTEP_F_IodbRequest
                0x40006fe6                MSTEP_F_IodbSubmit
                0x4000702a                MSTEP_F_IsrAck
                0x40007064                MSTEP_F_IsrConfigure
                0x40007138                MSTEP_F_IsrDisable
                0x40007172                MSTEP_F_IsrEnable
                0x400071ac                MSTEP_F_StatInit
                0x400071d6                MSTEP_F_StatEnable
                0x400071ea                MSTEP_F_StatIsEnabled
                0x400071fe                MSTEP_F_StatDisable
                0x40007212                MSTEP_F_StatReset
                0x40007226                MSTEP_F_StatStoreValue
                0x4000723e                MSTEP_F_StatGetGlobalMinValue
                0x40007256                MSTEP_F_StatGetGlobalMaxValue
                0x4000726e                MSTEP_F_StatGetGlobalNbValues
                0x40007288                MSTEP_F_StatGetGlobalSumValue
                0x400072a0                MSTEP_F_StatGetGlobalAverageValue
                0x400072b8                MSTEP_F_StatGetMinValueFromRecords
                0x400072d0                MSTEP_F_StatGetMaxValueFromRecords
                0x400072e8                MSTEP_F_StatGetAverageValueFromRecords
                0x40007300                MSTEP_F_StatResetStopwatch
                0x40007316                MSTEP_F_StatStartStopwatch
                0x4000732a                MSTEP_F_StatStopStopwatch
                0x4000733e                MSTEP_F_StatStopwatchElapsedTime
                0x40007356                MSTEP_F_CommonTimeGet
                0x400073d8                MSTEP_F_FaultFilteringAcknowledge
                0x400073e8                MSTEP_F_FaultFilteringStateGet
                0x40007420                MSTEP_F_IodbNotificationAdd
                0x400074a4                MSTEP_F_IsCommonTimeSynchronized
                0x400074b2                MSTEP_F_NbFaultFilteringRebootGet
                0x400074c0                MSTEP_F_K2oo2StatGet
                0x40007500                MSTEP_F_RegisterTriggeredFunction
                0x400075ba                MSTEP_F_StatNumberOfIpConflictDetectedGet
                0x400075c8                MSTEP_F_TFTPClientWrite
                0x400076a0                MSTEP_F_SyncCurNumGet
                0x400076ae                MSTEP_F_PDORestrictStatusGet
 .text          0x400076bc     0x19b4 ../kernel/lib/CPU_B\libGCC_kernel.a(GCC_BIT_fuse.o)
                0x400076bc                BIT_FUSE_F_FuseInit
                0x40007c20                BIT_FUSE_F_IsFlashAsyncFinished
                0x40007c36                BIT_FUSE_F_EndFlashAsync
                0x40007ca6                BIT_FUSE_F_EndReprogAsync
                0x40007d5a                BIT_FUSE_F_FusesReadFromAddr
                0x40007e84                BIT_FUSE_F_FuseToggleRead
                0x40007f14                BIT_FUSE_F_AddressFuseGet
                0x400080aa                BIT_FUSE_F_FusesRead
                0x4000813c                BIT_FUSE_F_FuseSectorErase
                0x400081fa                BIT_FUSE_F_AddressIdFuseGet
                0x40008302                BIT_FUSE_F_FusesWrite
                0x40008462                BIT_FUSE_F_FuseCheck
                0x40008aac                BIT_F_SafetyFlagBreak
                0x40008c6a                BIT_FUSE_F_SysChkWdInit
                0x40008d3a                BIT_F_SysChkWdReset
                0x40008d56                BIT_F_SysChkWdGet
                0x40008daa                BIT_F_RestoreFlag
                0x40008fd8                BIT_F_SafetyFlagChkWdGet
 .text          0x40009070     0x18a8 ../kernel/lib/CPU_B\libGCC_kernel.a(GCC_BIT_survey.o)
                0x40009070                BIT_F_FlashCrcsCheckStart
                0x40009082                BIT_F_ComputeCrcWithTimeDly
                0x400091e2                BIT_F_VectorTableLock
                0x40009268                BIT_F_DcaSectionLock
                0x40009364                BIT_SURVEY_F_Init
                0x40009460                BIT_SURVEY_F_TaskCheck
                0x400095ee                BIT_SURVEY_F_FreeTasksStackLevelCheck
                0x400097ec                BIT_SURVEY_F_FreeItStackLevelCheck
                0x4000989c                BIT_SURVEY_F_CpuUsageCheck
                0x40009ab6                BIT_SURVEY_F_OSPrioTcbCrcCheck
                0x40009b56                BIT_SURVEY_F_SwFuseCheck
                0x40009c8a                BIT_SURVEY_F_CrcCheckIdGet
                0x40009d30                BIT_SURVEY_F_SectionStartAndLengthGet
                0x40009eee                BIT_SURVEY_F_ComputeCrc
                0x4000a0a8                BIT_SURVEY_F_LocalReferenceCrcGet
                0x4000a162                BIT_SURVEY_F_DistantReferenceCrcGet
                0x4000a21c                BIT_SURVEY_F_CheckExecutionCounterUpdate
                0x4000a3f4                BIT_SURVEY_F_GetRequiredCycles
                0x4000a52a                BIT_SURVEY_F_CrcsCheck
                0x4000a6ec                BIT_SURVEY_F_IsCrcAndFuseCheckAllowed
                0x4000a822                BIT_F_GetParameters
 .text          0x4000a918     0x1e42 ../kernel/lib/CPU_B\libGCC_kernel.a(GCC_can.o)
                0x4000a918                CAN_F_IsCanMaster
                0x4000a93a                CAN_F_ConfigBoardTypeGet
                0x4000a948                CAN_F_IsRunningModeDetermined
                0x4000a974                CAN_F_MyModuleIdGet
                0x4000a9b8                CAN_F_MyNodeIdGet
                0x4000a9c6                CAN_F_MasterStatusGet
                0x4000a9d4                CAN_F_TimerReset
                0x4000aa68                CAN_F_TimerCountReset
                0x4000aa78                CAN_F_InitArdSaddle
                0x4000aaa4                CAN_F_InitModuleInfoKey
                0x4000ab86                CAN_F_PrepareBootWithFuseInfo
                0x4000abac                CAN_F_CanBusActiveChannelGet
                0x4000abba                CAN_F_CanMgtMessageTreat
                0x4000af42                CAN_F_CanMgtSyncMessageProcess
                0x4000b0dc                CAN_F_CanMgtHbMessageProcess
                0x4000b276                CAN_F_CanMgtMessageProcess
                0x4000b4aa                CAN_F_CanMgtFlagProcess
                0x4000b63e                CAN_F_MgtTask
                0x4000b6b0                CAN_F_FlushFifo
                0x4000b7e6                CAN_F_MgtStart
                0x4000ba06                CAN_F_FlashingValueGet
                0x4000baaa                CAN_F_TimerModeNotDefinedHandler
                0x4000bac8                CAN_F_TimerModeDefinedHandler
                0x4000bdec                CAN_F_TimerHandler
                0x4000be5e                CAN_F_MgtCreate
                0x4000c0d6                CAN_F_SwitchMode
                0x4000c15a                CAN_F_MgtCanMessagePost
                0x4000c4c8                CAN_F_FlashingManage
                0x4000c51a                CAN_F_IPoverCANVersionGet
                0x4000c56a                CAN_F_IsDistantODSupported
                0x4000c614                CAN_F_MasterStatusSet
                0x4000c68c                CAN_F_InternalStateGet
 *fill*         0x4000c75a        0x2 
 .text          0x4000c75c      0xf64 ../kernel/lib/CPU_B\libGCC_kernel.a(GCC_can_ard.o)
                0x4000c75c                CAN_ARD_F_SendFragmentationFlagClear
                0x4000c76e                CAN_ARD_F_FirstFrameMemblockGet
                0x4000c79e                CAN_ARD_F_ReleaseFrame
                0x4000c820                CAN_ARD_F_SendFrame
                0x4000ca58                CAN_ARD_F_ReserveFreeFrame
                0x4000cb44                CAN_ARD_F_GetFragmentToSend
                0x4000cf78                CAN_ARD_F_RecvFrame
                0x4000d584                CAN_ARD_F_Init
 .text          0x4000d6c0      0x9b4 ../kernel/lib/CPU_B\libGCC_kernel.a(GCC_can_config.o)
                0x4000d6c0                CAN_CONF_F_GetCobIDMinRx
                0x4000d6ce                CAN_CONF_F_GetCobIDMaxRx
                0x4000d6dc                CAN_CONF_F_GetCobIDMinStandby
                0x4000d6ea                CAN_CONF_F_GetCobIDMaxStandby
                0x4000d6f8                CAN_CONF_F_GetFlashingPeriod
                0x4000d706                CAN_CONF_F_MinMaxBuild
                0x4000d9a8                CAN_CONF_F_GetTxPDOStruct
                0x4000da16                CAN_CONF_F_GetNbOfTxPDO
                0x4000da7c                CAN_CONF_F_GetRxPDOStruct
                0x4000daea                CAN_CONF_F_GetNbOfRxPDO
                0x4000db50                CAN_CONF_F_Init
                0x4000db66                CAN_CONF_F_SafeDataConsistencyCheck
                0x4000dfcc                CAN_CONF_F_ConfCheckAndBuild
                0x4000e02a                CAN_CONF_F_IsStepperRedundancy
                0x4000e038                CAN_CONF_F_RedundancyBuild
 .text          0x4000e074      0x520 ../kernel/lib/CPU_B\libGCC_kernel.a(GCC_can_emcy.o)
                0x4000e074                CAN_F_EmcyGet
                0x4000e12e                CAN_EMCY_F_EmcyReceive
                0x4000e408                CAN_F_EmcySend
                0x4000e574                CAN_EMCY_F_Init
 .text          0x4000e594     0x19dc ../kernel/lib/CPU_B\libGCC_kernel.a(GCC_can_od.o)
                0x4000e594                CAN_OD_F_OdInit
                0x4000eb3e                CAN_OD_F_TableIndexFind
                0x4000ecce                CAN_OD_F_IsMonitoringDatasTable
                0x4000edce                CAN_OD_F_IndexTableCheck
                0x4000ef6e                CAN_OD_F_SdoChannelGet
                0x4000f036                CAN_OD_F_ObjectTypeGet
                0x4000f258                CAN_OD_F_OdObjectSet
                0x4000f478                CAN_OD_F_ODDataSet
                0x4000f5ea                CAN_F_SdoObjectSet
                0x4000f790                CAN_OD_F_OdObjectGet
                0x4000f990                CAN_OD_F_ODDataGet
                0x4000fb6c                CAN_F_SdoObjectGet
                0x4000ff20                CAN_F_ODVersionGet
 .text          0x4000ff70      0x34c ../kernel/lib/CPU_B\libGCC_kernel.a(GCC_can_odplug.o)
                0x4000ff70                CAN_ODPLUG_F_Init
                0x4000ff98                CAN_ODPLUG_F_CheckFilter
                0x40010116                CAN_ODPLUG_F_AddRule
 .text          0x400102bc     0x2c38 ../kernel/lib/CPU_B\libGCC_kernel.a(GCC_can_open.o)
                0x400102bc                CAN_F_GuestIsStarted
                0x4001033e                CAN_F_NmtCubicleStatusGet
                0x400103e0                CAN_F_MaintenanceInfoGet
                0x40010532                CAN_F_ModuleIsPresent
                0x400105fa                CAN_F_NmtIsNormalBoardHere
                0x400107ea                CAN_OPEN_F_MasterModeSet
                0x40010836                CAN_OPEN_F_MasterOperationalStateSet
                0x40010928                CAN_OPEN_F_CanOpenStatusInit
                0x40010990                CAN_OPEN_F_Init
                0x40010b32                CAN_OPEN_F_NmtSend
                0x40010d94                CAN_OPEN_F_NmtProcess
                0x40011170                CAN_OPEN_F_HeartBeatSend
                0x400114c4                CAN_OPEN_F_HeartBeatProcess
                0x40011c0e                CAN_OPEN_F_BusOffProcess
                0x40011dcc                CAN_OPEN_F_MediumOutOfOrder
                0x40011f76                CAN_OPEN_F_TimeStampSend
                0x400120d0                CAN_OPEN_F_SyncSend
                0x400121de                CAN_OPEN_F_StatsNmtManage
                0x400122d8                CAN_OPEN_F_NmtStartNode
                0x40012450                CAN_OPEN_F_MyStatusGet
                0x40012496                CAN_OPEN_F_ModuleStatusGet
                0x40012770                CAN_OPEN_F_IsNodeHere
                0x400128c0                CAN_OPEN_F_Flush
                0x40012994                CAN_OPEN_F_BusSwitch
                0x40012a78                CAN_OPEN_F_ODVersionSet
                0x40012ad6                CAN_OPEN_F_ModuleIdInternalStateGet
                0x40012d1e                CAN_OPEN_F_IPoverCANVersionSet
                0x40012d7c                CAN_OPEN_F_DecodeHeartBeat
 .text          0x40012ef4      0xb90 ../kernel/lib/CPU_B\libGCC_kernel.a(GCC_can_saddle.o)
                0x40012fd6                CAN_F_SaddleExtractCanPrio
                0x4001318c                CAN_F_SaddleProtocolSubscribe
                0x400132f0                CAN_SADDLE_F_StoreRecvFrame
                0x40013582                CAN_F_SaddleRecv
                0x4001381a                CAN_F_SaddleSend
                0x40013a4e                CAN_SADDLE_F_Init
 .text          0x40013a84     0x1b04 ../kernel/lib/CPU_B\libGCC_kernel.a(GCC_can_safety.o)
                0x40013a84                CAN_F_SafetyConfigure
                0x40013ab4                CAN_SAFETY_F_NextSyncNumberToSendGet
                0x40013b60                CAN_SAFETY_F_GetCurrentSyncNumberRecv
                0x40013b6e                CAN_SAFETY_F_CanMessagePost
                0x40013ef0                CAN_SAFETY_F_SafetyIDFind
                0x4001400a                CAN_SAFETY_F_SafetyLayerBuild
                0x40014130                CAN_SAFETY_F_PdoIdFind
                0x40014230                CAN_SAFETY_F_PdoSend
                0x40014358                CAN_SAFETY_F_PdosFindAndSend
                0x4001443c                CAN_SAFETY_F_SafetyLayerCheck
                0x40014696                CAN_SAFETY_F_PdoCheckAndWrite
                0x40014890                CAN_SAFETY_F_PdoReceptionMgt
                0x4001492e                CAN_SAFETY_F_SyncConsistencyCheck
                0x40014a46                CAN_F_GetBooleanRedundancyDefault
                0x40014b30                CAN_SAFETY_F_PdoIdConversionTableBuildFor
                0x40014ca0                CAN_F_SafetyCreate
                0x40014e7c                CAN_F_SafetyConfig
                0x40014e86                CAN_F_SafetyStart
                0x40014f64                CAN_F_SafetyTask
 .text          0x40015588     0x798e ../kernel/lib/CPU_B\libGCC_kernel.a(GCC_can_sdo.o)
                0x40015588                CAN_SDO_F_ConvertErrorCode
                0x40015614                CAN_SDO_F_ClientGet
                0x4001582c                CAN_SDO_F_DisplayErr
                0x40015862                CAN_SDO_F_ClientPrepare
                0x40015c78                CAN_SDO_F_SdoPost
                0x40016350                CAN_SDO_F_Send
                0x400165f4                CAN_SDO_F_TempoChange
                0x40016686                CAN_SDO_F_ReleaseWaitSemaphore
                0x40016746                CAN_SDO_F_AllSegmentReceived
                0x400167d8                CAN_SDO_F_EraseCurrentBlockInfo
                0x40016830                CAN_SDO_F_InitGlobalSDOParameter
                0x400169a2                CAN_SDO_F_ResetContext
                0x40016a34                CAN_SDO_F_EndBlockDownload
                0x40016c7c                CAN_SDO_F_EndBlockUpload
                0x40016e16                CAN_SDO_F_DownloadBlock
                0x400170b6                CAN_SDO_F_UploadBlock
                0x400172ec                CAN_SDO_F_InitiateBlockDownload
                0x40017566                CAN_SDO_F_InitiateBlockUpload
                0x400177a0                CAN_SDO_F_DownloadSegment
                0x40017a9a                CAN_SDO_F_UploadSegment
                0x40017e50                CAN_SDO_F_Abort
                0x40017f9e                CAN_SDO_F_ClientTransfertEnd
                0x400189a8                CAN_SDO_F_ClientTransfertWait
                0x40018ae0                CAN_SDO_F_isCommunicationOpened
                0x40018c50                CAN_SDO_F_checkIndexSubindex
                0x40018dba                CAN_SDO_F_MessageBlkTransfer
                0x400191d8                CAN_SDO_F_InitiateDownload
                0x40019574                CAN_SDO_F_InitiateUpload
                0x400198b0                CAN_SDO_F_ClientSendIfNew
                0x40019d78                CAN_SDO_F_TempoChannelUpdate
                0x40019e64                CAN_SDO_F_ClientProceedEnd
                0x40019ebc                CAN_SDO_F_AbortCommand_0x4
                0x4001a0e4                CAN_SDO_F_Req_Com_0x0
                0x4001a54e                CAN_SDO_F_Req_Com_0x1
                0x4001a9aa                CAN_SDO_F_Req_Com_0x2
                0x4001aab4                CAN_SDO_F_Req_Com_0x3
                0x4001abe0                CAN_SDO_F_Req_Com_0x5_Sub_0x0
                0x4001ae8e                CAN_SDO_F_Req_Com_0x5_Sub_0x2
                0x4001af60                CAN_SDO_F_Req_Com_0x5
                0x4001b0d6                CAN_SDO_F_Req_Com_0x6
                0x4001b772                CAN_SDO_F_ProceedRequest
                0x4001b97a                CAN_SDO_F_Resp_Com_0x0
                0x4001bd62                CAN_SDO_F_Resp_Com_0x1
                0x4001be8a                CAN_SDO_F_Resp_Com_0x2
                0x4001c264                CAN_SDO_F_Resp_Com_0x3
                0x4001c35c                CAN_SDO_F_Resp_Com_0x5_Sub_0x0
                0x4001c4a0                CAN_SDO_F_Resp_Com_0x5_Sub_0x2
                0x4001c57a                CAN_SDO_F_Resp_Com_0x5
                0x4001c700                CAN_SDO_F_Resp_Com_0x6_Sub_0x0
                0x4001c976                CAN_SDO_F_Resp_Com_0x6_Sub_0x1
                0x4001cbb4                CAN_SDO_F_Resp_Com_0x6
                0x4001cc5e                CAN_SDO_F_ProceedResponse
 *fill*         0x4001cf16        0x2 
 .text          0x4001cf18      0x95a ../kernel/lib/CPU_B\libGCC_kernel.a(GCC_can_time.o)
                0x4001cf64                CAN_F_TimeCanOpenGet
                0x4001cfa6                CAN_TIME_F_Init
                0x4001d000                CAN_TIME_F_CanTimeGet
                0x4001d00e                CAN_TIME_F_HeartBeatCycleGet
                0x4001d01c                CAN_TIME_F_HeartBeatCycleSet
                0x4001d030                CAN_TIME_F_HeartBeatCycleReset
                0x4001d040                CAN_F_TimeNtpSet
                0x4001d194                CAN_F_TimeNtpGet
                0x4001d2c0                CAN_TIME_F_TimeStampGet
                0x4001d328                CAN_TIME_F_TimeStampSet
                0x4001d4a4                CAN_TIME_F_TimeStampUpdate
                0x4001d6e0                CAN_TIME_F_CanTimeUpdate
                0x4001d79e                CAN_TIME_F_HeartBeatPeriodGet
                0x4001d7ac                CAN_TIME_F_HeartBeatSpreadAndPeriodInitialize
 *fill*         0x4001d872        0x2 
 .text          0x4001d874      0x4bc ../kernel/lib/CPU_B\libGCC_kernel.a(GCC_CONF.o)
                0x4001d874                CONF_F_SetConfKeyStatus
                0x4001d888                CONF_F_GetConfKeyStatus
                0x4001d896                CONF_F_ValidationFuncSubscribe
                0x4001d924                CONF_F_ExternalValidation
                0x4001da70                CONF_F_OKNotificationCbSubscribe
                0x4001dafe                CONF_F_NotifyOkCallBack
                0x4001dba2                CONF_F_GetModuleIoInfo
                0x4001dcc2                CONF_F_FaultFilteringAcknowledge
                0x4001dcfe                CONF_F_ReconfReparamVersionGet
 .text          0x4001dd30     0x3e60 ../kernel/lib/CPU_B\libGCC_kernel.a(GCC_CONF_local.o)
                0x4001dd30                CONF_LOCAL_F_FileStatusNotifyCb
                0x4001deac                CONF_LOCAL_F_CreateReprogFile
                0x4001df32                CONF_LOCAL_F_CreateEstampFile
                0x4001e01a                CONF_LOCAL_F_CreateBidFile
                0x4001e102                CONF_LOCAL_F_Init
                0x4001e362                CONF_LOCAL_F_StatisticInit
                0x4001e392                CONF_LOCAL_F_CreateIpConfigurationArea
                0x4001e3c2                CONF_LOCAL_F_ResetIpConfiguration
                0x4001e408                CONF_LOCAL_F_RestoreLastIpConfiguration
                0x4001e4b4                CONF_LOCAL_F_BidCheck
                0x4001e594                CONF_LOCAL_F_BidWaitAndCheck
                0x4001e818                CONF_LOCAL_F_EstampWaitAndCheck
                0x4001ea78                CONF_LOCAL_F_MemoryAreaMyConfGet
                0x4001ea86                CONF_LOCAL_F_CreateAndAddSourcesToMyDatasetFiles
                0x4001ec06                CONF_LOCAL_F_MaintenanceInit
                0x4001ed08                CONF_LOCAL_F_BidCycleCheck
                0x4001f2e2                CONF_LOCAL_F_FaultFilteringEndResetState
                0x4001f352                CONF_LOCAL_F_FaultFilteringEndReadState
                0x4001f6d2                CONF_LOCAL_F_FaultFilteringUpdate
                0x4001f704                CONF_LOCAL_F_RunningHoursUpdate
                0x4001f8bc                CONF_LOCAL_F_RunningTimeUpdate
                0x4001fa58                CONF_LOCAL_F_Periodic
                0x4001fa74                CONF_F_IsTransplantable
                0x4001fa82                CONF_LOCAL_F_GetIpStackInfoFromUserData
                0x4002005e                CONF_LOCAL_F_PrepareMyDatasetFileDescriptors
                0x40020160                CONF_LOCAL_F_GetIpStackInfo
                0x40020434                CONF_LOCAL_F_GetBoardCode
                0x40020454                CONF_F_GetOverTempThreshold
                0x4002046c                CONF_F_GetDataVersion
                0x40020484                CONF_F_GetCanFlashingPeriod
                0x4002049c                CONF_F_IsFaultFilteringActive
                0x400204b4                CONF_F_GetPDOStruct
                0x400204d0                CONF_F_GetRestrictiveValuesByPdoID
                0x400205a0                CONF_F_GetSafetyID
                0x400205b4                CONF_F_GetOutputSafeData
                0x400205cc                CONF_F_GetInputSafeData
                0x400205e4                CONF_F_GetGenericRedundancyArray
                0x400205fc                CONF_F_GetBooleanRedundancyArray
                0x40020614                CONF_F_GetFreezingTimer
                0x4002063a                CONF_F_GetFreezingTimerByPdoId
                0x400206f0                CONF_F_GetSnmpInfo
                0x40020858                CONF_F_GetSntpIpServer
                0x4002091c                CONF_F_GetFsfb2SinglePort
                0x40020934                CONF_F_GetFsfb2RedoundedPort
                0x4002094c                CONF_F_GetRSSP1_PrimaryCpuA_Port
                0x40020964                CONF_F_GetRSSP1_PrimaryCpuB_Port
                0x4002097c                CONF_F_GetRSSP1_SecondaryCpuA_Port
                0x40020994                CONF_F_GetRSSP1_SecondaryCpuB_Port
                0x400209ac                CONF_F_GetUnsafetyNormPort
                0x400209c4                CONF_F_GetUnsafetyRedundPort
                0x400209dc                CONF_F_GetUsigUevolRedundancyInfo
                0x400209fa                CONF_F_GetIpStackInfoForValidationConfig
                0x40020aa4                CONF_F_GetIpStackInfo
                0x40020d0e                CONF_F_IsRedundancyStandalone
                0x40020d78                CONF_F_GetUsigRedStructByIdx
                0x40020d9a                CONF_F_GetUsigRssp1RedStructByIdx
                0x40020dbc                CONF_F_GetUsigRedundancyStruct
                0x40020de8                CONF_F_GetUsigRssp1RedundancyStruct
                0x40020e14                CONF_F_GetUsigIdentParamByDynId
                0x40020e44                CONF_F_GetUsigRssp1IdentParamByDynId
                0x40020e74                CONF_F_GetUsigIdentParamByEqId
                0x40020ea4                CONF_F_GetUsigRssp1IdentParamByEqId
                0x40020ed4                CONF_F_GetUsigParamStruct
                0x40020f02                CONF_F_GetUsiggRssp1ParamStruct
                0x40020f30                CONF_F_GetSrttTimeoutByEqId
                0x40020f56                CONF_F_GetUsigOperation
                0x40020f7c                CONF_F_GetUsigFsfb2IdByIndex
                0x40020fae                CONF_F_GetFsfb2ParamByEqId
                0x40020fe4                CONF_F_GetMessageArray
                0x4002100a                CONF_F_GetAppliSubArea
                0x4002102a                CONF_F_GetBoardTypeInKey
                0x4002108c                CONF_F_GuessBoardType
                0x400210f8                CONF_F_GetRackAndSlot
                0x40021220                CONF_F_GetMyBoardNumber
                0x4002126a                CONF_F_GetCanOpenODInfo
                0x40021598                CONF_F_GetHwAndSwVersions
                0x4002171e                CONF_F_AddSourcesToFilesWithFuseInfo
                0x40021a5a                CONF_LOCAL_F_SaveLastIpConfiguration
                0x40021aca                CONF_F_GetCobIdOfPdoTime
                0x40021ad6                CONF_F_GetCobIdByPdoID
 .text          0x40021b90     0x1b92 ../kernel/lib/CPU_B\libGCC_kernel.a(GCC_CONF_src.o)
                0x40021b90                CONF_SRC_ASYNC_F_EndReadAction
                0x40021cb6                CONF_SRC_ASYNC_F_EndWriteAction
                0x40021da6                CONF_SRC_ASYNC_F_EndReadActionCallBack
                0x40021e1e                CONF_SRC_ASYNC_F_EndWriteActionCallBack
                0x40021e96                CONF_SRC_ASYNC_F_ReadDefault
                0x40021f4e                CONF_SRC_ASYNC_F_ReadHeaderActionCallBack
                0x40022126                CONF_SRC_ASYNC_F_ReadHeader
                0x400221de                CONF_SRC_ASYNC_F_ReadHeaderParallelFlashActionCallBack
                0x4002232a                CONF_SRC_ASYNC_F_ReadHeaderParallelFlash
                0x400223e2                CONF_SRC_ASYNC_F_AsyncFileOpProcess
                0x40022584                CONF_SRC_ASYNC_F_SetDefaultSize
                0x400225cc                Drv_BID_F_SourcePeriodicTask
                0x400226b2                Drv_BID_F_SourceIsVolatile
                0x400226bc                Drv_BID_F_SourceFileOpen
                0x400227a4                Drv_BID_F_SourceFileGetSize
                0x40022810                Drv_BID_F_SourceFileAsyncFillCache
                0x4002290e                Drv_BID_F_Create
                0x40022998                Drv_BID_F_SourceInstanceGet
                0x40022a28                CONF_SRC_FLASH_F_EndReadActionCallBack
                0x40022ad4                CONF_SRC_FLASH_F_SourceFileFind
                0x40022b7c                CONF_SRC_FLASH_F_EndWriteActionCallBack
                0x40022c0a                CONF_SRC_FLASH_F_EraseCallBack
                0x40022cea                CONF_SRC_FLASH_F_SourcePeriodicTask
                0x40022d58                CONF_SRC_FLASH_F_SourceIsVolatile
                0x40022d62                CONF_SRC_FLASH_F_SourceInstanceGet
                0x40022de2                CONF_SRC_FLASH_F_Write
                0x40022ed4                CONF_SRC_FLASH_F_SourceFileOpen
                0x400231fa                CONF_SRC_FLASH_F_SourceFileGetSize
                0x4002328a                CONF_SRC_FLASH_F_SourceFileAsyncFlushCache
                0x400233bc                CONF_SRC_FLASH_F_SourceFileAsyncFillCache
                0x400234a8                CONF_SRC_FLASH_F_Create
 *fill*         0x40023722        0x2 
 .text          0x40023724      0x7ec ../kernel/lib/CPU_B\libGCC_kernel.a(GCC_FCODE.o)
                0x40023724                FCODE_F_Init
                0x400237b6                FCODE_F_MaintenanceReadyNotify
                0x400237cc                FCODE_F_LogDefaultToOBD
                0x400238d6                FCODE_F_FailureCodeClear
                0x40023bae                FCODE_F_FailureCodeSetExt
                0x40023e58                FCODE_F_FailureCodeSet
 .text          0x40023f10     0x5936 ../kernel/lib/CPU_B\libGCC_kernel.a(GCC_FILESYS.o)
                0x40023f10                FILESYS_F_MemoryAreaInit
                0x40023fce                FILESYS_F_BufferAllocator
                0x40024134                FILESYS_F_DefaultCacheAllocator
                0x400241fe                FILESYS_F_SubscribeSource
                0x4002442a                FILESYS_F_FindFileInList
                0x40024586                FILESYS_F_FindFileInFs
                0x400246a8                FILESYS_F_FileCreate
                0x400249ea                FILESYS_F_FileCreateExt
                0x40024ac4                FILESYS_F_SymLinkCreate
                0x40024d3c                FILESYS_F_SymLinkCreateExt
                0x40024df0                FILESYS_F_RequestResetFileCache
                0x40024f8e                FILESYS_F_TryAllocation
                0x4002523e                FILESYS_F_FileBuildUserFileDesc
                0x40025478                FILESYS_F_FileStatusSet
                0x40025800                FILESYS_F_FileStatusGet
                0x40025984                FILESYS_F_SourceAppend
                0x40025b38                FILESYS_F_VirtualSourceSet
                0x40025cae                FILESYS_F_FileWrite
                0x40025dfc                FILESYS_F_FileReadSeq
                0x40025f8a                FILESYS_F_FileRead
                0x4002605c                FILESYS_F_FileOpen
                0x40026114                FILESYS_F_FileGetSize
                0x400261fe                FILESYS_F_FileRegisterNotificationCB
                0x40026290                FILESYS_F_FileDescSetOutdated
                0x400263e6                FILESYS_F_FileSetOutdated
                0x4002655c                FILESYS_F_FileVirtualSetUpToDate
                0x400266ea                FILESYS_F_FileAskReFill
                0x4002687e                FILESYS_F_FileAskFlush
                0x40026a28                FILESYS_F_FileRefresh
                0x40026b88                FILESYS_F_FileGetAccess
                0x40026cb6                FILESYS_F_InvalidateCache
                0x40026d3a                FILESYS_F_FileVirtualSetUnavailable
                0x40026eac                FILESYS_F_FileCacheInvalidate
                0x40026fcc                FILESYS_F_DoubleBufferNewDataAvailable
                0x40027128                FILESYS_F_DoubleBufferSwitch
                0x40027396                FILESYS_F_SourceRecover
                0x40027500                FILESYS_F_CopySourceInstanceGet
                0x4002760c                FILESYS_F_MonitorFileActivity
                0x4002769a                FILESYS_F_IsAMonitoredFile
                0x400277e4                FILESYS_F_ResetFileCache
                0x40027cea                FILESYS_F_MoveElemToDestListTail
                0x40027dac                FILESYS_F_ManageResetCacheAction
                0x40027e74                FILESYS_F_ManageFlushFileAction
                0x4002817e                FILESYS_F_FileFillCacheNotifyCb
                0x40028310                FILESYS_F_FillCache
                0x400289cc                FILESYS_F_ManageSourceOfOutdatedFile
                0x40028e0e                FILESYS_F_ReFillingCacheOfFile
                0x40028fee                FILESYS_F_ProcessSourcePeriodicTask
                0x400291c6                FILESYS_F_Create
                0x40029430                FILESYS_F_Config
                0x4002944a                FILESYS_F_Task
                0x4002972e                FILESYS_F_DatasetRetreivalAllow
                0x4002974a                FILESYS_F_DatasetRetreivalIsInProgressGet
                0x40029774                FILESYS_F_ProtocolVersionGet
                0x400297bc                FILESYS_F_TFTPServiceInit
 *fill*         0x40029846        0x2 
 .text          0x40029848      0x414 ../kernel/lib/CPU_B\libGCC_kernel.a(GCC_FILESYS_int.o)
                0x40029848                FILESYS_INT_SRC_F_SourceIsVolatile
                0x40029852                FILESYS_INT_SRC_F_SourceFileOpen
                0x40029a72                FILESYS_INT_SRC_F_SourceFileGetSize
                0x40029b1e                FILESYS_INT_SRC_F_CopySourceFileAsyncFillCache
                0x40029bfc                FILESYS_INT_SRC_F_SourceInit
 .text          0x40029c5c     0x41f4 ../kernel/lib/CPU_B\libGCC_kernel.a(GCC_FILESYS_tftp.o)
                0x40029c5c                FILESYS_TFTP_SRC_F_EntryReset
                0x40029eb8                FILESYS_TFTP_SRC_F_SourceInstanceCreate
                0x4002a00c                FILESYS_TFTP_SRC_F_IsSourceVolatile
                0x4002a016                FILESYS_TFTP_SRC_F_SourceFileGetSize
                0x4002a0a6                FILESYS_TFTP_SRC_F_SourceFileAsyncFillCache
                0x4002a3ac                FILESYS_TFTP_SRC_F_SourceInstanceGet
                0x4002a4f8                FILESYS_TFTP_SRC_SourceFileOpen
                0x4002a9ca                FILESYS_TFTP_SRC_F_CheckPendingTimerStatus
                0x4002aa6e                FILESYS_TFTP_F_ServiceClose
                0x4002aac0                FILESYS_TFTP_F_GetPrioFromIPAddr
                0x4002ab64                FILESYS_TFTP_SRC_F_FileStatusGet
                0x4002ae8a                FILESYS_TFTP_SRC_F_FileContentRead
                0x4002b1b0                FILESYS_TFTP_SRC_F_FileStatusGetCheck
                0x4002b9fc                FILESYS_TFTP_SRC_F_FileContentReadCheck
                0x4002bd42                FILESYS_TFTP_SRC_F_PeriodicTask
                0x4002cd30                FILESYS_TFTP_F_ServiceOpen
                0x4002d1da                FILESYS_TFTP_F_ManageCommandDetail
                0x4002d6dc                FILESYS_TFTP_F_ManageCommandRead
                0x4002da58                FILESYS_TFTP_F_ManageCommandInfo
                0x4002dbe6                FILESYS_TFTP_F_GetNewSession
                0x4002dcee                FILESYS_TFTP_F_ExtractGivenFile
 .text          0x4002de50      0x270 ../kernel/lib/CPU_B\libGCC_kernel.a(GCC_Flash.o)
                0x4002de50                FLASH_F_PreInit
                0x4002de66                FLASH_F_Create
                0x4002deb8                FLASH_F_Task
                0x4002df1a                FLASH_F_SuspendDirect
                0x4002df56                FLASH_F_ResumeDirect
                0x4002df92                FLASH_F_EraseDirect
                0x4002dfd8                FLASH_F_WriteDirect
                0x4002e022                FLASH_F_ReadDirect
                0x4002e06c                FLASH_F_MemsetDirect
 .text          0x4002e0c0     0x1636 ../kernel/lib/CPU_B\libGCC_kernel.a(GCC_Flash_Async.o)
                0x4002e0c0                FLASH_ASYNC_F_Init
                0x4002e118                FLASH_ASYNC_F_GetSubscribedDev
                0x4002e198                FLASH_ASYNC_F_SubscribeFlashDevice
                0x4002e690                FLASH_ASYNC_F_GetFlashDevice
                0x4002e6c8                FLASH_ASYNC_F_MallocAction
                0x4002e76c                FLASH_ASYNC_F_PostActionToPrioQ
                0x4002e8d2                FLASH_F_AskLock
                0x4002e954                FLASH_F_Unlock
                0x4002e9a4                FLASH_F_EraseAsync
                0x4002ea36                FLASH_F_WriteAsync
                0x4002ead8                FLASH_F_MemsetAsync
                0x4002eb82                FLASH_F_ReadAsync
                0x4002ec4e                FLASH_ASYNC_F_GetCurrentActionInfo
                0x4002ee9c                FLASH_ASYNC_F_StoreInCurrentActionList
                0x4002efaa                FLASH_ASYNC_F_BoostPrioSuspendedAction
                0x4002f094                FLASH_ASYNC_F_EvaluateActionsOnAllFlash
                0x4002f504                FLASH_ASYNC_F_ActionProcess
 *fill*         0x4002f6f6        0x2 
 .text          0x4002f6f8      0xca0 ../kernel/lib/CPU_B\libGCC_kernel.a(GCC_Flash_Direct.o)
                0x4002f6f8                FLASH_DRV_F_InitActionCtx
                0x4002f758                FLASH_DRV_F_ContinueLastOperation
                0x4002f904                FLASH_DRV_F_GetPartAccessSize
                0x4002fb70                FLASH_DRV_F_StartNewOperation
                0x4002ff16                FLASH_DRV_F_AccessPart
                0x40030004                FLASH_DRV_F_Suspend
                0x40030054                FLASH_DRV_F_Resume
                0x400300a4                FLASH_DRV_F_Erase
                0x40030156                FLASH_DRV_F_Write
                0x40030222                FLASH_DRV_F_Read
                0x400302ee                FLASH_DRV_F_Memset
 .text          0x40030398      0xa88 ../kernel/lib/CPU_B\libGCC_kernel.a(GCC_gdf.o)
                0x400303e4                GDF_F_FileNameCrcCompute
                0x40030492                GDF_F_FusesWrite
                0x40030592                GDF_F_FuseSwBurnArea
                0x400305d6                GDF_F_FuseSystemInSafety
                0x40030b2a                GDF_F_FuseXirq
                0x40030cae                GDF_F_LogInternal
                0x40030d18                GDF_F_DumpStack
                0x40030db0                GDF_F_FaultInternal
 .text          0x40030e20      0x8cc ../kernel/lib/CPU_B\libGCC_kernel.a(GCC_gdf_dump_tools.o)
                0x40030e20                GDF_DUMP_TOOLS_F_MemorizeModeBeforeGdf
                0x40030e4a                GDF_DUMP_TOOLS_F_WritePart
                0x4003113c                GDF_DUMP_TOOLS_F_DumpBuffer
                0x40031228                GDF_DUMP_TOOLS_F_DumpMemory
                0x40031664                GDF_DUMP_TOOLS_F_FaultFilteringStoreInfo
 .text          0x400316ec      0x4d6 ../kernel/lib/CPU_B\libGCC_kernel.a(GCC_MATH.o)
                0x400316ec                MATH_F_ComputeCRC32CCITT
                0x400317a2                MATH_F_LfsrShiftRight
                0x400317f4                MATH_F_LfsrPost
                0x4003181e                MATH_F_LfsrSub
                0x40031848                MATH_F_LfsrAdd
                0x400318b0                MATH_F_ComputeCRC32FSFB2ChanOne
                0x400319aa                MATH_F_ComputeCRC16CCITT
                0x40031ab6                MATH_F_KeyScramble
 *fill*         0x40031bc2        0x2 
 .text          0x40031bc4     0x2500 ../kernel/lib/CPU_B\libGCC_kernel.a(GCC_osw.o)
                0x40031bc4                OSW_F_MemCreate
                0x40031d1e                OSW_F_MemGet
                0x40031ef2                OSW_F_MemPut
                0x40031f62                OSW_F_SemCreate
                0x40031f8c                OSW_F_SemPend
                0x400320b8                OSW_F_SemPost
                0x400320fc                OSW_F_SemAccept
                0x40032140                OSW_F_QCreate
                0x40032192                OSW_F_QPost
                0x40032202                OSW_F_QPostFront
                0x40032272                OSW_F_QPend
                0x400323a8                OSW_F_QAccept
                0x40032418                OSW_F_FlagCreate
                0x40032464                OSW_F_FlagPost
                0x400324e8                OSW_F_FlagAccept
                0x40032570                OSW_F_FlagPend
                0x400326ba                OSW_F_TimeDly
                0x400326da                OSW_F_TickGet
                0x400326e8                OSW_F_TempoStart
                0x40032768                OSW_F_TempoReload
                0x40032888                OSW_F_TempoState
                0x4003292c                OSW_F_TempoRemainingTick
                0x40032a60                OSW_F_TempoStop
                0x40032abc                OSW_F_TaskPrioGet
                0x40032b04                OSW_F_IsOsStarted
                0x40032b28                OSW_F_PrioQCreate
                0x40032c0e                OSW_F_PrioQAddLevel
                0x40032ee8                OSW_F_ExtractMostPrioMessage
                0x40032ff2                OSW_F_PrioQPend
                0x400331a4                OSW_F_PrioQAccept
                0x400332a0                OSW_F_PrioQPost
                0x400334b0                OSW_F_PrioQHasPrioMessage
                0x40033566                OSW_F_ListInit
                0x400335c4                OSW_F_ListInsertBefore
                0x40033690                OSW_F_ListAddToTail
                0x4003375c                OSW_F_ListInsertAfter
                0x4003382c                OSW_F_ListAddToHead
                0x400338fc                OSW_F_ListExtractFromHead
                0x400339f2                OSW_F_ListExtractFromTail
                0x40033adc                OSW_F_ListRemove
                0x40033bdc                OSW_F_ListGetNext
                0x40033c54                OSW_F_FifoInit
                0x40033d44                OSW_F_FifoExtract
                0x40033e2c                OSW_F_FifoInsert
                0x40033f4e                OSW_F_QQuery
                0x40033fcc                OSW_F_SemQuery
                0x40034046                OSW_F_MemQuery
 .text          0x400340c4     0x1348 ../kernel/lib/CPU_B\libGCC_kernel.a(GCC_print.o)
                0x400340c4                PRINT_F_HardwareInit
                0x400344dc                PRINT_F_PrintfWithTaintInfo
                0x400347ea                PRINT_F_PrintfInternal
                0x40034840                PRINT_F_Create
                0x40034a4c                PRINT_F_Config
                0x40034a56                PRINT_F_Start
                0x40034a78                PRINT_F_Task
                0x40034b0c                PRINT_F_ReportActiveIntegration
                0x40034b3a                PRINT_F_PrintfAuth
                0x40034d18                PRINT_F_Report
                0x400352ec                PRINT_F_Printf
                0x40035360                DTXT_F_Report
                0x400353a4                DTXT_F_Printf
 .text          0x4003540c     0x12ea ../kernel/lib/CPU_B\libGCC_kernel.a(GCC_RECORD.o)
                0x4003540c                RECORD_F_CheckIntegrity
                0x400358a6                RECORD_F_EStampGetContents
                0x40035e8c                RECORD_F_Task
                0x40035f62                RECORD_F_Start
                0x400360d8                RECORD_F_StMainIdle
                0x400361bc                RECORD_F_StMainEventWrite
                0x40036334                RECORD_F_StMainBackupLog
                0x400364ac                RECORD_F_StMainFlush
                0x40036600                RECORD_F_Create
                0x400366a6                RECORD_F_GetElecStampStatus
                0x400366b4                RECORD_F_SetElecStampStatus
 *fill*         0x400366f6        0x2 
 .text          0x400366f8     0x11a8 ../kernel/lib/CPU_B\libGCC_kernel.a(GCC_RECORD_evt.o)
                0x400366f8                RECORD_EVT_F_IsBackupNeeded
                0x4003671e                RECORD_EVT_F_LogInit
                0x400367a6                RECORD_EVT_F_LogRun
                0x4003687c                RECORD_EVT_F_BackupInit
                0x400368da                RECORD_EVT_F_BackupRun
                0x4003690c                RECORD_EVT_F_StEvtLock
                0x40036a1a                RECORD_EVT_F_EventDirectWrite
                0x40036adc                RECORD_EVT_F_StEvtWrite
                0x40036bc0                RECORD_EVT_F_StEvtBckRead
                0x40036f68                RECORD_EVT_F_StEvtBckErase
                0x40037088                RECORD_EVT_F_StEvtBckVersionCrc
                0x400371d8                RECORD_EVT_F_IsEvtLogNeeded
                0x40037250                RECORD_EVT_F_EventStructureVersionCheck
                0x400373dc                RECORD_F_EventLogFreeSpaceManage
                0x400375e2                RECORD_F_EventDirectLog
                0x4003764c                RECORD_F_EventLog
                0x400377f2                RECORD_EVT_F_Create
 .text          0x400378a0     0x2444 ../kernel/lib/CPU_B\libGCC_kernel.a(GCC_RECORD_pda.o)
                0x400378ec                RECORD_PDA_F_SwitchFrontAndBackAreaBuffers
                0x4003791a                RECORD_PDA_F_GetAreaIndexFromId
                0x400379da                RECORD_F_AskFlush
                0x40037ad6                RECORD_F_AskFlushDirect
                0x40037b22                RECORD_F_ReserveArea
                0x40037dda                RECORD_PDA_F_IsFlushNeeded
                0x40037e16                RECORD_PDA_F_FlushRun
                0x40037e48                RECORD_PDA_F_InitRun
                0x40037e7a                RECORD_PDA_F_StInitCompareFrontAndBack
                0x400380b8                RECORD_PDA_F_FlushInit
                0x40038120                RECORD_PDA_F_InitInit
                0x40038190                RECORD_PDA_F_StFlushInit
                0x4003860a                RECORD_PDA_F_StFlushEnd
                0x40038950                RECORD_PDA_F_StFlushWriteSecondSector
                0x40038a28                RECORD_PDA_F_StFlushWriteFirstSector
                0x40038b4c                RECORD_PDA_F_StInitCopyRefSector
                0x40038c74                RECORD_PDA_F_StInitCheckHeaders
                0x40038fb0                RECORD_PDA_F_StInitResetAll
                0x400391aa                RECORD_PDA_F_Create
                0x40039206                RECORD_PDA_F_StInitOk
                0x40039326                RECORD_PDA_F_StInitHeaderDiffCheckRef
                0x40039464                RECORD_PDA_F_StInitHeaderEqualCheckSecond
                0x40039574                RECORD_PDA_F_StInitHeaderEqualCheckFirst
                0x4003967c                RECORD_F_Write
                0x400399ac                RECORD_F_WriteDirect
                0x40039a3c                RECORD_F_Read
 .text          0x40039ce4     0x186c ../kernel/lib/CPU_B\libGCC_kernel.a(GCC_RECORD_sector.o)
                0x40039ce4                RECORD_SECTOR_F_RunReadSector
                0x40039d16                RECORD_SECTOR_F_RunWriteSector
                0x40039d48                RECORD_SECTOR_F_StRdPrepareNextRead
                0x40039ef6                RECORD_SECTOR_F_StRdStart
                0x40039f9e                RECORD_SECTOR_F_InitReadSector
                0x4003a0b6                RECORD_SECTOR_F_InitWriteSector
                0x4003a1a4                RECORD_SECTOR_F_StRdAreaHeader
                0x4003a512                RECORD_SECTOR_F_StRdAreaData
                0x4003a8c4                RECORD_SECTOR_F_StRdEnd
                0x4003a998                RECORD_SECTOR_F_StWrSectErase
                0x4003aabc                RECORD_SECTOR_F_StWrSectStatus
                0x4003abfa                RECORD_SECTOR_F_StWrSectCpt
                0x4003ad36                RECORD_SECTOR_F_StWrSectWriteAreaHeaderStatus
                0x4003afd2                RECORD_SECTOR_F_StWrSectWriteAreaHeaderCrc
                0x4003b27a                RECORD_SECTOR_F_StWrSectWriteAreaData
 .text          0x4003b550     0x10a8 ../kernel/lib/CPU_B\libGCC_kernel.a(GCC_RECORD_stat.o)
                0x4003b59c                RECORD_STAT_F_CreatePareto
                0x4003b646                RECORD_STAT_F_EnablePareto
                0x4003b69e                RECORD_STAT_F_UpdatePareto
                0x4003b7a8                RECORD_STAT_F_DisablePareto
                0x4003b800                RECORD_STAT_F_InitStatistic
                0x4003b8fe                RECORD_STAT_F_EnableStatistic
                0x4003b96c                RECORD_STAT_F_DisableStatistic
                0x4003b9dc                RECORD_STAT_F_IsStatisticEnabled
                0x4003ba14                RECORD_STAT_F_ResetStatistic
                0x4003bab4                RECORD_STAT_F_StartStopwatch
                0x4003bb4e                RECORD_STAT_F_StopStopwatch
                0x4003bc94                RECORD_STAT_F_ResetStopwatch
                0x4003bd0c                RECORD_STAT_F_StopwatchElapsedTime
                0x4003be56                RECORD_STAT_F_StoreStatisticValue
                0x4003c04a                RECORD_STAT_F_GetGlobalMinValue
                0x4003c0d0                RECORD_STAT_F_GetGlobalMaxValue
                0x4003c156                RECORD_STAT_F_GetGlobalNbValues
                0x4003c1c2                RECORD_STAT_F_GetGlobalSumValue
                0x4003c248                RECORD_STAT_F_GetGlobalAverageValue
                0x4003c2e4                RECORD_STAT_F_GetMinValueFromRecords
                0x4003c3d2                RECORD_STAT_F_GetMaxValueFromRecords
                0x4003c4c0                RECORD_STAT_F_GetAverageValueFromRecords
 .text          0x4003c5f8      0x738 ../kernel/lib/CPU_B\libGCC_kernel.a(GCC_RECORD_utl.o)
                0x4003c644                RECORD_UTL_F_StChIsFinished
                0x4003c69c                RECORD_UTL_F_StChChangeState
                0x4003c6ee                RECORD_UTL_F_StChRunState
                0x4003c7e8                RECORD_UTL_F_StChInit
                0x4003c83e                RECORD_UTL_F_LogEnteringState
                0x4003c8b8                RECORD_UTL_F_FlashEndOperationNotif
                0x4003c9ca                RECORD_UTL_F_InitFlashEndOpNotif
                0x4003ca6e                RECORD_UTL_F_SpiFlashReadWaitFlag
                0x4003cb68                RECORD_UTL_F_SpiFlashWriteWaitFlag
                0x4003cc62                RECORD_UTL_F_SpiFlashEraseWaitFlag
 .text          0x4003cd30     0x1df6 ../kernel/lib/CPU_B\libGCC_kernel.a(GCC_Schedule.o)
                0x4003cd30                SCHED_F_GetFlashingGpioState
                0x4003cdba                SCHED_F_TickHook
                0x4003e3ea                SCHED_F_PreInit
                0x4003e560                SCHED_F_CreateAndStart
                0x4003e634                SCHED_P_Task
                0x4003e880                SCHED_F_FlashingHalfPeriodSet
                0x4003e89c                SCHED_F_CommonTimeInit
                0x4003e8e8                SCHED_F_CommonTimeGet
                0x4003e942                SCHED_F_CommonTimeReSynchronization
                0x4003eb0a                SCHED_F_IsCommonTimeSynchronized
                0x4003eb18                SCHED_F_RunlevelGet
 *fill*         0x4003eb26        0x2 
 .text          0x4003eb28      0x884 ../kernel/lib/CPU_B\libGCC_kernel.a(GCC_Schedule_gta.o)
                0x4003eb7c                SCHED_GTA_F_Init
                0x4003ec1e                SCHED_GTA_F_Create
                0x4003ee26                SCHED_GTA_F_WaitForConfig
                0x4003ef4e                SCHED_GTA_F_Config
                0x4003f076                SCHED_GTA_F_WaitForStart
                0x4003f204                SCHED_GTA_F_Start
                0x4003f32a                SCHED_GTA_F_StartCompleted
 .text          0x4003f3ac     0x2418 ../kernel/lib/CPU_B\libGCC_kernel.a(GCC_Schedule_launcher.o)
                0x4003f3ac                SCHED_LAUNCHER_F_BootFailedDisableUnusedTasks
                0x4003f4d6                SCHED_F_GetTaskIdFromPriority
                0x4003f568                SCHED_F_GetPriorityFromTaskId
                0x4003f5f6                SCHED_F_SetTaskRestrictiveModeOk
                0x4003f6e4                SCHED_F_IsTaskStarted
                0x4003f7f0                SCHED_F_GetNumberNominalTask
                0x4003f840                SCHED_LAUNCHER_F_EvaluateCycleWakeUp
                0x4003fb2e                SCHED_LAUNCHER_F_WakeupAllPeriodicTasks
                0x4003fd22                SCHED_LAUNCHER_F_RunLevelConfig
                0x4003fdf2                SCHED_LAUNCHER_F_RunLevelStart
                0x4003fff6                SCHED_LAUNCHER_F_RunLevelLaunch
                0x40040052                SCHED_LAUNCHER_F_CreateAllTasks
                0x400400e4                SCHED_LAUNCHER_F_CreateWDG
                0x400414ae                SCHED_LAUNCHER_F_PrepareStartup
 .text          0x400417c4     0x10d6 ../kernel/lib/CPU_B\libGCC_kernel.a(GCC_Schedule_utl.o)
                0x400417c4                SCHED_F_SetBootFuseState
                0x400417d8                SCHED_F_BootFuseState
                0x400417e6                SCHED_UTL_F_SetBoardMode
                0x400417fa                SCHED_F_GetBoardMode
                0x40041808                SCHED_UTL_F_SetNetworkLeds
                0x40041826                SCHED_F_GetLedCan
                0x40041834                SCHED_F_GetLedEth
                0x40041842                SCHED_F_EthLedClear
                0x4004188e                SCHED_F_EthLedToggle
                0x400418da                SCHED_UTL_F_SetFlashingGpio
                0x4004198a                SCHED_F_GetFlashingGpioInter
                0x40041998                SCHED_F_GetFlashingGpioIntra
                0x400419a6                SCHED_UTL_F_SetMaintenanceTable
                0x400419e8                SCHED_F_GetMaintenanceTable
                0x40041a54                SCHED_UTL_F_SetForceBid
                0x40041a88                SCHED_F_IsBidForced
                0x40041a96                SCHED_F_GetForcedBidValue
                0x40041ac0                SCHED_UTL_F_UserDataSet
                0x40041b14                SCHED_F_UserDataGet
                0x40041b3c                SCHED_F_UserDataIsProvided
                0x40041b4a                SCHED_F_SetReprogSafetyFlagValue
                0x40041b5e                SCHED_F_GetReprogSafetyFlagValue
                0x40041b6c                SCHED_F_SetReprogAuthoCallBack
                0x40041b80                SCHED_F_GetReprogAuthoCallBack
                0x40041b8e                SCHED_UTL_F_GuestMemoryInfoSet
                0x40041bc0                SCHED_F_GuestKeyMemoryGet
                0x40041bee                SCHED_F_GuestConfMemoryGet
                0x40041c64                SCHED_F_SetConfigKeyStatus
                0x40041cd2                SCHED_UTL_F_GetConfigKeyStatus
                0x40041ce0                SCHED_F_SetInitialFunctionalMode
                0x40041dd4                SCHED_F_SetFunctionalModeSafeState
                0x40041dee                SCHED_UTL_F_SetFunctionalMode
                0x40041e16                SCHED_F_IsFunctionalModeDefined
                0x40041e24                SCHED_F_GetFunctionalMode
                0x40041e32                SCHED_UTL_F_IsNominalModeReached
                0x40041e40                SCHED_UTL_F_GetRestrictiveTransitionState
                0x40041e4e                SCHED_F_IsRestrictiveTransition
                0x40041e78                SCHED_F_EndRestrictiveEventReasonLoggedCallback
                0x40041e8a                SCHED_F_SwitchRestrictiveMode
                0x40041f96                SCHED_UTL_F_NotifyRestrictiveRequestSent
                0x40041fa8                SCHED_UTL_F_NotifyRemoteTransitionState
                0x4004200a                SCHED_UTL_F_ManageRestrictiveSwitch
                0x40042330                SCHED_UTL_F_RestrictiveTransitionProtection
                0x40042390                SCHED_F_IsBoardRestrictive
                0x4004239e                SCHED_F_ResetWhenInRestrictiveMode
                0x400423b0                SCHED_F_GetResetWhenInRestrictiveMode
                0x400423be                SCHED_F_SwitchRestrictiveModeAndReset
                0x400423e2                SCHED_F_IsResetNeeded
                0x40042672                SCHED_F_RecordSwicthModeCB
                0x40042754                SCHED_F_BootStateSet
                0x40042768                SCHED_F_BootStateGet
                0x40042776                SCHED_F_NbFaultFilteringRebootSet
                0x4004278a                SCHED_F_NbFaultFilteringRebootGet
                0x40042798                SCHED_F_ExtractRunningMode
                0x40042840                SCHED_F_TaskInfoConfigure
 *fill*         0x4004289a        0x2 
 .text          0x4004289c        0x0 ../kernel/lib/CPU_B\libGCC_kernel.a(GCC_VCU_Start.o)
 .text          0x4004289c     0x4060 ../kernel/lib/CPU_B\libGCC_kernel.a(GCC_SDB.o)
                0x4004289c                SDB_F_Init
                0x40042b90                SDB_F_IsSynchronised
                0x40042bbc                SDB_F_PresenceTableRead
                0x40042cc8                SDB_F_PresenceTableFill
                0x40042d8e                SDB_F_NotificationAdd
                0x40042ea2                SDB_F_IsReadyToSendPdo
                0x40042f50                SDB_F_InputPdoDefaultGet
                0x40042f90                SDB_F_DatabaseRead
                0x40043320                SDB_F_MessageIdSubmit
                0x400434f2                SDB_F_MessageIdRequest
                0x400439fa                SDB_F_DataIdRequest
                0x40043d80                SDB_F_DataIdSubmit
                0x40044246                SDB_F_ReceivedDataAdd
                0x40044364                SDB_F_CurrentTransmitDBRead
                0x4004447c                SDB_F_NextTimeoutGet
                0x40044582                SDB_F_MergePdoTable
                0x4004468c                SDB_F_IntALifeTimeMgt
                0x40044854                SDB_F_NoficationFlagsPost
                0x40045258                SDB_F_FunctionalModeMgt
                0x4004549a                SDB_F_CheckIntALifeTime
                0x400461ec                SDB_F_MainProcess
                0x4004636e                SDB_F_Schedule
                0x400466ac                SDB_F_PreInitAPI
                0x400466bc                SDB_F_MaxLifeTimeStatusGet
 .text          0x400468fc      0xbf8 ../kernel/lib/CPU_B\libGCC_kernel.a(GCC_SDB_api.o)
                0x400468fc                SDB_API_F_PdoTableFromAlignedEqptClear
                0x40046bea                SDB_API_F_ConvertMessIdToPdoTable
                0x4004700a                SDB_API_F_PdoTableWithDefaultMessageFill
                0x40047090                SDB_API_F_InitUpdateMask
                0x40047142                SDB_API_F_BlockMessageIdFill
                0x4004724c                SDB_API_F_DbMemBlockGet
                0x400472c2                SDB_API_F_ReadDbAndKoo2Exchange
                0x4004736c                SDB_API_F_DbMemBlockPut
                0x4004745c                SDB_API_F_MemoryPartDbCreation
                0x400474c8                SDB_API_F_PreInit
                0x400474e2                SDB_API_F_ValidConfig
 .text          0x400474f4      0xc66 ../kernel/lib/CPU_B\libGCC_kernel.a(GCC_SDB_intercpu.o)
                0x400474f4                SDB_INTERCPU_F_ReceivedMsgRelease
                0x40047514                SDB_INTERCPU_F_BlockFomReceivedMsgGet
                0x40047764                SDB_INTERCPU_F_MsgWait
                0x40047ac0                SDB_INTERCPU_F_MsgToSendReinit
                0x40047d18                SDB_INTERCPU_F_MsgSend
                0x40047d5e                SDB_INTERCPU_F_BlockInMsgAppend
 *fill*         0x4004815a        0x2 
 .text          0x4004815c     0x10c6 ../kernel/lib/CPU_B\libGCC_kernel.a(GCC_SDB_ioplug.o)
                0x400481a8                SDB_IOPLUG_F_Init
                0x40048202                SDB_IOPLUG_F_Reset
                0x40048284                SDB_IOPLUG_F_InputDefaultTableUpdate
                0x400484a4                SDB_F_BooleanInputDefaultGet
                0x40048540                SDB_IOPLUG_F_InputPdoDefaultGet
                0x400485d0                SDB_IOPLUG_F_SteeringRedundancyProcess
                0x40048772                SDB_IOPLUG_F_DetectedGenericRedundancy
                0x40048ace                SDB_IOPLUG_F_DetectedBooleanRedundancy
                0x40048fb2                SDB_IOPLUG_F_DetectedRedundancyProcess
                0x400490c6                SDB_IOPLUG_F_ManagePDOTimeUpdateSteering
                0x40049158                SDB_IOPLUG_F_ManagePDOTimeUpdateDetected
 *fill*         0x40049222        0x2 
 .text          0x40049224     0x127c ../kernel/lib/CPU_B\libGCC_kernel.a(GCC_SDB_update.o)
                0x40049224                SDB_UPDATE_F_DBAccessPrepare
                0x40049296                SDB_UPDATE_F_UpdatedIOGet
                0x4004936e                SDB_UPDATE_F_Init
                0x400493d4                SDB_UPDATE_F_DbToRestrictiveSet
                0x4004945e                SDB_UPDATE_F_SteeringCanMerge
                0x400496e8                SDB_UPDATE_F_DetectedCanMerge
                0x40049cd8                SDB_UPDATE_F_RemainingUpdateBlocksAge
                0x40049e50                SDB_UPDATE_F_UpdateBlockMerge
                0x4004a460                SDB_UPDATE_F_PDORestrictStatusGet
 .text          0x4004a4a0     0x1244 ../kernel/lib/CPU_B\libGCC_kernel.a(GCC_SDB_updatelist.o)
                0x4004a4a0                SDB_UPDATELIST_F_BlockAddPdo
                0x4004a906                SDB_UPDATELIST_F_BlockRead
                0x4004aa44                SDB_UPDATELIST_F_CRCListGet
                0x4004ac14                SDB_UPDATELIST_F_BlockCreate
                0x4004ae22                SDB_UPDATELIST_F_SetBlockToRelease
                0x4004af0a                SDB_UPDATELIST_F_BlockToReleaseClean
                0x4004b2b4                SDB_UPDATELIST_F_BlockWrite
                0x4004b552                SDB_UPDATELIST_F_Init
                0x4004b5cc                SDB_UPDATELIST_F_BlockRelease
 .text          0x4004b6e4     0x1bb6 ../kernel/lib/CPU_B\libGCC_kernel.a(GCC_std.o)
                0x4004b6e4                __clear
                0x4004ba86                STD_F_Printk
                0x4004c6a8                STD_F_VSnprintf
                0x4004c752                STD_F_Snprintf
                0x4004c7ea                STD_F_Strlen
                0x4004c82e                STD_F_Strncat
                0x4004c91c                STD_F_Strncpy
                0x4004ca50                STD_F_Strncmp
                0x4004cb28                STD_F_Memcpy
                0x4004ccd0                STD_F_StrnLowerCaseSet
                0x4004cd76                STD_F_Memset
                0x4004cde2                STD_F_Memcmp
                0x4004ceb2                STD_F_Strtoul
                0x4004d1be                STD_F_GenericPause
                0x4004d270                STD_F_WaitOneMs
 *fill*         0x4004d29a        0x2 
 .text          0x4004d29c     0x19cc ../kernel/lib/CPU_B\libGCC_kernel.a(GCC_VOTE.o)
                0x4004d29c                VOTE_F_Init
                0x4004d2bc                VOTE_F_GetAndResetStat
                0x4004da90                VOTE_F_CpuWaitExt
                0x4004dbc6                VOTE_F_ReadExt
                0x4004dcfc                VOTE_F_Send
                0x4004e07e                VOTE_F_SendToCPU
                0x4004e5fe                VOTE_F_CpuSendExt
                0x4004e708                VOTE_F_WriteExt
                0x4004e7b4                VOTE_F_CpuExchangeExt
                0x4004e8ce                VOTE_F_System2oo2CheckExt
                0x4004e99a                VOTE_F_CycleEndExt
                0x4004eb18                VOTE_F_CycleBegin
                0x4004ec54                VOTE_F_K2oo2StatGet
 .text          0x4004ec68     0x273e ../kernel/lib/CPU_B\libGCC_kernel.a(GCC_VOTE_com.o)
                0x4004f09a                VOTE_F_SendAck
                0x4004f120                VOTE_F_CanSend
                0x4004f162                VOTE_F_EmissionLoop
                0x4004f486                VOTE_F_CheckTimeouts
                0x4005107e                VOTE_F_ReceptionLoop
                0x40051252                VOTE_F_ComInit
 *fill*         0x400513a6        0x2 
 .text          0x400513a8      0x996 ../kernel/lib/CPU_B\libGCC_kernel.a(GCC_VOTE_tsk.o)
                0x400513a8                VOTE_F_ModeRunningState
                0x400513c4                VOTE_TSK_F_GetSubscriptionInfoFromTaskId
                0x40051414                VOTE_F_SetFragmentationsize
                0x400514aa                VOTE_F_Subscribe
                0x400517b2                VOTE_F_Task
                0x400518e8                VOTE_F_Start
                0x40051918                VOTE_F_Create
                0x40051b9e                VOTE_TSK_F_EvaluateNotification
 *fill*         0x40051d3e        0x2 
 .text          0x40051d40      0x59e ../kernel/lib/CPU_B\libGCC_kernel.a(GCC_wdg.o)
                0x40051d8c                WDG_F_GetCPUUsageMax
                0x40051d9a                WDG_F_Enable
                0x40051dac                WDG_F_PeriodTableMinGet
                0x40051e1c                WDG_F_Load
                0x40051ffe                WDG_F_GetRemainingTickToEnableWdg
                0x40052036                WDG_F_SwWatchdog
                0x40052246                WDG_F_Create
 *fill*         0x400522de        0x2 
 .text          0x400522e0     0x67d6 ../kernel/lib/CPU_B\libGCC_kernel.a(GCC_viv.o)
                0x4005232c                VIV_F_ImageMemoryGet
                0x40052356                VIV_F_EndFlashAsync
                0x400523c6                VIV_F_FlashGetSectorNbFromAddr
                0x40052416                VIV_F_GetMemoryType
                0x4005250e                VIV_F_GetSession
                0x400526f4                VIV_F_InitService
                0x40052892                VIV_F_IsFlashSectorAllowed
                0x4005294a                VIV_F_LockSession
                0x400529f4                VIV_F_UnlockSession
                0x40052a60                VIV_F_ManageCommandCpuReset
                0x40052cda                VIV_F_ManageCommandGetAllVersion
                0x400530c2                VIV_F_ManageCommandGetVivVersion
                0x400531d2                VIV_F_ManageCommandEraseSector
                0x40053658                VIV_F_ManageCommandMemRead
                0x40053b24                VIV_F_ManageCommandMemReadInit
                0x40053e80                VIV_F_ManageCommandStatus
                0x4005452e                VIV_F_ManageCommandTrigger
                0x4005491e                VIV_F_ManageCommandWatchpoint
                0x40054d68                VIV_F_ManageCommandReprog
                0x4005510c                VIV_F_ManageCommandReprogLock
                0x4005551e                VIV_V_GetOldestSession
                0x400555dc                VIV_F_ManageCommandSessionOpen
                0x4005591c                VIV_F_ManageCommandBreakpoint
                0x40055c08                VIV_F_ManageCommandMemWrite
                0x40056066                VIV_F_ManageCommandKill
                0x400562ea                VIV_F_ManageCommandInfo
                0x40056592                VIV_F_ManageCommandResetDump
                0x40056826                VIV_F_ManageCommandSessionClose
                0x40056afe                VIV_F_ManageCommandMemReadInitRequestCheck
                0x4005709a                VIV_F_RegisterTriggeredFunction
                0x40057218                VIV_F_ManageCommandMemReadInitCheckAsyncRead
                0x40057560                VIV_F_EndEraseImageCallback
                0x4005769a                VIV_F_EndWriteImageCallback
                0x4005775e                VIV_F_EndlogCallback
                0x4005780c                VIV_F_ManageCommandUpdate
                0x40057a6e                VIV_F_ManageCommandVersion
                0x40057c1a                VIV_F_OpenCases
                0x4005806a                VIV_F_OpenConnectionVivisection
                0x40058310                VIV_F_RegularClose
                0x4005835e                VIV_F_CommandKillClose
                0x400583ba                VIV_F_MemWriteClose
                0x400583fc                VIV_F_EraseSectorClose
                0x40058508                VIV_F_ResetClose
                0x4005855c                VIV_F_BreakpointClose
                0x40058602                VIV_F_WatchpointClose
                0x400586ce                VIV_F_MemReadInitClose
                0x4005874a                VIV_F_TriggerClose
                0x40058826                VIV_F_ResetDumpClose
                0x400588b0                VIV_F_UpdateClose
                0x40058902                VIV_F_CloseConnectionVivisection
 *fill*         0x40058ab6        0x2 
 .text          0x40058ab8      0x2d0 ../kernel/lib/CPU_B\libGCC_kernel.a(GCC_Drv_CAU_Lib.o)
                0x40058ab8                MATH_F_ComputeDES
                0x40058c82                MATH_F_ComputeSHA1
 .text          0x40058d88      0x6b2 ../kernel/lib/CPU_B\libGCC_kernel.a(GCC_Drv_BID_Lib.o)
                0x40058d88                Drv_BID_F_GpioExpanderReadReg
                0x40058e5e                Drv_BID_F_InitializeGpioExpander
                0x40058fbc                Drv_BID_F_GpioExpanderWriteReg
                0x40059070                Drv_BID_F_GpioExpanderSetAndCheck
                0x40059196                Drv_BID_F_BidRead
 *fill*         0x4005943a        0x2 
 .text          0x4005943c      0x2b2 ../kernel/lib/CPU_B\libGCC_kernel.a(GCC_Drv_Boot_Module.o)
                0x4005943c                BOOT_F_Check_Copied_Crc
 *fill*         0x400596ee        0x2 
 .text          0x400596f0      0x20a ../kernel/lib/CPU_B\libGCC_kernel.a(GCC_Drv_Boot_Utils.o)
                0x4005973c                Drv_CAN_ETH_F_Disable
                0x4005975c                Drv_Ext_WatchDog_F_Enable
                0x4005977c                Drv_Ext_WatchDog_F_Disable
                0x4005979c                Drv_Ext_WatchDog_F_Feed
                0x400597bc                Drv_F_IRQ7_Disable
                0x4005980a                Drv_F_IRQ7_Enable
                0x40059858                Drv_Version_Get
 *fill*         0x400598fa        0x2 
 .text          0x400598fc       0x2e ../kernel/lib/CPU_B\libGCC_kernel.a(GCC_Drv_Cache_Lib.o)
                0x400598fc                Drv_Cache_F_Invalidate
 *fill*         0x4005992a        0x2 
 .text          0x4005992c     0x40de ../kernel/lib/CPU_B\libGCC_kernel.a(GCC_Drv_Can_Lib.o)
                0x4005992c                Drv_CAN_F_CanBusActiveChannelGet
                0x4005993a                Drv_CAN_F_FlexcanTochannel
                0x4005998a                Drv_CAN_F_TxInterruptStop
                0x40059994                Drv_CAN_F_TxInterruptStart
                0x4005999e                Drv_CAN_F_OSVectSet
                0x40059a26                Drv_CAN_F_BusStateGet
                0x40059a6c                Drv_CAN_F_Start
                0x40059b2c                Drv_CAN_F_Stop
                0x40059bee                Drv_CAN_F_HardwareInit
                0x4005a020                Drv_CAN_F_PreviousCycleEndCheck
                0x4005a1a2                Drv_CAN_F_CanBusStateGet
                0x4005a224                Drv_CAN_F_FrameSend
                0x4005a75e                Drv_CAN_F_ErrorTest
                0x4005a88c                Drv_CAN_F_BusOffTest
                0x4005a9d4                Drv_CAN_F_IsrCan1BusOff
                0x4005aa24                Drv_CAN_F_IsrCan0BusOff
                0x4005aa76                Drv_CAN_F_FullBufferProcess
                0x4005b0fc                Drv_CAN_F_TopHalfISR
                0x4005b978                Drv_CAN_F_SendExtFrame
                0x4005bad8                Drv_CAN_F_SendExtFrameStartPump
                0x4005bb72                Drv_CAN_F_TxExtInterrupt
                0x4005bc74                Drv_CAN_F_SdoFreeTxBufferFind
                0x4005bda8                Drv_CAN_F_PdoFreeTxBufferFind
                0x4005bf84                Drv_CAN_F_WriteFrameRequestViaFifo
                0x4005c318                Drv_CAN_F_WriteFrameRequest
                0x4005c734                Drv_CAN_F_TxPdoInterrupt
                0x4005c9e0                Drv_CAN_F_TxSdoInterrupt
                0x4005cc8c                Drv_CAN_F_Init
                0x4005cea4                Drv_CAN_F_Flush
                0x4005d008                Drv_CAN_F_ActiveBusSet
                0x4005d07c                CAN_F_IsrBottomHalfTaskStart
                0x4005d0ca                CAN_F_IsrBottomHalfTaskCreate
                0x4005d1ee                CAN_F_IsrBottomHalfTask
                0x4005d6ea                Drv_CAN_F_CheckMBAfterFifo
                0x4005d92e                Drv_CAN_F_KickToSendFifo
 *fill*         0x4005da0a        0x2 
 .text          0x4005da0c     0x2e06 ../kernel/lib/CPU_B\libGCC_kernel.a(GCC_Drv_Fec_Lib.o)
                0x4005da58                Drv_Fec_F_IsFrameToBeReceived
                0x4005dfba                Drv_Fec_F_FrameProcessing
                0x4005e4de                Drv_Fec_F_ReceiveStoreFrame
                0x4005ebd0                Drv_Fec_F_ConflictIpCheck
                0x4005ed5c                IPSTACK_F_NumberOfIpConflictDetectedGet
                0x4005eda0                Drv_Fec_F_Disable
                0x4005ee64                Drv_Fec_F_Enable
                0x4005f29c                Drv_Fec_F_RxHandler
                0x4005f302                Drv_Fec_F_RxHandler1
                0x4005f80e                Drv_Fec_F_InitHW
                0x4005fcde                Drv_Fec_F_ConflictIPStartFiltering
                0x4005fd2e                Drv_Fec_F_ConflictIPAllowStart
                0x4005fd7e                IPSTACK_F_OverflowCountGet
                0x4005fe18                Drv_Fec_F_CheckFloodTempo
                0x4005ff36                IPSTACK_F_NbCrcErrorGet
                0x4006002c                IPSTACK_F_NbCrcOKGet
                0x40060122                Drv_Fec_F_Send
                0x40060750                Drv_Fec_F_PHYSTS_Get
 *fill*         0x40060812        0x2 
 .text          0x40060814      0xdba ../kernel/lib/CPU_B\libGCC_kernel.a(GCC_Drv_Flash_Parallel_Lib.o)
                0x40060814                Drv_FLASH_PARALLEL_F_Init
                0x40060996                Drv_FLASH_PARALLEL_F_AccessEraseAddresses
                0x400609fa                Drv_FLASH_PARALLEL_F_AccessMaxReadSize
                0x40060a94                Drv_FLASH_PARALLEL_F_AccessMaxWriteSize
                0x40060b2e                Drv_FLASH_PARALLEL_F_FlashUnlockByPassModeEnter
                0x40060bb0                Drv_FLASH_PARALLEL_F_FlashUnlockByPassModeExit
                0x40060c22                Drv_FLASH_PARALLEL_F_FlashUnlockWordWrite
                0x40060cb8                Drv_FLASH_PARALLEL_F_FlashReady
                0x40060e50                Drv_FLASH_PARALLEL_F_CheckOperationAuth
                0x40060f3e                Drv_FLASH_PARALLEL_F_OperationSuspend
                0x40061048                Drv_FLASH_PARALLEL_F_OperationResume
                0x40061106                Drv_FLASH_PARALLEL_F_Erase
                0x40061232                Drv_FLASH_PARALLEL_F_Write
                0x400613a8                Drv_FLASH_PARALLEL_F_Read
                0x4006142a                Drv_FLASH_PARALLEL_F_Memset
                0x400614da                Drv_FLASH_PARALLEL_F_OperationStatus
 *fill*         0x400615ce        0x2 
 .text          0x400615d0      0xf40 ../kernel/lib/CPU_B\libGCC_kernel.a(GCC_Drv_Flash_Spi_Lib.o)
                0x400615d0                Drv_FLASH_SPI_F_Write_Enable
                0x4006166a                Drv_FLASH_SPI_F_PageEndSize
                0x400616ca                Drv_FLASH_SPI_F_AccessEraseAddresses
                0x40061776                Drv_FLASH_SPI_F_AccessMaxReadSize
                0x400617c8                Drv_FLASH_SPI_F_AccessMaxWriteSize
                0x40061810                Drv_FLASH_SPI_F_Erase
                0x400619c6                Drv_FLASH_SPI_F_Write
                0x40061c1c                Drv_FLASH_SPI_F_Read
                0x40061e5e                Drv_FLASH_SPI_F_Memset
                0x40061f34                Drv_FLASH_SPI_F_OperationStatus
                0x400620f6                Drv_FLASH_SPI_F_Init
                0x400623a2                Drv_FLASH_SPI_F_Is_Missing
 .text          0x40062510      0x94c ../kernel/lib/CPU_B\libGCC_kernel.a(GCC_Drv_Gpio.o)
                0x40062510                GPIO_F_CpuIdGet
                0x4006253a                GPIO_F_InitGuest
                0x40062894                GPIO_F_CSInitGuest
                0x400629f4                GPIO_F_Set
                0x40062b0c                GPIO_F_Toggle
                0x40062cba                GPIO_F_Read
                0x40062d3e                GPIO_F_Clear
 .text          0x40062e5c        0x0 ../kernel/lib/CPU_B\libGCC_kernel.a(GCC_Drv_MMU_Lib.o)
 .text          0x40062e5c        0x0 ../kernel/lib/CPU_B\libGCC_kernel.a(GCC_Drv_SDRAM_Lib.o)
 .text          0x40062e5c      0x636 ../kernel/lib/CPU_B\libGCC_kernel.a(GCC_Drv_Spi_Lib.o)
                0x40062ea8                Drv_SPI_F_Init