Archive member included to satisfy reference by file (symbol)

../kernel/lib/CPU_B\libGCC_kernel.a(GCC_VCU_Start_Asm.o)
                              (_startup)
../kernel/lib/CPU_B\libGCC_kernel.a(GCC_mstep.o)
                              ./out/CPU_B/GCC_com.o (MSTEP_F_StatFecOverflowCountGet)
../kernel/lib/CPU_B\libGCC_kernel.a(GCC_BIT_fuse.o)
                              ../kernel/lib/CPU_B\libGCC_kernel.a(GCC_mstep.o) (BIT_F_SafetyFlagBreak)
../kernel/lib/CPU_B\libGCC_kernel.a(GCC_BIT_survey.o)
                              ../kernel/lib/CPU_B\libGCC_kernel.a(GCC_mstep.o) (BIT_F_GetParameters)
../kernel/lib/CPU_B\libGCC_kernel.a(GCC_can.o)
                              ../kernel/lib/CPU_B\libGCC_kernel.a(GCC_mstep.o) (CAN_F_OtherStepperModuleIdGet)
../kernel/lib/CPU_B\libGCC_kernel.a(GCC_can_ard.o)
                              ../kernel/lib/CPU_B\libGCC_kernel.a(GCC_can.o) (CAN_ARD_F_FirstFrameMemblockGet)
../kernel/lib/CPU_B\libGCC_kernel.a(GCC_can_config.o)
                              ../kernel/lib/CPU_B\libGCC_kernel.a(GCC_can.o) (CAN_CONF_F_GetFlashingPeriod)
../kernel/lib/CPU_B\libGCC_kernel.a(GCC_can_emcy.o)
                              ../kernel/lib/CPU_B\libGCC_kernel.a(GCC_can.o) (CAN_EMCY_F_EmcyReceive)
../kernel/lib/CPU_B\libGCC_kernel.a(GCC_can_od.o)
                              ../kernel/lib/CPU_B\libGCC_kernel.a(GCC_can.o) (CAN_F_ODVersionGet)
../kernel/lib/CPU_B\libGCC_kernel.a(GCC_can_odplug.o)
                              ../kernel/lib/CPU_B\libGCC_kernel.a(GCC_can_od.o) (CAN_ODPLUG_F_CheckFilter)
../kernel/lib/CPU_B\libGCC_kernel.a(GCC_can_open.o)
                              ../kernel/lib/CPU_B\libGCC_kernel.a(GCC_can_od.o) (CAN_OPEN_V_ODVersion)
../kernel/lib/CPU_B\libGCC_kernel.a(GCC_can_saddle.o)
                              ../kernel/lib/CPU_B\libGCC_kernel.a(GCC_can_ard.o) (CAN_SADDLE_F_StoreRecvFrame)
../kernel/lib/CPU_B\libGCC_kernel.a(GCC_can_safety.o)
                              ../kernel/lib/CPU_B\libGCC_kernel.a(GCC_can.o) (CAN_F_SafetyConfigure)
../kernel/lib/CPU_B\libGCC_kernel.a(GCC_can_sdo.o)
                              ../kernel/lib/CPU_B\libGCC_kernel.a(GCC_can_od.o) (CAN_SDO_F_ConvertErrorCode)
../kernel/lib/CPU_B\libGCC_kernel.a(GCC_can_time.o)
                              ../kernel/lib/CPU_B\libGCC_kernel.a(GCC_mstep.o) (CAN_F_TimeCanOpenGet)
../kernel/lib/CPU_B\libGCC_kernel.a(GCC_CONF.o)
                              ../kernel/lib/CPU_B\libGCC_kernel.a(GCC_can_config.o) (CONF_F_ValidationFuncSubscribe)
../kernel/lib/CPU_B\libGCC_kernel.a(GCC_CONF_local.o)
                              ../kernel/lib/CPU_B\libGCC_kernel.a(GCC_mstep.o) (CONF_F_GetDataVersion)
../kernel/lib/CPU_B\libGCC_kernel.a(GCC_CONF_src.o)
                              ../kernel/lib/CPU_B\libGCC_kernel.a(GCC_CONF_local.o) (Drv_BID_F_SourceInstanceGet)
../kernel/lib/CPU_B\libGCC_kernel.a(GCC_FCODE.o)
                              ../kernel/lib/CPU_B\libGCC_kernel.a(GCC_CONF.o) (FCODE_F_FailureCodeClear)
../kernel/lib/CPU_B\libGCC_kernel.a(GCC_FILESYS.o)
                              ../kernel/lib/CPU_B\libGCC_kernel.a(GCC_CONF_local.o) (FILESYS_F_MemoryAreaInit)
../kernel/lib/CPU_B\libGCC_kernel.a(GCC_FILESYS_int.o)
                              ../kernel/lib/CPU_B\libGCC_kernel.a(GCC_FILESYS.o) (FILESYS_INT_SRC_V_CopySourceDesc)
../kernel/lib/CPU_B\libGCC_kernel.a(GCC_FILESYS_tftp.o)
                              ../kernel/lib/CPU_B\libGCC_kernel.a(GCC_FILESYS.o) (FILESYS_TFTP_V_bModuleDatasetRetrivalAllowed)
../kernel/lib/CPU_B\libGCC_kernel.a(GCC_Flash.o)
                              ../kernel/lib/CPU_B\libGCC_kernel.a(GCC_BIT_fuse.o) (FLASH_F_EraseDirect)
../kernel/lib/CPU_B\libGCC_kernel.a(GCC_Flash_Async.o)
                              ../kernel/lib/CPU_B\libGCC_kernel.a(GCC_Flash.o) (FLASH_ASYNC_F_Init)
../kernel/lib/CPU_B\libGCC_kernel.a(GCC_Flash_Direct.o)
                              ../kernel/lib/CPU_B\libGCC_kernel.a(GCC_Flash_Async.o) (FLASH_DRV_F_InitActionCtx)
../kernel/lib/CPU_B\libGCC_kernel.a(GCC_gdf.o)
                              ../kernel/lib/CPU_B\libGCC_kernel.a(GCC_BIT_fuse.o) (GDF_F_FusesWrite)
../kernel/lib/CPU_B\libGCC_kernel.a(GCC_gdf_dump_tools.o)
                              ../kernel/lib/CPU_B\libGCC_kernel.a(GCC_gdf.o) (GDF_DUMP_TOOLS_F_MemorizeModeBeforeGdf)
../kernel/lib/CPU_B\libGCC_kernel.a(GCC_MATH.o)
                              ../kernel/lib/CPU_B\libGCC_kernel.a(GCC_mstep.o) (MATH_F_ComputeCRC32CCITT)
../kernel/lib/CPU_B\libGCC_kernel.a(GCC_osw.o)
                              ../kernel/lib/CPU_B\libGCC_kernel.a(GCC_can.o) (OSW_F_MemCreate)
../kernel/lib/CPU_B\libGCC_kernel.a(GCC_print.o)
                              ../kernel/lib/CPU_B\libGCC_kernel.a(GCC_gdf.o) (PRINT_F_PrintfAuth)
../kernel/lib/CPU_B\libGCC_kernel.a(GCC_RECORD.o)
                              ../kernel/lib/CPU_B\libGCC_kernel.a(GCC_CONF_local.o) (RECORD_F_CheckIntegrity)
../kernel/lib/CPU_B\libGCC_kernel.a(GCC_RECORD_evt.o)
[...]
Memory Configuration

Name             Origin             Length             Attributes
dummy            0x00000000         0x00000001         xrw
vector_ram       0x81000000         0x00000500         xrw
sram             0x81000000         0x00010000         xrw
sram_user        0x81000500         0x0000f700         xrw
sram_stack_boot  0x8100fc00         0x00000400         xrw
ext_sdram_data   0x44000000         0x01000000         xrw
ext_flash        0x20000000         0x00320000         xr
ext_flash_ES     0x20320000         0x00ce0000         xr
ext_sdram_code   0x40000000         0x00800000         xrw
*default*        0x00000000         0xffffffff

Linker script and memory map

LOAD ./out/CPU_B/GCC_com.o
LOAD ./out/CPU_B/GCC_com4_mnt.o
LOAD ./out/CPU_B/GCC_guest.o
LOAD ./out/CPU_B/GCC_crc_result.o

.vector_ram     0x81000000        0x0

.sram           0x81000000        0x0

.ext_sdram_data
                0x44000000        0x0

.ext_flash      0x20000000        0x0

.sram_user      0x81000500        0x0

.ext_sdram_code
                0x40000000        0x0

.ext_flash_ES   0x20320000        0x0

.boot           0x20000000     0x2c7c
                0x20000000                __START_VECTOR_ROM = .
 *(.textvectors)
 .textvectors   0x20000000      0x800 ../kernel/lib/CPU_B\libGCC_kernel.a(GCC_exceptions.o)
                0x20000000                _BOOT_VECTOR_ROM
                0x20000400                _BOOT_VECTOR_TO_RAM
 *(.rodatavectors)
                0x20000800                __END_VECTOR_ROM = .
                0x20000800                __START_BOOT_ROM = .
 *(.textboot)
 .textboot      0x20000800       0x28 ../kernel/lib/CPU_B\libGCC_kernel.a(GCC_VCU_Start_Asm.o)
                0x20000800                _startup
                0x20000808                _VCU_BOOT_F_StartMeUp
 .textboot      0x20000828       0x80 ../kernel/lib/CPU_B\libGCC_kernel.a(GCC_VCU_Start.o)
                0x20000828                main
 .textboot      0x200008a8     0x1084 ../kernel/lib/CPU_B\libGCC_kernel.a(GCC_Drv_Boot_Module.o)
                0x200008a8                BOOT_F_Init
                0x20000c9e                BOOT_F_Set_uninit_var
                0x20000d42                BOOT_F_Copy_data_to_ram
                0x20000fe6                BOOT_F_Check_Flash_Crc
                0x2000128a                BOOT_F_IsHotReboot
                0x20001298                BOOT_F_IsTransplantable
                0x200012a6                BOOT_F_GetParameters
                0x2000139c                BOOT_F_FuseCheck
                0x200017c8                BOOT_F_CheckCRC32CCITT
                0x200018ae                BOOT_F_IsRunningInRAM
                0x200018be                BOOT_F_MemoryTestSignatureGet
 .textboot      0x2000192c      0x914 ../kernel/lib/CPU_B\libGCC_kernel.a(GCC_Drv_Boot_Utils.o)
                0x2000192c                BOOT_F_Fuse
                0x20001a02                Drv_Clk_F_Init
                0x20001b2c                Drv_FlexBus_F_Pin_Init
                0x20001b5e                Drv_CS_F_Init
                0x20001bfa                Drv_Spi_F_Pin_Init
                0x20001cb4                Drv_Can_F_Pin_Init
                0x20001d2a                Drv_Channel_Config_Pin_Init
                0x20001d5a                Drv_CAN_ETH_F_Init
                0x20001d8a                Drv_CAN_ETH_F_Enable
                0x20001daa                Drv_Ext_WatchDog_F_Init
                0x20001dda                Drv_Uart_F_Pin_Init
                0x20001e0c                Drv_Fec_F_Pin_Init
                0x20001e2a                Drv_Eport_F_Init
                0x20001fa2                Drv_Device_F_Power
                0x2000209e                Drv_Device_F_Pin_Init
 .textboot      0x20002240      0x238 ../kernel/lib/CPU_B\libGCC_kernel.a(GCC_Drv_Cache_Lib.o)
                0x20002240                Drv_Cache_F_Init
                0x20002460                Drv_Cache_F_Disable
 .textboot      0x20002478      0x118 ../kernel/lib/CPU_B\libGCC_kernel.a(GCC_Drv_MMU_Lib.o)
                0x20002478                Drv_Mmu_Add_Region
 .textboot      0x20002590      0x232 ../kernel/lib/CPU_B\libGCC_kernel.a(GCC_Drv_SDRAM_Lib.o)
                0x20002590                Drv_SDRAM_F_Init
 .textboot      0x200027c2       0x46 ../kernel/lib/CPU_B\libGCC_kernel.a(GCC_exceptions.o)
                0x200027c2                BOOT_INT_HANDLERS_F_IrqHandler
 .textboot      0x20002808        0xc ../kernel/lib/CPU_B\libGCC_kernel.a(GCC_VCU_Exception_Asm.o)
                0x20002808                BOOT_MCF5441x_F_AsmRomExceptionHandler
 .textboot      0x20002814       0x56 ../kernel/lib/CPU_B\libGCC_kernel.a(GCC_mcf5xxx_lo.o)
                0x20002814                BOOT_MCFXXXX_F_LoWrCacr
                0x20002820                BOOT_MCFXXXX_F_LoWrAcr0
                0x2000282c                BOOT_MCFXXXX_F_LoWrAcr1
                0x20002838                BOOT_MCFXXXX_F_LoWrAcr2
                0x20002844                BOOT_MCFXXXX_F_LoWrAcr3
                0x20002850                mcf5xxx_wr_vbr
                0x2000285c                _cpu_cache_flush
 *(.rodataboot)
 *fill*         0x2000286a        0x2 
 .rodataboot    0x2000286c       0x10 ../kernel/lib/CPU_B\libGCC_kernel.a(GCC_Drv_Boot_Module.o)
 .rodataboot    0x2000287c      0x400 ../kernel/lib/CPU_B\libGCC_kernel.a(GCC_Drv_Boot_Utils.o)
                0x2000287c                BOOT_Table_CRC32_CCITT
 *(.rodataboot.str1.1)
                0x20002c7c                . = ALIGN (0x4)
                0x20002c7c                __END_BOOT_ROM = .
                0x20000000                __EXT_FLASH = ADDR (.boot)
                0x20002c7c                __CRC_FLASH_START = (__EXT_FLASH + (__END_BOOT_ROM - __START_VECTOR_ROM))

.crc            0x20002c7c       0x50
                0x20002c7c                __CRC_ROM_START = .
                0x20002c7c        0x4 LONG 0x23544845
                0x20002c80        0x4 LONG 0x53484f57
                0x20002c84        0x4 LONG 0x4d555354
                0x20002c88        0x4 LONG 0x474f4f4e
 *(.CRC)
 .CRC           0x20002c8c       0x40 ./out/CPU_B/GCC_crc_result.o
                0x20002c8c                p_CPU_A_Crc_boot
                0x20002c90                p_CPU_A_Crc_vector
                0x20002c94                p_CPU_A_Crc_code
                0x20002c98                p_CPU_A_Crc_code_sram
                0x20002c9c                p_CPU_A_Crc_sram
                0x20002ca0                p_CPU_A_Crc_const_sram
                0x20002ca4                p_CPU_A_Crc_ext_sdram
                0x20002ca8                p_CPU_A_Crc_const_ext_sdram
                0x20002cac                p_CPU_B_Crc_boot
                0x20002cb0                p_CPU_B_Crc_vector
                0x20002cb4                p_CPU_B_Crc_code
                0x20002cb8                p_CPU_B_Crc_code_sram
                0x20002cbc                p_CPU_B_Crc_sram
                0x20002cc0                p_CPU_B_Crc_const_sram
                0x20002cc4                p_CPU_B_Crc_ext_sdram
                0x20002cc8                p_CPU_B_Crc_const_ext_sdram
                0x20002ccc                . = ALIGN (0x4)
                0x20002ccc                __CRC_ROM_END = .
                0x20002ccc                __CODE_FLASH_START = (__CRC_FLASH_START + (__CRC_ROM_END - __CRC_ROM_START))

.code           0x40000000    0xc65b4 load address 0x20002ccc
                0x40000000                __START_CODE_ROM = .
 *(.rodata.str1.1)
 *(.text)
 .text          0x40000000      0x5f8 ./out/CPU_B/GCC_com.o
 .text          0x400005f8     0x11ac ./out/CPU_B/GCC_com4_mnt.o
                0x400005f8                GetRackNumandSlotNumFromIpAddr
                0x400006f8                AddTotalHeaderToMNTBuf
                0x4000083c                COM4_F_MNT_Init
                0x400008bc                COM4_F_MNT_TFTPGetFreeMoniTftpBuf
                0x400009fe                COM4_F_MNT_TFTPReleaseMoniTftpBuf
                0x40000a3c                COM4_F_MNT_ServiceOpen
                0x40000c44                COM4_F_MNT_ServiceClose
                0x400014be                COM4_F_MNT_UploadMoniByUdp
                0x4000160c                COM4_F_MNT_UdpReqRcv
 .text          0x400017a4      0x6bc ./out/CPU_B/GCC_guest.o
                0x400017a4                GUEST_F_ReprogAutho
                0x400017ae                GUEST_F_SystemSetup
                0x40001a86                GUEST_F_IoSetupGet
                0x40001aac                GUEST_F_On_GDFSafe
                0x40001ad2                GUEST_F_On_GDFEnding
                0x40001b4a                GUEST_F_On_BootFailed
                0x40001b6c                GUEST_F_On_Printf
                0x40001baa                GUEST_F_AllocateMemorySpaceForKernel
                0x40001cec                GUEST_F_ConfigSubAreaCheck
                0x40001cf6                GUEST_F_On_SafetyFlagsInit
                0x40001d52                GUEST_F_On_MEVODefaultSet
                0x40001d8e                GUEST_F_ApplicationSwVersionGet
                0x40001d9c                GUEST_F_FaultFilteringTimerGet
                0x40001dae                GUEST_F_Srtt_RxProcess
                0x40001dc8                GUEST_F_Srtt_TxProcess
                0x40001de2                GUEST_F_TxProcess
                0x40001dfc                GUEST_F_GetSrttTime
                0x40001e12                GUEST_F_GetNetLapseTime
                0x40001e28                GUEST_F_PDOForgiveCntGet
                0x40001e32                GUEST_F_GetPrintLevel
                0x40001e3c                GUEST_F_FSFB2_RxData
                0x40001e4e                GUEST_F_FSFB2_TxData
 .text          0x40001e60        0x0 ./out/CPU_B/GCC_crc_result.o
 .text          0x40001e60        0x0 ../kernel/lib/CPU_B\libGCC_kernel.a(GCC_VCU_Start_Asm.o)
 .text          0x40001e60     0x2960 ../kernel/lib/CPU_B\libGCC_kernel.a(GCC_mstep.o)
                0x40001e60                MSTEP_F_PDAAskFlush
                0x40001e80                MSTEP_F_PDAWrite
                0x40001efa                MSTEP_F_PDARead
                0x40001f80                MSTEP_F_PDAReserveArea
                0x400020ee                MSTEP_F_TftpServiceSubscribe
                0x4000218a                MSTEP_F_MaintSNTPServerAvailability
                0x400021a6                MSTEP_F_MaintVersionsGet
                0x4000224a                MSTEP_F_MaintCanBusStatusGet
                0x40002304                MSTEP_F_CryptlibKeyScramble
                0x40002328                MSTEP_F_StatIpstackInternalFrameDropGet
                0x40002396                MSTEP_F_StatFecOverflowCountGet
                0x400023aa                MSTEP_F_StatCPUUsageGet
                0x400023c4                MSTEP_F_StatCPUUsageMaxGet
                0x400023de                MSTEP_F_StatFSFB2NbBrokenSessionGet
                0x400023fc                MSTEP_F_StatNbEthCrcErrorGet
                0x40002414                MSTEP_F_StatNbEthCrcOkGet
                0x40002438                MSTEP_F_UDPSend
                0x400024da                MSTEP_F_UDPFlush
                0x4000251a                MSTEP_F_UDPRecv
                0x40002632                MSTEP_F_UDPClose
                0x40002672                MSTEP_F_UDPOpen
                0x40002710                MSTEP_F_GetSoftwareDataID
                0x40002780                MSTEP_F_SpiProcess
                0x40002984                MSTEP_F_CpuIdGet
                0x4000299e                MSTEP_F_GpioRead
                0x400029e0                MSTEP_F_GpioToggle
                0x40002a24                MSTEP_F_GpioSetOff
                0x40002a68                MSTEP_F_GpioSetOn
                0x40002aac                MSTEP_F_CanActiveBusGet
                0x40002acc                MSTEP_F_ConfigBoardEthMacAddressGet
                0x40002b38                MSTEP_F_TimeGet
                0x40002b78                MSTEP_F_ConfigBoardPositionGet
                0x40002be6                MSTEP_F_PeriodTableMinGet
                0x40002c54                MSTEP_F_SafetyFlagBreak
                0x40002cca                MSTEP_F_SafetyFlagChkWdGet
                0x40002d46                MSTEP_F_ConfigGuestSubAreaGet
                0x40002d86                MSTEP_F_CryptlibDESCompute
                0x40002e16                MSTEP_F_CryptlibCRC32FSFB2ChanOneCompute
                0x40002e96                MSTEP_F_CryptlibCRC32CCITTCompute
                0x40002f38                MSTEP_F_CryptlibCRC16CCITTCompute
                0x40002fb2                MSTEP_F_K2oo2CycleBegin
                0x40002fc0                MSTEP_F_K2oo2CycleEndExt
                0x4000301e                MSTEP_F_K2oo2CpuWaitExt
                0x40003094                MSTEP_F_K2oo2CpuSendExt
                0x40003138                MSTEP_F_K2oo2CpuExchangeExt
                0x400031dc                MSTEP_F_GuestTaskIdGet
                0x4000324e                MSTEP_F_NotifyEndOfRestrictiveTransition
                0x4000329c                MSTEP_F_TaskFlagSet
                0x4000331e                MSTEP_F_IodbRequest
                0x400033a6                MSTEP_F_IodbSubmit
                0x400033ea                MSTEP_F_IsrAck
                0x40003424                MSTEP_F_IsrConfigure
                0x400034f8                MSTEP_F_IsrDisable
                0x40003532                MSTEP_F_IsrEnable
                0x4000356c                MSTEP_F_StatInit
                0x40003596                MSTEP_F_StatEnable
                0x400035aa                MSTEP_F_StatIsEnabled
                0x400035be                MSTEP_F_StatDisable
                0x400035d2                MSTEP_F_StatReset
                0x400035e6                MSTEP_F_StatStoreValue
                0x400035fe                MSTEP_F_StatGetGlobalMinValue
                0x40003616                MSTEP_F_StatGetGlobalMaxValue
                0x4000362e                MSTEP_F_StatGetGlobalNbValues
                0x40003648                MSTEP_F_StatGetGlobalSumValue
                0x40003660                MSTEP_F_StatGetGlobalAverageValue
                0x40003678                MSTEP_F_StatGetMinValueFromRecords
                0x40003690                MSTEP_F_StatGetMaxValueFromRecords
                0x400036a8                MSTEP_F_StatGetAverageValueFromRecords
                0x400036c0                MSTEP_F_StatResetStopwatch
                0x400036d6                MSTEP_F_StatStartStopwatch
                0x400036ea                MSTEP_F_StatStopStopwatch
                0x400036fe                MSTEP_F_StatStopwatchElapsedTime
                0x40003716                MSTEP_F_CommonTimeGet
                0x40003798                MSTEP_F_FaultFilteringAcknowledge
                0x400037a8                MSTEP_F_FaultFilteringStateGet
                0x400037e0                MSTEP_F_IodbNotificationAdd
                0x40003864                MSTEP_F_IsCommonTimeSynchronized
                0x40003872                MSTEP_F_NbFaultFilteringRebootGet
                0x40003880                MSTEP_F_K2oo2StatGet
                0x400038c0                MSTEP_F_RegisterTriggeredFunction
                0x4000397a                MSTEP_F_StatNumberOfIpConflictDetectedGet
                0x40003988                MSTEP_F_TFTPClientWrite
                0x40003a60                MSTEP_F_GidGet
                0x40003a6e                MSTEP_F_GidKeyRead
                0x40003ace                MSTEP_F_SyncCurNumGet
                0x40003adc                MSTEP_F_Rssp1CycleGet
                0x40003bb4                MSTEP_F_SnmpIpGet
                0x40003c3c                MSTEP_F_SntpIpGet
                0x40003c56                MSTEP_F_UnSafetyPortGet
                0x40003cd0                MSTEP_F_SettingsUsigRedIncrAlgoActivate
                0x40003d28                MSTEP_F_StatRedIdGet
                0x40003d88                MSTEP_F_StatRedIdMaxDiffDlyGet
                0x40003d9c                MSTEP_F_StatRedIdMaxPropagationDlyGet
                0x40003de6                MSTEP_F_StatRedIdMaxSequenceNbDeltaGet
                0x40003e30                MSTEP_F_IodbRequestBySessionId
                0x40003efe                MSTEP_F_IodbSubmitBySessionId
                0x40003fc8                MSTEP_F_GetOtherMVCUFuncMode
                0x40004014                MSTEP_F_SwitchStandbyModeRequest
                0x40004060                MSTEP_F_GetLocalMVCUNetStatus
                0x400042cc                MSTEP_F_GetAnotherMVCUNetStatus
                0x400045f6                MSTEP_F_GetExternalDeviceStatus
                0x400046b8                MSTEP_F_GetBoardPresentStatus
                0x400047aa                MSTEP_F_SysChkWdGet
 .text          0x400047c0     0x19b4 ../kernel/lib/CPU_B\libGCC_kernel.a(GCC_BIT_fuse.o)
                0x400047c0                BIT_FUSE_F_FuseInit
                0x40004d24                BIT_FUSE_F_IsFlashAsyncFinished
                0x40004d3a                BIT_FUSE_F_EndFlashAsync
                0x40004daa                BIT_FUSE_F_EndReprogAsync
                0x40004e5e                BIT_FUSE_F_FusesReadFromAddr
                0x40004f88                BIT_FUSE_F_FuseToggleRead
                0x40005018                BIT_FUSE_F_AddressFuseGet
                0x400051ae                BIT_FUSE_F_FusesRead
                0x40005240                BIT_FUSE_F_FuseSectorErase
                0x400052fe                BIT_FUSE_F_AddressIdFuseGet
                0x40005406                BIT_FUSE_F_FusesWrite
                0x40005566                BIT_FUSE_F_FuseCheck
                0x40005bb0                BIT_F_SafetyFlagBreak
                0x40005d6e                BIT_FUSE_F_SysChkWdInit
                0x40005e3e                BIT_F_SysChkWdReset
                0x40005e5a                BIT_F_SysChkWdGet
                0x40005eae                BIT_F_RestoreFlag
                0x400060dc                BIT_F_SafetyFlagChkWdGet
 .text          0x40006174     0x18a8 ../kernel/lib/CPU_B\libGCC_kernel.a(GCC_BIT_survey.o)
                0x40006174                BIT_F_FlashCrcsCheckStart
                0x40006186                BIT_F_ComputeCrcWithTimeDly
                0x400062e6                BIT_F_VectorTableLock
                0x4000636c                BIT_F_DcaSectionLock
                0x40006468                BIT_SURVEY_F_Init
                0x40006564                BIT_SURVEY_F_TaskCheck
                0x400066f2                BIT_SURVEY_F_FreeTasksStackLevelCheck
                0x400068f0                BIT_SURVEY_F_FreeItStackLevelCheck
                0x400069a0                BIT_SURVEY_F_CpuUsageCheck
                0x40006bba                BIT_SURVEY_F_OSPrioTcbCrcCheck
                0x40006c5a                BIT_SURVEY_F_SwFuseCheck
                0x40006d8e                BIT_SURVEY_F_CrcCheckIdGet
                0x40006e34                BIT_SURVEY_F_SectionStartAndLengthGet
                0x40006ff2                BIT_SURVEY_F_ComputeCrc
                0x400071ac                BIT_SURVEY_F_LocalReferenceCrcGet
                0x40007266                BIT_SURVEY_F_DistantReferenceCrcGet
                0x40007320                BIT_SURVEY_F_CheckExecutionCounterUpdate
                0x400074f8                BIT_SURVEY_F_GetRequiredCycles
                0x4000762e                BIT_SURVEY_F_CrcsCheck
                0x400077f0                BIT_SURVEY_F_IsCrcAndFuseCheckAllowed
                0x40007926                BIT_F_GetParameters
 .text          0x40007a1c     0x2030 ../kernel/lib/CPU_B\libGCC_kernel.a(GCC_can.o)
                0x40007a1c                CAN_F_IsCanMaster
                0x40007a3e                CAN_F_ConfigBoardTypeGet
                0x40007a4c                CAN_F_IsRunningModeDetermined
                0x40007a78                CAN_F_MyModuleIdGet
                0x40007abc                CAN_F_MyNodeIdGet
                0x40007aca                CAN_F_MasterStatusGet
                0x40007ad8                CAN_F_TimerReset
                0x40007b6c                CAN_F_TimerCountReset
                0x40007b7c                CAN_F_InitArdSaddle
                0x40007ba8                CAN_F_InitModuleInfoKey
                0x40007c8a                CAN_F_PrepareBootWithFuseInfo
                0x40007cb0                CAN_F_OtherStepperModuleIdGet
                0x40007d1a                CAN_F_CanBusActiveChannelGet
                0x40007d28                CAN_F_CanMgtMessageTreat
                0x400080b0                CAN_F_CanMgtSyncMessageProcess
                0x4000824a                CAN_F_CanMgtHbMessageProcess
                0x400083e4                CAN_F_CanMgtMessageProcess
                0x40008618                CAN_F_CanMgtFlagProcess
                0x400087d2                CAN_F_MgtTask
                0x40008844                CAN_F_FlushFifo
                0x4000897a                CAN_F_MgtStart
                0x40008b9a                CAN_F_FlashingValueGet
                0x40008c3e                CAN_F_TimerModeNotDefinedHandler
                0x40008cf4                CAN_F_TimerModeDefinedHandler
                0x40009018                CAN_F_TimerHandler
                0x4000908a                CAN_F_MgtCreate
                0x40009302                CAN_F_SwitchMode
                0x4000944c                CAN_F_MgtCanMessagePost
                0x400097ba                CAN_F_FlashingManage
                0x4000980c                CAN_F_IPoverCANVersionGet
                0x4000985c                CAN_F_IsDistantODSupported
                0x40009906                CAN_F_MasterStatusSet
                0x4000997e                CAN_F_InternalStateGet
 .text          0x40009a4c      0xf64 ../kernel/lib/CPU_B\libGCC_kernel.a(GCC_can_ard.o)
                0x40009a4c                CAN_ARD_F_SendFragmentationFlagClear
                0x40009a5e                CAN_ARD_F_FirstFrameMemblockGet
                0x40009a8e                CAN_ARD_F_ReleaseFrame
                0x40009b10                CAN_ARD_F_SendFrame
                0x40009d48                CAN_ARD_F_ReserveFreeFrame
                0x40009e34                CAN_ARD_F_GetFragmentToSend
                0x4000a268                CAN_ARD_F_RecvFrame
                0x4000a874                CAN_ARD_F_Init
 .text          0x4000a9b0      0xa1e ../kernel/lib/CPU_B\libGCC_kernel.a(GCC_can_config.o)
                0x4000a9b0                CAN_CONF_F_GetCobIDMinRx
                0x4000a9be                CAN_CONF_F_GetCobIDMaxRx
                0x4000a9cc                CAN_CONF_F_GetCobIDMinStandby
                0x4000a9da                CAN_CONF_F_GetCobIDMaxStandby
                0x4000a9e8                CAN_CONF_F_GetFlashingPeriod
                0x4000a9f6                CAN_CONF_F_MinMaxBuild
                0x4000ac98                CAN_CONF_F_GetTxPDOStruct
                0x4000ad06                CAN_CONF_F_GetNbOfTxPDO
                0x4000ad6c                CAN_CONF_F_GetRxPDOStruct
                0x4000adda                CAN_CONF_F_GetNbOfRxPDO
                0x4000ae40                CAN_CONF_F_Init
                0x4000ae56                CAN_CONF_F_SafeDataConsistencyCheck
                0x4000b2bc                CAN_CONF_F_ConfCheckAndBuild
                0x4000b384                CAN_CONF_F_IsStepperRedundancy
                0x4000b392                CAN_CONF_F_RedundancyBuild
 *fill*         0x4000b3ce        0x2 
 .text          0x4000b3d0      0x520 ../kernel/lib/CPU_B\libGCC_kernel.a(GCC_can_emcy.o)
                0x4000b3d0                CAN_F_EmcyGet
                0x4000b48a                CAN_EMCY_F_EmcyReceive
                0x4000b764                CAN_F_EmcySend
                0x4000b8d0                CAN_EMCY_F_Init
 .text          0x4000b8f0     0x3142 ../kernel/lib/CPU_B\libGCC_kernel.a(GCC_can_od.o)
                0x4000b8f0                CAN_OD_F_OdInit
                0x4000beda                CAN_OD_F_TableIndexFind
                0x4000c06a                CAN_OD_F_IsMonitoringDatasTable
                0x4000c16a                CAN_OD_F_IndexTableCheck
                0x4000c372                CAN_OD_F_SdoChannelGet
                0x4000c43a                CAN_OD_F_ObjectTypeGet
                0x4000c672                CAN_OD_F_OdObjectSet
                0x4000c892                CAN_OD_F_ODDataSet
                0x4000ca34                CAN_F_SdoObjectSet
                0x4000cbda                CAN_OD_F_OdObjectGet
                0x4000d3c6                CAN_OD_F_ODDataGet
                0x4000d5b8                CAN_F_SdoObjectGet
                0x4000d96c                CAN_F_ODVersionGet
                0x4000d9bc                CAN_OD_F_ModeAndNetStatusCombine
                0x4000df16                CAN_OD_F_PrimaryCPUANetStatusDecode
                0x4000dfc8                CAN_OD_F_PrimaryCPUBNetStatusDecode
                0x4000e166                CAN_OD_F_SecondaryCPUANetStatusDecode
                0x4000e218                CAN_OD_F_SecondaryCPUBNetStatusDecode
                0x4000e3b6                CAN_OD_F_AllNodeNetStatusDecode
                0x4000e5de                CAN_OD_F_PrimaryCPUANetStatusClear
                0x4000e628                CAN_OD_F_PrimaryCPUBNetStatusClear
                0x4000e6d2                CAN_OD_F_SecondaryCPUANetStatusClear
                0x4000e71c                CAN_OD_F_SecondaryCPUBNetStatusClear
                0x4000e7c6                CAN_OD_F_GetNetStatus
 *fill*         0x4000ea32        0x2 
 .text          0x4000ea34      0x34c ../kernel/lib/CPU_B\libGCC_kernel.a(GCC_can_odplug.o)
                0x4000ea34                CAN_ODPLUG_F_Init
                0x4000ea5c                CAN_ODPLUG_F_CheckFilter
                0x4000ebda                CAN_ODPLUG_F_AddRule
 .text          0x4000ed80     0x32bc ../kernel/lib/CPU_B\libGCC_kernel.a(GCC_can_open.o)
                0x4000ed80                CAN_F_GuestIsStarted
                0x4000ee02                CAN_F_NmtCubicleStatusGet
                0x4000eea4                CAN_F_MaintenanceInfoGet
                0x4000eff6                CAN_F_ModuleIsPresent
                0x4000f0be                CAN_F_NmtIsNormalBoardHere
                0x4000f2ae                CAN_OPEN_F_MasterModeSet
                0x4000f2fa                CAN_OPEN_F_MasterOperationalStateSet
                0x4000f3ec                CAN_OPEN_F_CanOpenStatusInit
                0x4000f454                CAN_OPEN_F_Init
                0x4000f5f6                CAN_OPEN_F_StepperPeriodicalProcess
                0x4000f87c                CAN_OPEN_F_MaintenanceManagement
                0x4000fa9e                CAN_OPEN_F_NmtSend
                0x4000fd00                CAN_OPEN_F_NmtProcess
                0x400100dc                CAN_OPEN_F_HeartBeatSend
                0x400104c2                CAN_OPEN_F_HeartBeatProcess
                0x40010bc4                CAN_OPEN_F_BusOffProcess
                0x40010d8a                CAN_OPEN_F_MediumOutOfOrder
                0x40010f3c                CAN_OPEN_F_TimeStampSend
                0x40011096                CAN_OPEN_F_BusActiveManage
                0x400111ae                CAN_OPEN_F_SyncSend
                0x40011318                CAN_OPEN_F_StatsNmtManage
                0x40011412                CAN_OPEN_F_NmtStartNode
                0x4001158a                CAN_OPEN_F_MyStatusGet
                0x400115d0                CAN_OPEN_F_ModuleStatusGet
                0x400117fc                CAN_OPEN_F_IsNodeHere
                0x4001194c                CAN_OPEN_F_Flush
                0x40011a20                CAN_OPEN_F_BusSwitch
                0x40011b38                CAN_OPEN_F_ODVersionSet
                0x40011b96                CAN_OPEN_F_ModuleIdInternalStateGet
                0x40011dde                CAN_OPEN_F_IPoverCANVersionSet
                0x40011e3c                CAN_OPEN_F_DecodeHeartBeat
                0x40011fb4                CAN_OPEN_F_OtherStepperModeGet
 .text          0x4001203c      0xb90 ../kernel/lib/CPU_B\libGCC_kernel.a(GCC_can_saddle.o)
                0x4001211e                CAN_F_SaddleExtractCanPrio
                0x400122d4                CAN_F_SaddleProtocolSubscribe
                0x40012438                CAN_SADDLE_F_StoreRecvFrame
                0x400126ca                CAN_F_SaddleRecv
                0x40012962                CAN_F_SaddleSend
                0x40012b96                CAN_SADDLE_F_Init
 .text          0x40012bcc     0x1c32 ../kernel/lib/CPU_B\libGCC_kernel.a(GCC_can_safety.o)
                0x40012bcc                CAN_F_SafetyConfigure
                0x40012bfc                CAN_SAFETY_F_NextSyncNumberToSendGet
                0x40012ca8                CAN_SAFETY_F_GetCurrentSyncNumberRecv
                0x40012cb6                CAN_SAFETY_F_CanMessagePost
                0x40013038                CAN_SAFETY_F_SafetyIDFind
                0x40013152                CAN_SAFETY_F_SafetyLayerBuild
                0x40013278                CAN_SAFETY_F_PdoIdFind
                0x40013378                CAN_SAFETY_F_PdoSend
                0x400134a0                CAN_SAFETY_F_PdosFindAndSend
                0x40013584                CAN_SAFETY_F_SafetyLayerCheck
                0x400137de                CAN_SAFETY_F_PdoCheckAndWrite
                0x400139d8                CAN_SAFETY_F_PdoReceptionMgt
                0x40013ab0                CAN_SAFETY_F_SyncConsistencyCheck
                0x40013bc8                CAN_F_GetBooleanRedundancyDefault
                0x40013cb2                CAN_SAFETY_F_PdoIdConversionTableBuildFor
                0x40013e22                CAN_SAFETY_F_SyncMessageProcess
                0x400140e4                CAN_F_SafetyCreate
                0x400142c0                CAN_F_SafetyConfig
                0x400142ca                CAN_F_SafetyStart
                0x400143a8                CAN_F_SafetyTask
 *fill*         0x400147fe        0x2 
 .text          0x40014800     0x798c ../kernel/lib/CPU_B\libGCC_kernel.a(GCC_can_sdo.o)
                0x40014800                CAN_SDO_F_ConvertErrorCode
                0x4001488c                CAN_SDO_F_ClientGet
                0x40014aa4                CAN_SDO_F_DisplayErr
                0x40014ada                CAN_SDO_F_ClientPrepare
                0x40014ef0                CAN_SDO_F_SdoPost
                0x400155c8                CAN_SDO_F_Send
                0x4001586c                CAN_SDO_F_TempoChange
                0x400158fe                CAN_SDO_F_ReleaseWaitSemaphore
                0x400159be                CAN_SDO_F_AllSegmentReceived
                0x40015a50                CAN_SDO_F_EraseCurrentBlockInfo
                0x40015aa8                CAN_SDO_F_InitGlobalSDOParameter
                0x40015c1a                CAN_SDO_F_ResetContext
                0x40015cac                CAN_SDO_F_EndBlockDownload
                0x40015ef4                CAN_SDO_F_EndBlockUpload
                0x4001608e                CAN_SDO_F_DownloadBlock
                0x4001632e                CAN_SDO_F_UploadBlock
                0x40016564                CAN_SDO_F_InitiateBlockDownload
                0x400167de                CAN_SDO_F_InitiateBlockUpload
                0x40016a18                CAN_SDO_F_DownloadSegment
                0x40016d12                CAN_SDO_F_UploadSegment
                0x400170c8                CAN_SDO_F_Abort
                0x40017216                CAN_SDO_F_ClientTransfertEnd
                0x40017c20                CAN_SDO_F_ClientTransfertWait
                0x40017d58                CAN_SDO_F_isCommunicationOpened
                0x40017ec8                CAN_SDO_F_checkIndexSubindex
                0x40018032                CAN_SDO_F_MessageBlkTransfer
                0x40018450                CAN_SDO_F_InitiateDownload
                0x400187ec                CAN_SDO_F_InitiateUpload
                0x40018b28                CAN_SDO_F_ClientSendIfNew
                0x40018ff0                CAN_SDO_F_TempoChannelUpdate
                0x400190da                CAN_SDO_F_ClientProceedEnd
                0x40019132                CAN_SDO_F_AbortCommand_0x4
                0x4001935a                CAN_SDO_F_Req_Com_0x0
                0x400197c4                CAN_SDO_F_Req_Com_0x1
                0x40019c20                CAN_SDO_F_Req_Com_0x2
                0x40019d2a                CAN_SDO_F_Req_Com_0x3
                0x40019e56                CAN_SDO_F_Req_Com_0x5_Sub_0x0
                0x4001a104                CAN_SDO_F_Req_Com_0x5_Sub_0x2
                0x4001a1d6                CAN_SDO_F_Req_Com_0x5
                0x4001a34c                CAN_SDO_F_Req_Com_0x6
                0x4001a9e8                CAN_SDO_F_ProceedRequest
                0x4001abf0                CAN_SDO_F_Resp_Com_0x0
                0x4001afd8                CAN_SDO_F_Resp_Com_0x1
                0x4001b100                CAN_SDO_F_Resp_Com_0x2
                0x4001b4da                CAN_SDO_F_Resp_Com_0x3
                0x4001b5d2                CAN_SDO_F_Resp_Com_0x5_Sub_0x0
                0x4001b716                CAN_SDO_F_Resp_Com_0x5_Sub_0x2
                0x4001b7f0                CAN_SDO_F_Resp_Com_0x5
                0x4001b976                CAN_SDO_F_Resp_Com_0x6_Sub_0x0
                0x4001bbec                CAN_SDO_F_Resp_Com_0x6_Sub_0x1
                0x4001be2a                CAN_SDO_F_Resp_Com_0x6
                0x4001bed4                CAN_SDO_F_ProceedResponse
 .text          0x4001c18c      0xa28 ../kernel/lib/CPU_B\libGCC_kernel.a(GCC_can_time.o)
                0x4001c1d8                CAN_F_TimeCanOpenGet
                0x4001c21a                CAN_TIME_F_Init
                0x4001c274                CAN_TIME_F_CanTimeGet
                0x4001c282                CAN_TIME_F_HeartBeatCycleGet
                0x4001c290                CAN_TIME_F_HeartBeatCycleSet
                0x4001c2a4                CAN_TIME_F_HeartBeatCycleReset
                0x4001c2b4                CAN_TIME_F_HeartBeatSpreadInitialize
                0x4001c340                CAN_F_TimeNtpSet
                0x4001c494                CAN_F_TimeNtpGet
                0x4001c5c0                CAN_TIME_F_TimeStampGet
                0x4001c628                CAN_TIME_F_TimeStampSet
                0x4001c7a4                CAN_TIME_F_TimeStampUpdate
                0x4001c9e0                CAN_TIME_F_CanTimeUpdate
                0x4001ca9e                CAN_TIME_F_HeartBeatPeriodGet
                0x4001caac                CAN_TIME_F_HeartBeatSpreadAndPeriodInitialize
 .text          0x4001cbb4      0x5e0 ../kernel/lib/CPU_B\libGCC_kernel.a(GCC_CONF.o)
                0x4001cbb4                CONF_F_GetRackSlotNameFromKey
                0x4001ccd8                CONF_F_SetConfKeyStatus
                0x4001ccec                CONF_F_GetConfKeyStatus
                0x4001ccfa                CONF_F_ValidationFuncSubscribe
                0x4001cd88                CONF_F_ExternalValidation
                0x4001ced4                CONF_F_OKNotificationCbSubscribe
                0x4001cf62                CONF_F_NotifyOkCallBack
                0x4001d006                CONF_F_GetModuleIoInfo
                0x4001d126                CONF_F_FaultFilteringAcknowledge
                0x4001d162                CONF_F_ReconfReparamVersionGet
 .text          0x4001d194     0x550e ../kernel/lib/CPU_B\libGCC_kernel.a(GCC_CONF_local.o)
                0x4001d194                CONF_LOCAL_F_FileStatusNotifyCb
                0x4001d310                CONF_LOCAL_F_CreateReprogFile
                0x4001d396                CONF_LOCAL_F_CreateEstampFile
                0x4001d47e                CONF_LOCAL_F_CreateBidFile
                0x4001d566                CONF_LOCAL_F_Init
                0x4001d82a                CONF_LOCAL_F_StatisticInit
                0x4001d85a                CONF_LOCAL_F_CreateIpConfigurationArea
                0x4001d88a                CONF_LOCAL_F_ResetIpConfiguration
                0x4001d8d0                CONF_LOCAL_F_RestoreLastIpConfiguration
                0x4001d97c                CONF_LOCAL_F_BidCheck
                0x4001da5c                CONF_LOCAL_F_BidWaitAndCheck
                0x4001dd96                CONF_LOCAL_F_EstampWaitAndCheck
                0x4001dff6                CONF_LOCAL_F_MemoryAreaMyConfGet
                0x4001e004                CONF_LOCAL_F_CreateAndAddSourcesToMyDatasetFiles
                0x4001e252                CONF_LOCAL_F_MaintenanceInit
                0x4001e354                CONF_LOCAL_F_GlobalConfHeaderBufferGet
                0x4001e444                CONF_LOCAL_F_IsPermanentPairingActivated
                0x4001e4fa                CONF_LOCAL_F_IsDumpPresentGet
                0x4001e578                CONF_LOCAL_F_GlobalParamHeaderBufferGet
                0x4001e664                CONF_LOCAL_F_LocalGidGet
                0x4001e76e                CONF_LOCAL_F_CheckBidTimer
                0x4001e862                CONF_LOCAL_F_BidCycleCheck
                0x4001ee98                CONF_LOCAL_F_FaultFilteringEndResetState
                0x4001ef08                CONF_LOCAL_F_FaultFilteringEndReadState
                0x4001f288                CONF_LOCAL_F_FaultFilteringUpdate
                0x4001f2ba                CONF_LOCAL_F_RunningHoursUpdate
                0x4001f472                CONF_LOCAL_F_RunningTimeUpdate
                0x4001f60e                CONF_LOCAL_F_Periodic
                0x4001f62a                CONF_F_IsTransplantable
                0x4001f638                CONF_LOCAL_F_GetIpStackInfoFromUserData
                0x4002010c                CONF_LOCAL_F_ModuleIdBoardNumberTablesCompute
                0x40020278                CONF_LOCAL_F_ConvertModuleIdToBoardNumber
                0x400202e2                CONF_LOCAL_F_ModuleIdFromBoardNumberGet
                0x4002037c                CONF_LOCAL_F_GetBoardNumberFromKey
                0x400204ba                CONF_LOCAL_F_ReinitializeCorrespondenceTables
                0x400204cc                CONF_LOCAL_F_PrepareMyDatasetFileDescriptors
                0x400205ce                CONF_LOCAL_F_GetIpStackInfo
                0x400208b0                CONF_LOCAL_F_GetBoardCode
                0x400208d0                CONF_F_GetOverTempThreshold
                0x400208e8                CONF_F_GetDataVersion
                0x40020900                CONF_F_GetCanFlashingPeriod
                0x40020918                CONF_F_IsFaultFilteringActive
                0x40020930                CONF_F_GetPDOStruct
                0x4002094c                CONF_F_GetRestrictiveValuesByPdoID
                0x40020a1c                CONF_F_GetSafetyID
                0x40020a30                CONF_F_GetOutputSafeData
                0x40020a48                CONF_F_GetInputSafeData
                0x40020a60                CONF_F_GetGenericRedundancyArray
                0x40020a78                CONF_F_GetBooleanRedundancyArray
                0x40020a90                CONF_F_GetFreezingTimer
                0x40020ab6                CONF_F_GetFreezingTimerByPdoId
                0x40020b6c                CONF_F_GetSnmpInfo
                0x40020d10                CONF_F_GetSntpIpServer
                0x40020e16                CONF_F_GetFsfb2SinglePort
                0x40020e2e                CONF_F_GetFsfb2RedoundedPort
                0x40020e46                CONF_F_GetRSSP1_PrimaryCpuA_Port
                0x40020e5e                CONF_F_GetRSSP1_PrimaryCpuB_Port
                0x40020e76                CONF_F_GetRSSP1_SecondaryCpuA_Port
                0x40020e8e                CONF_F_GetRSSP1_SecondaryCpuB_Port
                0x40020ea6                CONF_F_GetRSSP1_Session_Count
                0x40020ebe                CONF_F_GetFSFB2_Session_Count
                0x40020ed6                CONF_F_GetUnsafetyNormPort
                0x40020eee                CONF_F_GetUnsafetyRedundPort
                0x40020f06                CONF_F_GetUsigUevolRedundancyInfo
                0x40020f24                CONF_F_GetIpStackInfoForValidationConfig
                0x40020fce                CONF_F_GetIpStackInfo
                0x40021238                CONF_F_IsRedundancyStandalone
                0x400212a2                CONF_F_GetUsigRedStructByIdx
                0x400212c4                CONF_F_GetUsigRssp1RedStructByIdx
                0x400212e6                CONF_F_GetUsigRedundancyStruct
                0x40021312                CONF_F_GetUsigRssp1RedundancyStruct
                0x4002133e                CONF_F_GetUsigRedundancyIPAddr
                0x400213d6                CONF_F_GetUsigIdentParamByDynId
                0x40021406                CONF_F_GetUsigRssp1IdentParamByDynId
                0x40021436                CONF_F_GetUsigIdentParamByEqId
                0x40021466                CONF_F_GetUsigRssp1IdentParamByEqId
                0x40021496                CONF_F_GetUsigParamStruct
                0x400214c4                CONF_F_GetUsigRssp1ParamStruct
                0x400214f2                CONF_F_GetUsigTansPeriodByEqId
                0x4002155e                CONF_F_GetSrttTimeoutByEqId
                0x40021584                CONF_F_GetEqId
                0x400215aa                CONF_F_GetUsigOperation
                0x400215d0                CONF_F_GetProtocolType
                0x400215f6                CONF_F_GetUsigFsfb2IdByIndex
                0x40021628                CONF_F_GetFsfb2ParamByEqId
                0x4002165e                CONF_F_GetUsigRssp1IdByIndex
                0x40021690                CONF_F_GetRssp1ParamByEqId
                0x400216cc                CONF_F_GetMessageArray
                0x400216f2                CONF_F_GetSessionIdentArray
                0x4002170a                CONF_F_GetAppliSubArea
                0x4002172a                CONF_F_GetBoardTypeInKey
                0x400217d0                CONF_F_GuessBoardType
                0x4002188c                CONF_F_GetDatasetPresence
                0x400219c6                CONF_F_GetReference
                0x400219e6                CONF_F_GetPresentation
                0x40021a06                CONF_F_GetRackAndSlot
                0x40021b52                CONF_F_GetConfigBoardPosition
                0x40021c86                CONF_F_GetMyBoardNumber
                0x40021cd0                CONF_F_GetCanOpenODInfo
                0x40021ffe                CONF_F_GetHwAndSwVersions
                0x40022184                CONF_F_AddSourcesToFilesWithFuseInfo
                0x400224aa                CONF_LOCAL_F_SaveLastIpConfiguration
                0x4002251a                CONF_F_GetCobIdOfPdoTime
                0x40022526                CONF_F_GetCobIdByPdoID
                0x400225e0                CONF_F_GetFSFB2IdentItfVer
                0x40022670                CONF_F_GetLocalBoardTypeInKey
 *fill*         0x400226a2        0x2 
 .text          0x400226a4     0x4cac ../kernel/lib/CPU_B\libGCC_kernel.a(GCC_CONF_src.o)
                0x400226a4                CONF_SRC_APPKEY_F_GlobalConfHeaderFillCache
                0x400226c4                CONF_SRC_APPKEY_F_GlobalParamHeaderFillCache
                0x400226de                CONF_SRC_APPKEY_F_ConfDataFillCache
                0x400226f8                CONF_SRC_APPKEY_F_GlobalFootprintFillCache
                0x40022712                CONF_SRC_APPKEY_F_GidFillCache
                0x4002272c                CONF_SRC_APPKEY_F_SourceIsVolatile
                0x40022736                CONF_SRC_APPKEY_F_SourceFileOpen
                0x40022926                CONF_SRC_APPKEY_F_SourceFileGetSize
                0x40022992                CONF_SRC_APPKEY_F_SourceFileAsyncFillCache
                0x40022a62                CONF_SRC_APPKEY_F_Create
                0x40022c7c                CONF_SRC_APPKEY_F_SourceInstanceGet
                0x40022d52                CONF_SRC_KEY_F_GlobalHeaderConfPostRead
                0x400230f0                CONF_SRC_KEY_F_GlobalHeaderParamPostRead
                0x4002314c                CONF_SRC_KEY_F_EndReadActionCallBack
                0x400231c6                CONF_SRC_KEY_F_EndWriteActionCallBack
                0x40023376                CONF_SRC_KEY_F_EndReadAction
                0x400234a4                CONF_SRC_ASYNC_F_EndReadAction
                0x400235ca                CONF_SRC_ASYNC_F_EndWriteAction
                0x400236ba                CONF_SRC_ASYNC_F_EndReadActionCallBack
                0x40023732                CONF_SRC_ASYNC_F_EndWriteActionCallBack
                0x400237aa                CONF_SRC_ASYNC_F_ReadDefault
                0x40023862                CONF_SRC_ASYNC_F_ReadHeaderActionCallBack
                0x40023a3a                CONF_SRC_ASYNC_F_ReadHeader
                0x40023af2                CONF_SRC_ASYNC_F_ReadHeaderParallelFlashActionCallBack
                0x40023c3e                CONF_SRC_ASYNC_F_ReadHeaderParallelFlash
                0x40023cf6                CONF_SRC_KEY_F_EraseCallBack
                0x40023e04                CONF_SRC_KEY_F_Write
                0x40023efe                CONF_SRC_ASYNC_F_AsyncFileOpProcess
                0x400240a0                CONF_SRC_ASYNC_F_SetDefaultSize
                0x400240e8                CONF_SRC_KEY_F_SourceFileGet
                0x400242e8                CONF_SRC_KEY_ExtractionFail
                0x4002442e                CONF_SRC_KEY_F_ManageRunLevel
                0x400246a2                CONF_SRC_KEY_F_SourcePeriodicTask
                0x40024754                CONF_SRC_KEY_F_SourceIsVolatile
                0x4002475e                CONF_SRC_KEY_F_SourceFileOpen
                0x400249e2                CONF_SRC_KEY_F_SourceFileGetSize
                0x40024ab8                CONF_SRC_KEY_F_SourceFileAsyncFillCache
                0x40024bd6                CONF_SRC_KEY_F_SourceFileAsyncFlushCache
                0x40024ce6                CONF_SRC_KEY_F_ReadSpiIpActionCallBack
                0x40024e9a                CONF_SRC_KEY_F_ReadReprogIpInfo
                0x40024f6e                CONF_SRC_KEY_F_ReprogIpInfoPostRead
                0x4002531a                CONF_SRC_KEY_F_Create
                0x400257bc                CONF_SRC_KEY_F_SourceInstanceGet
                0x40025892                CONF_SRC_PDA_F_PermanentPairingFillCache
                0x40025970                CONF_SRC_PDA_F_TemporaryPairingFillCache
                0x40025a50                CONF_SRC_PDA_F_DatasetFootprintsFillCache
                0x40025b36                CONF_SRC_PDA_F_SourcePeriodicTask
                0x40025bdc                CONF_SRC_PDA_F_IsSourceVolatile
                0x40025be6                CONF_SRC_PDA_F_SourceFileOpen
                0x40025d40                CONF_SRC_PDA_F_SourceFileGetSize
                0x40025dae                CONF_SRC_PDA_F_SourceFileAsyncFillCache
                0x40025e72                CONF_SRC_PDA_F_SourceFileAsyncFlushCache
                0x40025fcc                CONF_SRC_PDA_F_Create
                0x400261ee                CONF_SRC_PDA_F_SourceInstanceGet
                0x40026234                Drv_BID_F_SourcePeriodicTask
                0x4002631a                Drv_BID_F_SourceIsVolatile
                0x40026324                Drv_BID_F_SourceFileOpen
                0x4002640c                Drv_BID_F_SourceFileGetSize
                0x40026478                Drv_BID_F_SourceFileAsyncFillCache
                0x40026540                Drv_BID_F_Create
                0x400265ca                Drv_BID_F_SourceInstanceGet
                0x4002665a                CONF_SRC_FLASH_F_EndReadActionCallBack
                0x40026706                CONF_SRC_FLASH_F_SourceFileFind
                0x400267ae                CONF_SRC_FLASH_F_EndWriteActionCallBack
                0x4002683c                CONF_SRC_FLASH_F_EraseCallBack
                0x4002691c                CONF_SRC_FLASH_F_SourcePeriodicTask
                0x4002698a                CONF_SRC_FLASH_F_SourceIsVolatile
                0x40026994                CONF_SRC_FLASH_F_SourceInstanceGet
                0x40026a14                CONF_SRC_FLASH_F_Write
                0x40026b06                CONF_SRC_FLASH_F_SourceFileOpen
                0x40026e2c                CONF_SRC_FLASH_F_SourceFileGetSize
                0x40026ebc                CONF_SRC_FLASH_F_SourceFileAsyncFlushCache
                0x40026fee                CONF_SRC_FLASH_F_SourceFileAsyncFillCache
                0x400270da                CONF_SRC_FLASH_F_Create
 .text          0x40027350      0x844 ../kernel/lib/CPU_B\libGCC_kernel.a(GCC_FCODE.o)
                0x40027350                FCODE_F_Init
                0x400273e2                FCODE_F_MaintenanceReadyNotify
                0x400273f8                FCODE_F_GetDefaultPriority
                0x40027450                FCODE_F_LogDefaultToOBD
                0x4002755a                FCODE_F_FailureCodeClear
                0x40027832                FCODE_F_FailureCodeSetExt
                0x40027adc                FCODE_F_FailureCodeSet
 .text          0x40027b94     0x58ec ../kernel/lib/CPU_B\libGCC_kernel.a(GCC_FILESYS.o)
                0x40027b94                FILESYS_F_MemoryAreaInit
                0x40027c52                FILESYS_F_BufferAllocator
                0x40027db8                FILESYS_F_DefaultCacheAllocator
                0x40027e82                FILESYS_F_SubscribeSource
                0x400280ae                FILESYS_F_FindFileInList
                0x4002820a                FILESYS_F_FindFileInFs
                0x4002832c                FILESYS_F_FileCreate
                0x4002866e                FILESYS_F_FileCreateExt
                0x40028748                FILESYS_F_SymLinkCreate
                0x400289c0                FILESYS_F_SymLinkCreateExt
                0x40028a74                FILESYS_F_RequestResetFileCache
                0x40028c12                FILESYS_F_TryAllocation
                0x40028ec2                FILESYS_F_FileBuildUserFileDesc
                0x400290fc                FILESYS_F_FileStatusSet
                0x40029484                FILESYS_F_FileStatusGet
                0x40029608                FILESYS_F_SourceAppend
                0x400297bc                FILESYS_F_VirtualSourceSet
                0x40029932                FILESYS_F_FileWrite
                0x40029a80                FILESYS_F_FileReadSeq
                0x40029c0e                FILESYS_F_FileRead
                0x40029ce0                FILESYS_F_FileOpen
                0x40029d98                FILESYS_F_FileGetSize
                0x40029e82                FILESYS_F_FileRegisterNotificationCB
                0x40029f14                FILESYS_F_FileDescSetOutdated
                0x4002a06a                FILESYS_F_FileSetOutdated
                0x4002a1e0                FILESYS_F_FileVirtualSetUpToDate
                0x4002a36e                FILESYS_F_FileAskReFill
                0x4002a502                FILESYS_F_FileAskFlush
                0x4002a6ac                FILESYS_F_FileRefresh
                0x4002a80c                FILESYS_F_FileGetAccess
                0x4002a93a                FILESYS_F_InvalidateCache
                0x4002a9be                FILESYS_F_FileVirtualSetUnavailable
                0x4002ab30                FILESYS_F_FileCacheInvalidate
                0x4002ac50                FILESYS_F_DoubleBufferNewDataAvailable
                0x4002adac                FILESYS_F_DoubleBufferSwitch
                0x4002b01a                FILESYS_F_SourceRecover
                0x4002b184                FILESYS_F_CopySourceInstanceGet
                0x4002b290                FILESYS_F_MonitorFileActivity
                0x4002b31e                FILESYS_F_IsAMonitoredFile
                0x4002b468                FILESYS_F_ResetFileCache
                0x4002b96e                FILESYS_F_MoveElemToDestListTail
                0x4002ba30                FILESYS_F_ManageResetCacheAction
                0x4002baf8                FILESYS_F_ManageFlushFileAction
                0x4002be02                FILESYS_F_FileFillCacheNotifyCb
                0x4002bf94                FILESYS_F_FillCache
                0x4002c606                FILESYS_F_ManageSourceOfOutdatedFile
                0x4002ca48                FILESYS_F_ReFillingCacheOfFile
                0x4002cc28                FILESYS_F_ProcessSourcePeriodicTask
                0x4002ce00                FILESYS_F_Create
                0x4002d06a                FILESYS_F_Config
                0x4002d084                FILESYS_F_Task
                0x4002d368                FILESYS_F_DatasetRetreivalAllow
                0x4002d384                FILESYS_F_DatasetRetreivalIsInProgressGet
                0x4002d3ae                FILESYS_F_ProtocolVersionGet
                0x4002d3f6                FILESYS_F_TFTPServiceInit
 .text          0x4002d480      0x414 ../kernel/lib/CPU_B\libGCC_kernel.a(GCC_FILESYS_int.o)
                0x4002d480                FILESYS_INT_SRC_F_SourceIsVolatile
                0x4002d48a                FILESYS_INT_SRC_F_SourceFileOpen
                0x4002d6aa                FILESYS_INT_SRC_F_SourceFileGetSize
                0x4002d756                FILESYS_INT_SRC_F_CopySourceFileAsyncFillCache
                0x4002d834                FILESYS_INT_SRC_F_SourceInit
 .text          0x4002d894     0x42de ../kernel/lib/CPU_B\libGCC_kernel.a(GCC_FILESYS_tftp.o)
                0x4002d894                FILESYS_TFTP_SRC_F_EntryReset
                0x4002daf0                FILESYS_TFTP_SRC_F_SourceInstanceCreate
                0x4002dc44                FILESYS_TFTP_SRC_F_IsSourceVolatile
                0x4002dc4e                FILESYS_TFTP_SRC_F_SourceFileGetSize
                0x4002dcde                FILESYS_TFTP_SRC_F_SourceFileAsyncFillCache
                0x4002dfe4                FILESYS_TFTP_SRC_F_SourceInstanceGet
                0x4002e130                FILESYS_TFTP_SRC_SourceFileOpen
                0x4002e6d0                FILESYS_TFTP_SRC_F_CheckPendingTimerStatus
                0x4002e774                FILESYS_TFTP_F_ServiceClose
                0x4002e7c6                FILESYS_TFTP_F_GetPrioFromIPAddr
                0x4002e86a                FILESYS_TFTP_SRC_F_FileStatusGet
                0x4002eb90                FILESYS_TFTP_SRC_F_FileContentRead
                0x4002eeb6                FILESYS_TFTP_SRC_F_FileStatusGetCheck
                0x4002f702                FILESYS_TFTP_SRC_F_FileContentReadCheck
                0x4002fa48                FILESYS_TFTP_SRC_F_PeriodicTask
                0x40030a52                FILESYS_TFTP_F_ServiceOpen
                0x40030efc                FILESYS_TFTP_F_ManageCommandDetail
                0x400313fe                FILESYS_TFTP_F_ManageCommandRead
                0x4003177a                FILESYS_TFTP_F_ManageCommandInfo
                0x40031908                FILESYS_TFTP_F_GetNewSession
                0x40031a10                FILESYS_TFTP_F_ExtractGivenFile
 *fill*         0x40031b72        0x2 
 .text          0x40031b74      0x270 ../kernel/lib/CPU_B\libGCC_kernel.a(GCC_Flash.o)
                0x40031b74                FLASH_F_PreInit
                0x40031b8a                FLASH_F_Create
                0x40031bdc                FLASH_F_Task
                0x40031c3e                FLASH_F_SuspendDirect
                0x40031c7a                FLASH_F_ResumeDirect
                0x40031cb6                FLASH_F_EraseDirect
                0x40031cfc                FLASH_F_WriteDirect
                0x40031d46                FLASH_F_ReadDirect
                0x40031d90                FLASH_F_MemsetDirect
 .text          0x40031de4     0x1636 ../kernel/lib/CPU_B\libGCC_kernel.a(GCC_Flash_Async.o)
                0x40031de4                FLASH_ASYNC_F_Init
                0x40031e3c                FLASH_ASYNC_F_GetSubscribedDev
                0x40031ebc                FLASH_ASYNC_F_SubscribeFlashDevice
                0x400323b4                FLASH_ASYNC_F_GetFlashDevice
                0x400323ec                FLASH_ASYNC_F_MallocAction
                0x40032490                FLASH_ASYNC_F_PostActionToPrioQ
                0x400325f6                FLASH_F_AskLock
                0x40032678                FLASH_F_Unlock
                0x400326c8                FLASH_F_EraseAsync
                0x4003275a                FLASH_F_WriteAsync
                0x400327fc                FLASH_F_MemsetAsync
                0x400328a6                FLASH_F_ReadAsync
                0x40032972                FLASH_ASYNC_F_GetCurrentActionInfo
                0x40032bc0                FLASH_ASYNC_F_StoreInCurrentActionList
                0x40032cce                FLASH_ASYNC_F_BoostPrioSuspendedAction
                0x40032db8                FLASH_ASYNC_F_EvaluateActionsOnAllFlash
                0x40033228                FLASH_ASYNC_F_ActionProcess
 *fill*         0x4003341a        0x2 
 .text          0x4003341c      0xca0 ../kernel/lib/CPU_B\libGCC_kernel.a(GCC_Flash_Direct.o)
                0x4003341c                FLASH_DRV_F_InitActionCtx
                0x4003347c                FLASH_DRV_F_ContinueLastOperation
                0x40033628                FLASH_DRV_F_GetPartAccessSize
                0x40033894                FLASH_DRV_F_StartNewOperation
                0x40033c3a                FLASH_DRV_F_AccessPart
                0x40033d28                FLASH_DRV_F_Suspend
                0x40033d78                FLASH_DRV_F_Resume
                0x40033dc8                FLASH_DRV_F_Erase
                0x40033e7a                FLASH_DRV_F_Write
                0x40033f46                FLASH_DRV_F_Read
                0x40034012                FLASH_DRV_F_Memset
 .text          0x400340bc      0xaae ../kernel/lib/CPU_B\libGCC_kernel.a(GCC_gdf.o)
                0x40034108                GDF_F_FileNameCrcCompute
                0x400341b6                GDF_F_FusesWrite
                0x400342b6                GDF_F_FuseSwBurnArea
                0x400342fa                GDF_F_FuseSystemInSafety
                0x40034874                GDF_F_FuseXirq
                0x400349f8                GDF_F_LogInternal
                0x40034a62                GDF_F_DumpStack
                0x40034afa                GDF_F_FaultInternal
 *fill*         0x40034b6a        0x2 
 .text          0x40034b6c      0x8cc ../kernel/lib/CPU_B\libGCC_kernel.a(GCC_gdf_dump_tools.o)
                0x40034b6c                GDF_DUMP_TOOLS_F_MemorizeModeBeforeGdf
                0x40034b96                GDF_DUMP_TOOLS_F_WritePart
                0x40034e88                GDF_DUMP_TOOLS_F_DumpBuffer
                0x40034f74                GDF_DUMP_TOOLS_F_DumpMemory
                0x400353b0                GDF_DUMP_TOOLS_F_FaultFilteringStoreInfo
 .text          0x40035438      0x4d6 ../kernel/lib/CPU_B\libGCC_kernel.a(GCC_MATH.o)
                0x40035438                MATH_F_ComputeCRC32CCITT
                0x400354ee                MATH_F_LfsrShiftRight
                0x40035540                MATH_F_LfsrPost
                0x4003556a                MATH_F_LfsrSub
                0x40035594                MATH_F_LfsrAdd
                0x400355fc                MATH_F_ComputeCRC32FSFB2ChanOne
                0x400356f6                MATH_F_ComputeCRC16CCITT
                0x40035802                MATH_F_KeyScramble
 *fill*         0x4003590e        0x2 
 .text          0x40035910     0x2500 ../kernel/lib/CPU_B\libGCC_kernel.a(GCC_osw.o)
                0x40035910                OSW_F_MemCreate
                0x40035a6a                OSW_F_MemGet
                0x40035c3e                OSW_F_MemPut
                0x40035cae                OSW_F_SemCreate
                0x40035cd8                OSW_F_SemPend
                0x40035e04                OSW_F_SemPost
                0x40035e48                OSW_F_SemAccept
                0x40035e8c                OSW_F_QCreate
                0x40035ede                OSW_F_QPost
                0x40035f4e                OSW_F_QPostFront
                0x40035fbe                OSW_F_QPend
                0x400360f4                OSW_F_QAccept
                0x40036164                OSW_F_FlagCreate
                0x400361b0                OSW_F_FlagPost
                0x40036234                OSW_F_FlagAccept
                0x400362bc                OSW_F_FlagPend
                0x40036406                OSW_F_TimeDly
                0x40036426                OSW_F_TickGet
                0x40036434                OSW_F_TempoStart
                0x400364b4                OSW_F_TempoReload
                0x400365d4                OSW_F_TempoState
                0x40036678                OSW_F_TempoRemainingTick
                0x400367ac                OSW_F_TempoStop
                0x40036808                OSW_F_TaskPrioGet
                0x40036850                OSW_F_IsOsStarted
                0x40036874                OSW_F_PrioQCreate
                0x4003695a                OSW_F_PrioQAddLevel
                0x40036c34                OSW_F_ExtractMostPrioMessage
                0x40036d3e                OSW_F_PrioQPend
                0x40036ef0                OSW_F_PrioQAccept
                0x40036fec                OSW_F_PrioQPost
                0x400371fc                OSW_F_PrioQHasPrioMessage
                0x400372b2                OSW_F_ListInit
                0x40037310                OSW_F_ListInsertBefore
                0x400373dc                OSW_F_ListAddToTail
                0x400374a8                OSW_F_ListInsertAfter
                0x40037578                OSW_F_ListAddToHead
                0x40037648                OSW_F_ListExtractFromHead
                0x4003773e                OSW_F_ListExtractFromTail
                0x40037828                OSW_F_ListRemove
                0x40037928                OSW_F_ListGetNext
                0x400379a0                OSW_F_FifoInit
                0x40037a90                OSW_F_FifoExtract
                0x40037b78                OSW_F_FifoInsert
                0x40037c9a                OSW_F_QQuery
                0x40037d18                OSW_F_SemQuery
                0x40037d92                OSW_F_MemQuery
 .text          0x40037e10     0x1348 ../kernel/lib/CPU_B\libGCC_kernel.a(GCC_print.o)
                0x40037e10                PRINT_F_HardwareInit
                0x40038228                PRINT_F_PrintfWithTaintInfo
                0x40038536                PRINT_F_PrintfInternal
                0x4003858c                PRINT_F_Create
                0x40038798                PRINT_F_Config
                0x400387a2                PRINT_F_Start
                0x400387c4                PRINT_F_Task
                0x40038858                PRINT_F_ReportActiveIntegration
                0x40038886                PRINT_F_PrintfAuth
                0x40038a64                PRINT_F_Report
                0x40039038                PRINT_F_Printf
                0x400390ac                DTXT_F_Report
                0x400390f0                DTXT_F_Printf
 .text          0x40039158     0x12ea ../kernel/lib/CPU_B\libGCC_kernel.a(GCC_RECORD.o)
                0x40039158                RECORD_F_CheckIntegrity
                0x400395f2                RECORD_F_EStampGetContents
                0x40039bd8                RECORD_F_Task
                0x40039cae                RECORD_F_Start
                0x40039e24                RECORD_F_StMainIdle
                0x40039f08                RECORD_F_StMainEventWrite
                0x4003a080                RECORD_F_StMainBackupLog
                0x4003a1f8                RECORD_F_StMainFlush
                0x4003a34c                RECORD_F_Create
                0x4003a3f2                RECORD_F_GetElecStampStatus
                0x4003a400                RECORD_F_SetElecStampStatus
 *fill*         0x4003a442        0x2 
 .text          0x4003a444     0x11a8 ../kernel/lib/CPU_B\libGCC_kernel.a(GCC_RECORD_evt.o)
                0x4003a444                RECORD_EVT_F_IsBackupNeeded
                0x4003a46a                RECORD_EVT_F_LogInit
                0x4003a4f2                RECORD_EVT_F_LogRun
                0x4003a5c8                RECORD_EVT_F_BackupInit
                0x4003a626                RECORD_EVT_F_BackupRun
                0x4003a658                RECORD_EVT_F_StEvtLock
                0x4003a766                RECORD_EVT_F_EventDirectWrite
                0x4003a828                RECORD_EVT_F_StEvtWrite
                0x4003a90c                RECORD_EVT_F_StEvtBckRead
                0x4003acb4                RECORD_EVT_F_StEvtBckErase
                0x4003add4                RECORD_EVT_F_StEvtBckVersionCrc
                0x4003af24                RECORD_EVT_F_IsEvtLogNeeded
                0x4003af9c                RECORD_EVT_F_EventStructureVersionCheck
                0x4003b128                RECORD_F_EventLogFreeSpaceManage
                0x4003b32e                RECORD_F_EventDirectLog
                0x4003b398                RECORD_F_EventLog
                0x4003b53e                RECORD_EVT_F_Create
 .text          0x4003b5ec     0x2444 ../kernel/lib/CPU_B\libGCC_kernel.a(GCC_RECORD_pda.o)
                0x4003b638                RECORD_PDA_F_SwitchFrontAndBackAreaBuffers
                0x4003b666                RECORD_PDA_F_GetAreaIndexFromId
                0x4003b726                RECORD_F_AskFlush
                0x4003b822                RECORD_F_AskFlushDirect
                0x4003b86e                RECORD_F_ReserveArea
                0x4003bb26                RECORD_PDA_F_IsFlushNeeded
                0x4003bb62                RECORD_PDA_F_FlushRun
                0x4003bb94                RECORD_PDA_F_InitRun
                0x4003bbc6                RECORD_PDA_F_StInitCompareFrontAndBack
                0x4003be04                RECORD_PDA_F_FlushInit
                0x4003be6c                RECORD_PDA_F_InitInit
                0x4003bedc                RECORD_PDA_F_StFlushInit
                0x4003c356                RECORD_PDA_F_StFlushEnd
                0x4003c69c                RECORD_PDA_F_StFlushWriteSecondSector
                0x4003c774                RECORD_PDA_F_StFlushWriteFirstSector
                0x4003c898                RECORD_PDA_F_StInitCopyRefSector
                0x4003c9c0                RECORD_PDA_F_StInitCheckHeaders
                0x4003ccfc                RECORD_PDA_F_StInitResetAll
                0x4003cef6                RECORD_PDA_F_Create
                0x4003cf52                RECORD_PDA_F_StInitOk
                0x4003d072                RECORD_PDA_F_StInitHeaderDiffCheckRef
                0x4003d1b0                RECORD_PDA_F_StInitHeaderEqualCheckSecond
                0x4003d2c0                RECORD_PDA_F_StInitHeaderEqualCheckFirst
                0x4003d3c8                RECORD_F_Write
                0x4003d6f8                RECORD_F_WriteDirect
                0x4003d788                RECORD_F_Read
 .text          0x4003da30     0x186c ../kernel/lib/CPU_B\libGCC_kernel.a(GCC_RECORD_sector.o)
                0x4003da30                RECORD_SECTOR_F_RunReadSector
                0x4003da62                RECORD_SECTOR_F_RunWriteSector
                0x4003da94                RECORD_SECTOR_F_StRdPrepareNextRead
                0x4003dc42                RECORD_SECTOR_F_StRdStart
                0x4003dcea                RECORD_SECTOR_F_InitReadSector
                0x4003de02                RECORD_SECTOR_F_InitWriteSector
                0x4003def0                RECORD_SECTOR_F_StRdAreaHeader
                0x4003e25e                RECORD_SECTOR_F_StRdAreaData
                0x4003e610                RECORD_SECTOR_F_StRdEnd
                0x4003e6e4                RECORD_SECTOR_F_StWrSectErase
                0x4003e808                RECORD_SECTOR_F_StWrSectStatus
                0x4003e946                RECORD_SECTOR_F_StWrSectCpt
                0x4003ea82                RECORD_SECTOR_F_StWrSectWriteAreaHeaderStatus
                0x4003ed1e                RECORD_SECTOR_F_StWrSectWriteAreaHeaderCrc
                0x4003efc6                RECORD_SECTOR_F_StWrSectWriteAreaData
 .text          0x4003f29c     0x10a8 ../kernel/lib/CPU_B\libGCC_kernel.a(GCC_RECORD_stat.o)
                0x4003f2e8                RECORD_STAT_F_CreatePareto
                0x4003f392                RECORD_STAT_F_EnablePareto
                0x4003f3ea                RECORD_STAT_F_UpdatePareto
                0x4003f4f4                RECORD_STAT_F_DisablePareto
                0x4003f54c                RECORD_STAT_F_InitStatistic
                0x4003f64a                RECORD_STAT_F_EnableStatistic
                0x4003f6b8                RECORD_STAT_F_DisableStatistic
                0x4003f728                RECORD_STAT_F_IsStatisticEnabled
                0x4003f760                RECORD_STAT_F_ResetStatistic
                0x4003f800                RECORD_STAT_F_StartStopwatch
                0x4003f89a                RECORD_STAT_F_StopStopwatch
                0x4003f9e0                RECORD_STAT_F_ResetStopwatch
                0x4003fa58                RECORD_STAT_F_StopwatchElapsedTime
                0x4003fba2                RECORD_STAT_F_StoreStatisticValue
                0x4003fd96                RECORD_STAT_F_GetGlobalMinValue
                0x4003fe1c                RECORD_STAT_F_GetGlobalMaxValue
                0x4003fea2                RECORD_STAT_F_GetGlobalNbValues
                0x4003ff0e                RECORD_STAT_F_GetGlobalSumValue
                0x4003ff94                RECORD_STAT_F_GetGlobalAverageValue
                0x40040030                RECORD_STAT_F_GetMinValueFromRecords
                0x4004011e                RECORD_STAT_F_GetMaxValueFromRecords
                0x4004020c                RECORD_STAT_F_GetAverageValueFromRecords
 .text          0x40040344      0x738 ../kernel/lib/CPU_B\libGCC_kernel.a(GCC_RECORD_utl.o)
                0x40040390                RECORD_UTL_F_StChIsFinished
                0x400403e8                RECORD_UTL_F_StChChangeState
                0x4004043a                RECORD_UTL_F_StChRunState
                0x40040534                RECORD_UTL_F_StChInit
                0x4004058a                RECORD_UTL_F_LogEnteringState
                0x40040604                RECORD_UTL_F_FlashEndOperationNotif
                0x40040716                RECORD_UTL_F_InitFlashEndOpNotif
                0x400407ba                RECORD_UTL_F_SpiFlashReadWaitFlag
                0x400408b4                RECORD_UTL_F_SpiFlashWriteWaitFlag
                0x400409ae                RECORD_UTL_F_SpiFlashEraseWaitFlag
 .text          0x40040a7c     0x1e9e ../kernel/lib/CPU_B\libGCC_kernel.a(GCC_Schedule.o)
                0x40040a7c                SCHED_F_GetFlashingGpioState
                0x40040b06                SCHED_F_TickHook
                0x400421de                SCHED_F_PreInit
                0x40042354                SCHED_F_CreateAndStart
                0x40042428                SCHED_P_Task
                0x40042674                SCHED_F_FlashingHalfPeriodSet
                0x40042690                SCHED_F_CommonTimeInit
                0x400426dc                SCHED_F_CommonTimeGet
                0x40042736                SCHED_F_CommonTimeReSynchronization
                0x400428fe                SCHED_F_IsCommonTimeSynchronized
                0x4004290c                SCHED_F_RunlevelGet
 *fill*         0x4004291a        0x2 
 .text          0x4004291c      0x884 ../kernel/lib/CPU_B\libGCC_kernel.a(GCC_Schedule_gta.o)
                0x40042970                SCHED_GTA_F_Init
                0x40042a12                SCHED_GTA_F_Create
                0x40042c1a                SCHED_GTA_F_WaitForConfig
                0x40042d42                SCHED_GTA_F_Config
                0x40042e6a                SCHED_GTA_F_WaitForStart
                0x40042ff8                SCHED_GTA_F_Start
                0x4004311e                SCHED_GTA_F_StartCompleted
 .text          0x400431a0     0x24ca ../kernel/lib/CPU_B\libGCC_kernel.a(GCC_Schedule_launcher.o)
                0x400431a0                SCHED_LAUNCHER_F_BootFailedDisableUnusedTasks
                0x400432ca                SCHED_F_GetTaskIdFromPriority
                0x4004335c                SCHED_F_GetPriorityFromTaskId
                0x400433ea                SCHED_F_SetTaskRestrictiveModeOk
                0x400434d8                SCHED_F_IsTaskStarted
                0x400435e4                SCHED_F_GetNumberNominalTask
                0x40043634                SCHED_LAUNCHER_F_EvaluateCycleWakeUp
                0x40043922                SCHED_LAUNCHER_F_WakeupAllPeriodicTasks
                0x40043b16                SCHED_LAUNCHER_F_RunLevelConfig
                0x40043be6                SCHED_LAUNCHER_F_RunLevelStart
                0x40043dea                SCHED_LAUNCHER_F_RunLevelLaunch
                0x40043e46                SCHED_LAUNCHER_F_CreateAllTasks
                0x40043ed8                SCHED_LAUNCHER_F_FSFB2AndRSSP1ActiveSet
                0x40043f8a                SCHED_LAUNCHER_F_CreateWDG
                0x40045354                SCHED_LAUNCHER_F_PrepareStartup
 *fill*         0x4004566a        0x2 
 .text          0x4004566c     0x18ae ../kernel/lib/CPU_B\libGCC_kernel.a(GCC_Schedule_utl.o)
                0x4004566c                SCHED_F_SetBootFuseState
                0x40045680                SCHED_F_BootFuseState
                0x4004568e                SCHED_UTL_F_SetBoardMode
                0x400456a2                SCHED_F_GetBoardMode
                0x400456b0                SCHED_UTL_F_SetNetworkLeds
                0x400456e2                SCHED_F_GetLedCan
                0x400456f0                SCHED_F_GetLedEth1
                0x400456fe                SCHED_F_GetLedEth2
                0x4004570c                SCHED_F_GetLedMaster
                0x4004571a                SCHED_F_MasterLedSet
                0x4004573c                SCHED_F_MasterLedClear
                0x4004575e                SCHED_F_EthLedClear
                0x400457b4                SCHED_F_EthLedToggle
                0x4004580a                SCHED_UTL_F_SetFlashingGpio
                0x400458ba                SCHED_F_GetFlashingGpioInter
                0x400458c8                SCHED_F_GetFlashingGpioIntra
                0x400458d6                SCHED_UTL_F_SetMaintenanceTable
                0x40045918                SCHED_F_GetMaintenanceTable
                0x40045984                SCHED_UTL_F_SetForceBid
                0x400459b8                SCHED_F_IsBidForced
                0x400459c6                SCHED_F_GetForcedBidValue
                0x400459f0                SCHED_UTL_F_UserDataSet
                0x40045a44                SCHED_F_UserDataGet
                0x40045a6c                SCHED_F_UserDataIsProvided
                0x40045a7a                SCHED_F_SetReprogSafetyFlagValue
                0x40045a8e                SCHED_F_GetReprogSafetyFlagValue
                0x40045a9c                SCHED_F_SetReprogAuthoCallBack
                0x40045ab0                SCHED_F_GetReprogAuthoCallBack
                0x40045abe                SCHED_UTL_F_GuestMemoryInfoSet
                0x40045af0                SCHED_F_GuestKeyMemoryGet
                0x40045b1e                SCHED_F_GuestConfMemoryGet
                0x40045b94                SCHED_F_SetConfigKeyStatus
                0x40045c02                SCHED_UTL_F_GetConfigKeyStatus
                0x40045c10                SCHED_F_SetInitialFunctionalMode
                0x40045d4a                SCHED_F_SetFunctionalModeSafeState
                0x40045d64                SCHED_UTL_F_SetFunctionalMode
                0x40045d8c                SCHED_F_IsFunctionalModeDefined
                0x40045d9a                SCHED_F_GetFunctionalMode
                0x40045da8                SCHED_UTL_F_IsNominalModeReached
                0x40045db6                SCHED_UTL_F_GetRestrictiveTransitionState
                0x40045dc4                SCHED_UTL_F_GetStandbyTransitionState
                0x40045dd2                SCHED_F_IsRestrictiveTransition
                0x40045dfc                SCHED_UTL_F_IsStandbyTransitionAllowed
                0x40045f38                SCHED_F_EndRestrictiveEventReasonLoggedCallback
                0x40045f4a                SCHED_F_SwitchRestrictiveMode
                0x40046056                SCHED_F_SwitchStandbyModeRequest
                0x40046158                SCHED_F_SetModeDownFlag
                0x4004616a                SCHED_F_GetModeDownFlag
                0x40046178                SCHED_F_ClearModeDownFlag
                0x40046190                SCHED_F_SetModeUpFlag
                0x400461a2                SCHED_F_GetModeUpFlag
                0x400461b0                SCHED_F_ClearModeUpFlag
                0x400461c2                SCHED_UTL_F_NotifyRestrictiveRequestSent
                0x400461d4                SCHED_UTL_F_NotifyRemoteTransitionState
                0x40046250                SCHED_UTL_F_ManageRestrictiveSwitch
                0x400465ce                SCHED_UTL_F_RestrictiveTransitionProtection
                0x4004662e                SCHED_F_IsBoardRestrictive
                0x4004663c                SCHED_F_ResetWhenInRestrictiveMode
                0x4004664e                SCHED_F_GetResetWhenInRestrictiveMode
                0x4004665c                SCHED_F_SwitchRestrictiveModeAndReset
                0x40046680                SCHED_F_IsResetNeeded
                0x40046910                SCHED_F_RecordSwicthModeCB
                0x400469f2                SCHED_F_SwitchNormalMode
                0x40046bd4                SCHED_F_SwitchStandbyMode
                0x40046d70                SCHED_F_BootStateSet
                0x40046d84                SCHED_F_BootStateGet
                0x40046d92                SCHED_F_NbFaultFilteringRebootSet
                0x40046da6                SCHED_F_NbFaultFilteringRebootGet
                0x40046db4                SCHED_F_IsFunctionalModeRestrictive
                0x40046e10                SCHED_F_ExtractRunningMode
                0x40046eaa                SCHED_F_GetRunMemoryString
                0x40046ec0                SCHED_F_TaskInfoConfigure
 *fill*         0x40046f1a        0x2 
 .text          0x40046f1c        0x0 ../kernel/lib/CPU_B\libGCC_kernel.a(GCC_VCU_Start.o)
 .text          0x40046f1c     0x5c82 ../kernel/lib/CPU_B\libGCC_kernel.a(GCC_SDB.o)
                0x40046f1c                SDB_F_Init
                0x400471fe                SDB_F_IsSynchronised
                0x4004722a                SDB_F_PresenceTableRead
                0x40047336                SDB_F_PresenceTableFill
                0x400473fc                SDB_F_NotificationAdd
                0x40047510                SDB_F_IsReadyToSendPdo
                0x400475c6                SDB_F_InputPdoDefaultGet
                0x40047606                SDB_F_DatabaseRead
                0x40047830                SDB_F_TxDatabaseReadBySessionId
                0x40047aea                SDB_F_RxDatabaseReadBySessionId
                0x40047f34                SDB_F_MessageIdSubmit
                0x40048140                SDB_F_MessageIdRequest
                0x40048648                SDB_F_MessageIdRequestBySessionId
                0x4004875a                SDB_F_DataIdRequest
                0x40048ae0                SDB_F_DataIdRequestBySessionId
                0x40048bb6                SDB_F_DataIdSubmit
                0x40049112                SDB_F_DataIdSubmitBySessionId
                0x4004925e                SDB_F_ReceivedDataAdd
                0x40049408                SDB_F_CurrentTransmitDBRead
                0x40049524                SDB_F_NextTimeoutGet
                0x4004962a                SDB_F_MergePdoTable
                0x40049bfa                SDB_F_GetReduntEqId
                0x40049d00                SDB_F_IntALifeTimeMgt
                0x4004a07e                SDB_F_NoficationFlagsPost
                0x4004acfe                SDB_F_FunctionalModeMgt
                0x4004b036                SDB_F_CheckIntALifeTime
                0x4004c38a                SDB_F_MainProcess
                0x4004c51a                SDB_F_Schedule
                0x4004c858                SDB_F_PreInitAPI
                0x4004c868                SDB_F_MaxLifeTimeStatusGet
 *fill*         0x4004cb9e        0x2 
 .text          0x4004cba0     0x10f8 ../kernel/lib/CPU_B\libGCC_kernel.a(GCC_SDB_api.o)
                0x4004cba0                SDB_API_F_PdoTableFromAlignedEqptClear
                0x4004ce60                SDB_API_F_ConvertMessIdToPdoTable
                0x4004d280                SDB_API_F_PdoTableWithDefaultMessageFill
                0x4004d306                SDB_API_F_InitUpdateMask
                0x4004d3b8                SDB_API_F_BlockMessageIdFill
                0x4004d4c2                SDB_API_F_BlockSessionIdFill
                0x4004d5d4                SDB_API_F_DbMemBlockGet
                0x4004d64a                SDB_API_F_ReadDbAndKoo2Exchange
                0x4004d6f4                SDB_API_F_ReadTxDbAndKoo2ExchangeBySessionId
                0x4004d7ac                SDB_API_F_ReadRxDbAndKoo2ExchangeBySessionId
                0x4004d864                SDB_API_F_DbMemBlockPut
                0x4004d954                SDB_API_F_MemoryPartDbCreation
                0x4004d9c0                SDB_API_F_PreInit
                0x4004d9da                SDB_API_F_ValidConfig
 .text          0x4004dc98      0xdba ../kernel/lib/CPU_B\libGCC_kernel.a(GCC_SDB_intercpu.o)
                0x4004dc98                SDB_INTERCPU_F_ReceivedMsgRelease
                0x4004dcb8                SDB_INTERCPU_F_BlockFomReceivedMsgGet
                0x4004df08                SDB_INTERCPU_F_MsgWait
                0x4004e300                SDB_INTERCPU_F_MsgToSendReinit
                0x4004e610                SDB_INTERCPU_F_MsgSend
                0x4004e656                SDB_INTERCPU_F_BlockInMsgAppend
 *fill*         0x4004ea52        0x2 
 .text          0x4004ea54     0x10c2 ../kernel/lib/CPU_B\libGCC_kernel.a(GCC_SDB_ioplug.o)
                0x4004eaa0                SDB_IOPLUG_F_Init
                0x4004eafa                SDB_IOPLUG_F_Reset
                0x4004eb7c                SDB_IOPLUG_F_InputDefaultTableUpdate
                0x4004ed9c                SDB_F_BooleanInputDefaultGet
                0x4004ee38                SDB_IOPLUG_F_InputPdoDefaultGet
                0x4004eec8                SDB_IOPLUG_F_SteeringRedundancyProcess
                0x4004f06a                SDB_IOPLUG_F_DetectedGenericRedundancy
                0x4004f3c4                SDB_IOPLUG_F_DetectedBooleanRedundancy
                0x4004f8a6                SDB_IOPLUG_F_DetectedRedundancyProcess
                0x4004f9ba                SDB_IOPLUG_F_ManagePDOTimeUpdateSteering
                0x4004fa4c                SDB_IOPLUG_F_ManagePDOTimeUpdateDetected
 *fill*         0x4004fb16        0x2 
 .text          0x4004fb18     0x18c0 ../kernel/lib/CPU_B\libGCC_kernel.a(GCC_SDB_update.o)
                0x4004fb18                SDB_UPDATE_F_DBAccessPrepare
                0x4004fb8a                SDB_UPDATE_F_SHAcompute
                0x4004ff62                SDB_UPDATE_F_DataCpyToIODB
                0x40050290                SDB_UPDATE_F_UpdatedIOGet
                0x4005031e                SDB_UPDATE_F_Init
                0x4005036e                SDB_UPDATE_F_DbToRestrictiveSet
                0x40050480                SDB_UPDATE_F_SteeringCanMerge
                0x4005070a                SDB_UPDATE_F_DetectedCanMerge
                0x40050cda                SDB_UPDATE_F_RemainingUpdateBlocksAge
                0x40050dd2                SDB_UPDATE_F_UpdateBlockMerge
 .text          0x400513d8      0xda2 ../kernel/lib/CPU_B\libGCC_kernel.a(GCC_SDB_updatelist.o)
                0x400513d8                SDB_UPDATELIST_F_BlockAddPdo
                0x40051532                SDB_UPDATELIST_F_BlockRead
                0x40051670                SDB_UPDATELIST_F_CRCListGet
                0x40051816                SDB_UPDATELIST_F_BlockCreate
                0x4005196a                SDB_UPDATELIST_F_SetBlockToRelease
                0x40051a52                SDB_UPDATELIST_F_BlockToReleaseClean
                0x40051dfc                SDB_UPDATELIST_F_BlockWrite
                0x40052030                SDB_UPDATELIST_F_Init
                0x400520aa                SDB_UPDATELIST_F_BlockRelease
 *fill*         0x4005217a        0x2 
 .text          0x4005217c     0x1bb6 ../kernel/lib/CPU_B\libGCC_kernel.a(GCC_std.o)
                0x4005217c                __clear
                0x4005251e                STD_F_Printk
                0x40053140                STD_F_VSnprintf
                0x400531ea                STD_F_Snprintf
                0x40053282                STD_F_Strlen
                0x400532c6                STD_F_Strncat
                0x400533b4                STD_F_Strncpy
                0x400534e8                STD_F_Strncmp
                0x400535c0                STD_F_Memcpy
                0x40053768                STD_F_StrnLowerCaseSet
                0x4005380e                STD_F_Memset
                0x4005387a                STD_F_Memcmp
                0x4005394a                STD_F_Strtoul
                0x40053c56                STD_F_GenericPause
                0x40053d08                STD_F_WaitOneMs
 *fill*         0x40053d32        0x2 
 .text          0x40053d34     0x1ba2 ../kernel/lib/CPU_B\libGCC_kernel.a(GCC_VOTE.o)
                0x40053d34                VOTE_F_Init
                0x40053d54                VOTE_F_GetAndResetStat
                0x40054528                VOTE_F_CpuWaitExt
                0x4005465e                VOTE_F_ReadExt
                0x40054794                VOTE_F_Send
                0x40054b16                VOTE_F_SendToCPU
                0x40055096                VOTE_F_CpuSendExt
                0x400551a0                VOTE_F_WriteExt
                0x4005524c                VOTE_F_CpuExchangeExt
                0x40055366                VOTE_F_System2oo2CheckExt
                0x40055432                VOTE_F_CycleEndExt
                0x400555f4                VOTE_F_CycleBegin
                0x40055730                VOTE_F_CycleEndInternal
                0x40055884                VOTE_F_CycleNextExt
                0x400558c2                VOTE_F_K2oo2StatGet
 *fill*         0x400558d6        0x2 
 .text          0x400558d8     0x273e ../kernel/lib/CPU_B\libGCC_kernel.a(GCC_VOTE_com.o)
                0x40055d0a                VOTE_F_SendAck
                0x40055d90                VOTE_F_CanSend
                0x40055dd2                VOTE_F_EmissionLoop
                0x400560f6                VOTE_F_CheckTimeouts
                0x40057cee                VOTE_F_ReceptionLoop
                0x40057ec2                VOTE_F_ComInit
 *fill*         0x40058016        0x2 
 .text          0x40058018      0x996 ../kernel/lib/CPU_B\libGCC_kernel.a(GCC_VOTE_tsk.o)
                0x40058018                VOTE_F_ModeRunningState
                0x40058034                VOTE_TSK_F_GetSubscriptionInfoFromTaskId
                0x40058084                VOTE_F_SetFragmentationsize
                0x4005811a                VOTE_F_Subscribe
                0x40058422                VOTE_F_Task
                0x40058558                VOTE_F_Start
                0x40058588                VOTE_F_Create
                0x4005880e                VOTE_TSK_F_EvaluateNotification
 *fill*         0x400589ae        0x2 
 .text          0x400589b0      0x59e ../kernel/lib/CPU_B\libGCC_kernel.a(GCC_wdg.o)
                0x400589fc                WDG_F_GetCPUUsageMax
                0x40058a0a                WDG_F_Enable
                0x40058a1c                WDG_F_PeriodTableMinGet
                0x40058a8c                WDG_F_Load
                0x40058c6e                WDG_F_GetRemainingTickToEnableWdg
                0x40058ca6                WDG_F_SwWatchdog
                0x40058eb6                WDG_F_Create
 *fill*         0x40058f4e        0x2 
 .text          0x40058f50     0x685e ../kernel/lib/CPU_B\libGCC_kernel.a(GCC_viv.o)
                0x40058f9c                VIV_F_ImageMemoryGet
                0x40058fc6                VIV_F_EndFlashAsync
                0x40059036                VIV_F_FlashGetSectorNbFromAddr
                0x40059086                VIV_F_GetMemoryType
                0x4005917e                VIV_F_GetSession
                0x40059364                VIV_F_InitService
                0x40059502                VIV_F_IsFlashSectorAllowed
                0x400595ba                VIV_F_LockSession
                0x40059664                VIV_F_UnlockSession
                0x400596d0                VIV_F_ManageCommandCpuReset
                0x4005994a                VIV_F_ManageCommandGetAllVersion
                0x40059d32                VIV_F_ManageCommandGetVivVersion
                0x40059e42                VIV_F_ManageCommandEraseSector
                0x4005a2c8                VIV_F_ManageCommandMemRead
                0x4005a794                VIV_F_ManageCommandMemReadInit
                0x4005aaf0                VIV_F_ManageCommandStatus
                0x4005b1a6                VIV_F_ManageCommandTrigger
                0x4005b596                VIV_F_ManageCommandWatchpoint
                0x4005b9e0                VIV_F_ManageCommandReprog
                0x4005bdd8                VIV_F_ManageCommandReprogLock
                0x4005c24e                VIV_V_GetOldestSession
                0x4005c30c                VIV_F_ManageCommandSessionOpen
                0x4005c64c                VIV_F_ManageCommandBreakpoint
                0x4005c938                VIV_F_ManageCommandMemWrite
                0x4005cd96                VIV_F_ManageCommandKill
                0x4005d01a                VIV_F_ManageCommandInfo
                0x4005d2c2                VIV_F_ManageCommandResetDump
                0x4005d556                VIV_F_ManageCommandSessionClose
                0x4005d82e                VIV_F_ManageCommandMemReadInitRequestCheck
                0x4005ddca                VIV_F_RegisterTriggeredFunction
                0x4005df48                VIV_F_ManageCommandMemReadInitCheckAsyncRead
                0x4005e290                VIV_F_EndEraseImageCallback
                0x4005e3ca                VIV_F_EndWriteImageCallback
                0x4005e4c0                VIV_F_EndlogCallback
                0x4005e504                VIV_F_ManageCommandUpdate
                0x4005e766                VIV_F_ManageCommandVersion
                0x4005e912                VIV_F_OpenCases
                0x4005ed62                VIV_F_OpenConnectionVivisection
                0x4005f008                VIV_F_RegularClose
                0x4005f056                VIV_F_CommandKillClose
                0x4005f0b2                VIV_F_MemWriteClose
                0x4005f0f4                VIV_F_EraseSectorClose
                0x4005f200                VIV_F_ResetClose
                0x4005f254                VIV_F_BreakpointClose
                0x4005f2fa                VIV_F_WatchpointClose
                0x4005f3c6                VIV_F_MemReadInitClose
                0x4005f442                VIV_F_TriggerClose
                0x4005f51e                VIV_F_ResetDumpClose
                0x4005f5a8                VIV_F_UpdateClose
                0x4005f5fa                VIV_F_CloseConnectionVivisection
 *fill*         0x4005f7ae        0x2 
 .text          0x4005f7b0     0x516c ../kernel/lib/CPU_B\libGCC_kernel.a(GCC_mib.o)
                0x4005f7b0                MIB_F_Create
                0x4005f868                MIB_F_Config
                0x4005f872                MIB_F_InitData
                0x4005fbba                MIB_F_RmgGrpAddrInit
                0x4005ff00                MIB_F_Init
                0x4006056a                MIB_F_Start
                0x40060584                MIB_F_FillSWVersionInfo
                0x400608f6                MIB_F_FillSWCksInfo
                0x40060d6e                MIB_F_FillRmcValue
                0x40061006                MIB_F_FillRmcCountDescr
                0x400611ee                MIB_F_FillLruHwVersionInfo
                0x4006130e                MIB_F_FillManufacturerSerialNumber
                0x4006141e                MIB_F_FillDeviceName
                0x4006152e                MIB_F_CheckEmgcy
                0x400616ba                MIB_F_GetNetStatusFromOD
                0x40061878                MIB_F_UpdateRmgGroup
                0x40062a9e                MIB_F_UpdateRedundancyInfos
                0x40062e76                MIB_F_Update
                0x40062f86                MIB_F_Task