
Memory Configuration

Name             Origin             Length             Attributes
dummy            0x00000000         0x00000001         xrw
vector_ram       0x81000000         0x00000500         xrw
sram             0x81000000         0x00010000         xrw
sram_user        0x81000500         0x0000f700         xrw
sram_stack_boot  0x8100fc00         0x00000400         xrw
ext_sdram_data   0x44000000         0x01000000         xrw
ext_flash        0x20000000         0x00320000         xr
ext_flash_ES     0x20320000         0x00ce0000         xr
ext_sdram_code   0x40000000         0x00800000         xrw
*default*        0x00000000         0xffffffff

Linker script and memory map

LOAD ./out/CPU_B/GCC_mstep_isr.o
LOAD ./out/CPU_B/GCC_wdg_irq_handler.o
LOAD ./out/CPU_B/GCC_Drv_Sha1_Functions_Asm.o
LOAD ./out/CPU_B/GCC_Drv_Can_Isr_Asm.o
LOAD ./out/CPU_B/GCC_Drv_Fec_Isr_Asm.o
LOAD ./out/CPU_B/GCC_Drv_Timer_Isr_Asm.o
LOAD ./out/CPU_B/GCC_Drv_Uart_Vote_Isr_Asm.o
LOAD ./out/CPU_B/GCC_VCU_Exception_Asm.o
LOAD ./out/CPU_B/GCC_VCU_Start_Asm.o
LOAD ./out/CPU_B/GCC_mcf5xxx_lo.o
LOAD ./out/CPU_B/GCC_coldfire_cache.o
LOAD ./out/CPU_B/GCC_entry.o
LOAD ./out/CPU_B/GCC_os_cpu_a.o
LOAD ./out/CPU_B/GCC_mstep.o
LOAD ./out/CPU_B/GCC_BIT.o
LOAD ./out/CPU_B/GCC_BIT_fuse.o
LOAD ./out/CPU_B/GCC_BIT_survey.o
LOAD ./out/CPU_B/GCC_can.o
LOAD ./out/CPU_B/GCC_can_ard.o
LOAD ./out/CPU_B/GCC_can_config.o
LOAD ./out/CPU_B/GCC_can_emcy.o
LOAD ./out/CPU_B/GCC_can_od.o
LOAD ./out/CPU_B/GCC_can_odplug.o
LOAD ./out/CPU_B/GCC_can_open.o
LOAD ./out/CPU_B/GCC_can_saddle.o
LOAD ./out/CPU_B/GCC_can_safety.o
LOAD ./out/CPU_B/GCC_can_sdo.o
LOAD ./out/CPU_B/GCC_can_time.o
LOAD ./out/CPU_B/GCC_CONF.o
LOAD ./out/CPU_B/GCC_CONF_autho.o
LOAD ./out/CPU_B/GCC_CONF_check.o
LOAD ./out/CPU_B/GCC_CONF_dataset.o
LOAD ./out/CPU_B/GCC_CONF_local.o
LOAD ./out/CPU_B/GCC_CONF_reconf.o
LOAD ./out/CPU_B/GCC_CONF_src.o
LOAD ./out/CPU_B/GCC_FCODE.o
LOAD ./out/CPU_B/GCC_FILESYS.o
LOAD ./out/CPU_B/GCC_FILESYS_int.o
LOAD ./out/CPU_B/GCC_FILESYS_tftp.o
LOAD ./out/CPU_B/GCC_Flash.o
LOAD ./out/CPU_B/GCC_Flash_Async.o
LOAD ./out/CPU_B/GCC_Flash_Direct.o
LOAD ./out/CPU_B/GCC_gdf.o
LOAD ./out/CPU_B/GCC_gdf_dump_tools.o
LOAD ./out/CPU_B/GCC_LZW.o
LOAD ./out/CPU_B/GCC_MATH.o
LOAD ./out/CPU_B/GCC_osw.o
LOAD ./out/CPU_B/GCC_print.o
LOAD ./out/CPU_B/GCC_RECORD.o
LOAD ./out/CPU_B/GCC_RECORD_evt.o
LOAD ./out/CPU_B/GCC_RECORD_pda.o
LOAD ./out/CPU_B/GCC_RECORD_sector.o
LOAD ./out/CPU_B/GCC_RECORD_stat.o
LOAD ./out/CPU_B/GCC_RECORD_utl.o
LOAD ./out/CPU_B/GCC_Schedule.o
LOAD ./out/CPU_B/GCC_Schedule_gentask.o
LOAD ./out/CPU_B/GCC_Schedule_gta.o
LOAD ./out/CPU_B/GCC_Schedule_launcher.o
LOAD ./out/CPU_B/GCC_Schedule_utl.o
LOAD ./out/CPU_B/GCC_VCU_Start.o
LOAD ./out/CPU_B/GCC_SDB.o
LOAD ./out/CPU_B/GCC_SDB_api.o
LOAD ./out/CPU_B/GCC_SDB_intercpu.o
LOAD ./out/CPU_B/GCC_SDB_ioplug.o
LOAD ./out/CPU_B/GCC_SDB_update.o
LOAD ./out/CPU_B/GCC_SDB_updatelist.o
LOAD ./out/CPU_B/GCC_std.o
LOAD ./out/CPU_B/GCC_VOTE.o
LOAD ./out/CPU_B/GCC_VOTE_com.o
LOAD ./out/CPU_B/GCC_VOTE_tsk.o
LOAD ./out/CPU_B/GCC_wdg.o
LOAD ./out/CPU_B/GCC_viv.o
LOAD ./out/CPU_B/GCC_Drv_CAU_Lib.o
LOAD ./out/CPU_B/GCC_Drv_BID_Lib.o
LOAD ./out/CPU_B/GCC_Drv_Boot_Module.o
LOAD ./out/CPU_B/GCC_Drv_Boot_Utils.o
LOAD ./out/CPU_B/GCC_Drv_Cache_Lib.o
LOAD ./out/CPU_B/GCC_Drv_Can_Isr.o
LOAD ./out/CPU_B/GCC_Drv_Can_Lib.o
LOAD ./out/CPU_B/GCC_Drv_Fec_Lib.o
LOAD ./out/CPU_B/GCC_Drv_Flash_Parallel_Lib.o
LOAD ./out/CPU_B/GCC_Drv_Flash_Spi_Lib.o
LOAD ./out/CPU_B/GCC_Drv_Gpio.o
LOAD ./out/CPU_B/GCC_Drv_Led_Lib.o
LOAD ./out/CPU_B/GCC_Drv_MMU_Lib.o
LOAD ./out/CPU_B/GCC_Drv_SDRAM_Lib.o
LOAD ./out/CPU_B/GCC_Drv_Spi_Lib.o
LOAD ./out/CPU_B/GCC_Drv_Timer_Lib.o
LOAD ./out/CPU_B/GCC_Drv_Uart_Vote.o
LOAD ./out/CPU_B/GCC_bsp.o
LOAD ./out/CPU_B/GCC_exceptions.o
LOAD ./out/CPU_B/GCC_os_core.o
LOAD ./out/CPU_B/GCC_os_flag.o
LOAD ./out/CPU_B/GCC_os_hooks.o
LOAD ./out/CPU_B/GCC_os_mbox.o
LOAD ./out/CPU_B/GCC_os_mem.o
LOAD ./out/CPU_B/GCC_os_mutex.o
LOAD ./out/CPU_B/GCC_os_q.o
LOAD ./out/CPU_B/GCC_os_sem.o
LOAD ./out/CPU_B/GCC_os_task.o
LOAD ./out/CPU_B/GCC_os_time.o
LOAD ./out/CPU_B/GCC_arch_cache.o
LOAD ./out/CPU_B/GCC_core.o
LOAD ./out/CPU_B/GCC_coretask.o
LOAD ./out/CPU_B/GCC_idletaskcreate.o
LOAD ./out/CPU_B/GCC_cache_disable_data.o
LOAD ./out/CPU_B/GCC_cache_disable_instruction.o
LOAD ./out/CPU_B/GCC_cache_enable_data.o
LOAD ./out/CPU_B/GCC_cache_enable_instruction.o
LOAD ./out/CPU_B/GCC_cache_flush_data.o
LOAD ./out/CPU_B/GCC_cache_invalidate_data.o
LOAD ./out/CPU_B/GCC_cache_invalidate_instruction.o
LOAD ./out/CPU_B/GCC_counter.o
LOAD ./out/CPU_B/GCC_counter_create.o
LOAD ./out/CPU_B/GCC_counter_delete.o
LOAD ./out/CPU_B/GCC_counter_increment.o
LOAD ./out/CPU_B/GCC_counter_tick_get.o
LOAD ./out/CPU_B/GCC_counter_tick_set.o
LOAD ./out/CPU_B/GCC_event.o
LOAD ./out/CPU_B/GCC_event_clear.o
LOAD ./out/CPU_B/GCC_event_group_create.o
LOAD ./out/CPU_B/GCC_event_group_delete.o
LOAD ./out/CPU_B/GCC_event_group_delete_force.o
LOAD ./out/CPU_B/GCC_event_group_info.o
LOAD ./out/CPU_B/GCC_event_notify.o
LOAD ./out/CPU_B/GCC_event_ready_get.o
LOAD ./out/CPU_B/GCC_event_set.o
LOAD ./out/CPU_B/GCC_event_try_wait.o
LOAD ./out/CPU_B/GCC_event_wait.o
LOAD ./out/CPU_B/GCC_fatal_error_raise.o
LOAD ./out/CPU_B/GCC_irq_is_enabled.o
LOAD ./out/CPU_B/GCC_irq_resume.o
LOAD ./out/CPU_B/GCC_irq_suspend.o
LOAD ./out/CPU_B/GCC_isr.o
LOAD ./out/CPU_B/GCC_isr_enter.o
LOAD ./out/CPU_B/GCC_isr_exit.o
LOAD ./out/CPU_B/GCC_isr_level_get.o
LOAD ./out/CPU_B/GCC_mempart.o
LOAD ./out/CPU_B/GCC_mempart_alloc.o
LOAD ./out/CPU_B/GCC_mempart_create.o
LOAD ./out/CPU_B/GCC_mempart_free.o
LOAD ./out/CPU_B/GCC_mempart_info.o
LOAD ./out/CPU_B/GCC_message_queue.o
LOAD ./out/CPU_B/GCC_message_queue_broadcast.o
LOAD ./out/CPU_B/GCC_message_queue_create.o
LOAD ./out/CPU_B/GCC_message_queue_delete.o
LOAD ./out/CPU_B/GCC_message_queue_delete_force.o
LOAD ./out/CPU_B/GCC_message_queue_flush.o
LOAD ./out/CPU_B/GCC_message_queue_info.o
LOAD ./out/CPU_B/GCC_message_queue_receive.o
LOAD ./out/CPU_B/GCC_message_queue_send.o
LOAD ./out/CPU_B/GCC_message_queue_send_first.o
LOAD ./out/CPU_B/GCC_message_queue_try_receive.o
LOAD ./out/CPU_B/GCC_mutex.o
LOAD ./out/CPU_B/GCC_mutex_create.o
LOAD ./out/CPU_B/GCC_mutex_delete.o
LOAD ./out/CPU_B/GCC_mutex_delete_force.o
LOAD ./out/CPU_B/GCC_mutex_info.o
LOAD ./out/CPU_B/GCC_mutex_lock.o
LOAD ./out/CPU_B/GCC_mutex_try_lock.o
LOAD ./out/CPU_B/GCC_mutex_unlock.o
LOAD ./out/CPU_B/GCC_os_init.o
LOAD ./out/CPU_B/GCC_os_safety_critical.o
LOAD ./out/CPU_B/GCC_os_shutdown.o
LOAD ./out/CPU_B/GCC_os_start.o
LOAD ./out/CPU_B/GCC_sched_lock.o
LOAD ./out/CPU_B/GCC_sched_unlock.o
LOAD ./out/CPU_B/GCC_semaphore.o
LOAD ./out/CPU_B/GCC_semaphore_count_get.o
LOAD ./out/CPU_B/GCC_semaphore_count_set.o
LOAD ./out/CPU_B/GCC_semaphore_create.o
LOAD ./out/CPU_B/GCC_semaphore_delete.o
LOAD ./out/CPU_B/GCC_semaphore_delete_force.o
LOAD ./out/CPU_B/GCC_semaphore_give.o
LOAD ./out/CPU_B/GCC_semaphore_info.o
LOAD ./out/CPU_B/GCC_semaphore_take.o
LOAD ./out/CPU_B/GCC_semaphore_try_take.o
LOAD ./out/CPU_B/GCC_sys_tick.o
LOAD ./out/CPU_B/GCC_sys_tick_get.o
LOAD ./out/CPU_B/GCC_sys_tick_increment.o
LOAD ./out/CPU_B/GCC_sys_tick_set.o
LOAD ./out/CPU_B/GCC_task.o
LOAD ./out/CPU_B/GCC_task_check_idle_stack.o
LOAD ./out/CPU_B/GCC_task_check_stack.o
LOAD ./out/CPU_B/GCC_task_create.o
LOAD ./out/CPU_B/GCC_task_delay.o
LOAD ./out/CPU_B/GCC_task_delay_cancel.o
LOAD ./out/CPU_B/GCC_task_delete.o
LOAD ./out/CPU_B/GCC_task_get_by_priority.o
LOAD ./out/CPU_B/GCC_task_get_priority.o
LOAD ./out/CPU_B/GCC_task_info.o
LOAD ./out/CPU_B/GCC_task_resume.o
LOAD ./out/CPU_B/GCC_task_set_priority.o
LOAD ./out/CPU_B/GCC_task_statis_info.o
LOAD ./out/CPU_B/GCC_task_statis_init.o
LOAD ./out/CPU_B/GCC_task_suspend.o
LOAD ./out/CPU_B/GCC_timer.o
LOAD ./out/CPU_B/GCC_timer_cancel.o
LOAD ./out/CPU_B/GCC_timer_create.o
LOAD ./out/CPU_B/GCC_timer_delete.o
LOAD ./out/CPU_B/GCC_timer_set_abs.o
LOAD ./out/CPU_B/GCC_timer_set_rel.o
LOAD ./out/CPU_B/GCC_os_cpu_c.o
LOAD ./out/CPU_B/GCC_GM_Mathlib.o
LOAD ./out/CPU_B/GCC_GM_PROSTACK_Arp.o
LOAD ./out/CPU_B/GCC_GM_PROSTACK_Can.o
LOAD ./out/CPU_B/GCC_GM_PROSTACK_Cop.o
LOAD ./out/CPU_B/GCC_GM_PROSTACK_Eth.o
LOAD ./out/CPU_B/GCC_GM_PROSTACK_Icmp.o
LOAD ./out/CPU_B/GCC_GM_PROSTACK_Ip.o
LOAD ./out/CPU_B/GCC_GM_PROSTACK_Ip_tsk.o
LOAD ./out/CPU_B/GCC_GM_PROSTACK_Udp.o
LOAD ./out/CPU_B/GCC_GM_PROSTACK_Vote.o
LOAD ./out/CPU_B/GCC_GM_Tftp.o
LOAD ./out/CPU_B/GCC_guest.o
LOAD ./out/CPU_B/GCC_guest_fuse.o
LOAD ./out/CPU_B/GCC_guest_isolation.o
LOAD ./out/CPU_B/GCC_guest_outputport.o
LOAD ./out/CPU_B/GCC_guest_public.o
LOAD ./out/CPU_B/GCC_guest_readback.o
LOAD ./out/CPU_B/GCC_crc_result.o

.vector_ram     0x81000000        0x0

.sram           0x81000000        0x0

.ext_sdram_data
                0x44000000        0x0

.ext_flash      0x20000000        0x0

.sram_user      0x81000500        0x0

.ext_sdram_code
                0x40000000        0x0

.ext_flash_ES   0x20320000        0x0

.boot           0x20000000     0x2be4
                0x20000000                __START_VECTOR_ROM = .
 *(.textvectors)
 .textvectors   0x20000000      0x800 ./out/CPU_B/GCC_exceptions.o
                0x20000000                _BOOT_VECTOR_ROM
                0x20000400                _BOOT_VECTOR_TO_RAM
 *(.rodatavectors)
                0x20000800                __END_VECTOR_ROM = .
                0x20000800                __START_BOOT_ROM = .
 *(.textboot)
 .textboot      0x20000800        0xc ./out/CPU_B/GCC_VCU_Exception_Asm.o
                0x20000800                BOOT_MCF5441x_F_AsmRomExceptionHandler
 .textboot      0x2000080c       0x28 ./out/CPU_B/GCC_VCU_Start_Asm.o
                0x2000080c                _startup
                0x20000814                _VCU_BOOT_F_StartMeUp
 .textboot      0x20000834       0x56 ./out/CPU_B/GCC_mcf5xxx_lo.o
                0x20000834                BOOT_MCFXXXX_F_LoWrCacr
                0x20000840                BOOT_MCFXXXX_F_LoWrAcr0
                0x2000084c                BOOT_MCFXXXX_F_LoWrAcr1
                0x20000858                BOOT_MCFXXXX_F_LoWrAcr2
                0x20000864                BOOT_MCFXXXX_F_LoWrAcr3
                0x20000870                mcf5xxx_wr_vbr
                0x2000087c                _cpu_cache_flush
 .textboot      0x2000088a       0x80 ./out/CPU_B/GCC_VCU_Start.o
                0x2000088a                main
 .textboot      0x2000090a     0x1084 ./out/CPU_B/GCC_Drv_Boot_Module.o
                0x2000090a                BOOT_F_Init
                0x20000d00                BOOT_F_Set_uninit_var
                0x20000da4                BOOT_F_Copy_data_to_ram
                0x20001048                BOOT_F_Check_Flash_Crc
                0x200012ec                BOOT_F_IsHotReboot
                0x200012fa                BOOT_F_IsTransplantable
                0x20001308                BOOT_F_GetParameters
                0x200013fe                BOOT_F_FuseCheck
                0x2000182a                BOOT_F_CheckCRC32CCITT
                0x20001910                BOOT_F_IsRunningInRAM
                0x20001920                BOOT_F_MemoryTestSignatureGet
 .textboot      0x2000198e      0x87c ./out/CPU_B/GCC_Drv_Boot_Utils.o
                0x2000198e                BOOT_F_Fuse
                0x20001a64                Drv_Clk_F_Init
                0x20001b8e                Drv_FlexBus_F_Pin_Init
                0x20001bc0                Drv_CS_F_Init
                0x20001c5c                Drv_Spi_F_Pin_Init
                0x20001d00                Drv_Can_F_Pin_Init
                0x20001d76                Drv_Channel_Config_Pin_Init
                0x20001da6                Drv_CAN_ETH_F_Init
                0x20001dd6                Drv_CAN_ETH_F_Enable
                0x20001df6                Drv_Ext_WatchDog_F_Init
                0x20001e26                Drv_Uart_F_Pin_Init
                0x20001e58                Drv_Fec_F_Pin_Init
                0x20001e76                Drv_Eport_F_Init
                0x20001fee                Drv_Device_F_Power
                0x200020ea                Drv_Device_F_Pin_Init
 .textboot      0x2000220a      0x238 ./out/CPU_B/GCC_Drv_Cache_Lib.o
                0x2000220a                Drv_Cache_F_Init
                0x2000242a                Drv_Cache_F_Disable
 .textboot      0x20002442      0x118 ./out/CPU_B/GCC_Drv_MMU_Lib.o
                0x20002442                Drv_Mmu_Add_Region
 .textboot      0x2000255a      0x232 ./out/CPU_B/GCC_Drv_SDRAM_Lib.o
                0x2000255a                Drv_SDRAM_F_Init
 .textboot      0x2000278c       0x46 ./out/CPU_B/GCC_exceptions.o
                0x2000278c                BOOT_INT_HANDLERS_F_IrqHandler
 *(.rodataboot)
 *fill*         0x200027d2        0x2 
 .rodataboot    0x200027d4       0x10 ./out/CPU_B/GCC_Drv_Boot_Module.o
 .rodataboot    0x200027e4      0x400 ./out/CPU_B/GCC_Drv_Boot_Utils.o
                0x200027e4                BOOT_Table_CRC32_CCITT
 *(.rodataboot.str1.1)
                0x20002be4                . = ALIGN (0x4)
                0x20002be4                __END_BOOT_ROM = .
                0x20000000                __EXT_FLASH = ADDR (.boot)
                0x20002be4                __CRC_FLASH_START = (__EXT_FLASH + (__END_BOOT_ROM - __START_VECTOR_ROM))

.crc            0x20002be4       0x50
                0x20002be4                __CRC_ROM_START = .
                0x20002be4        0x4 LONG 0x23544845
                0x20002be8        0x4 LONG 0x53484f57
                0x20002bec        0x4 LONG 0x4d555354
                0x20002bf0        0x4 LONG 0x474f4f4e
 *(.CRC)
 .CRC           0x20002bf4       0x40 ./out/CPU_B/GCC_crc_result.o
                0x20002bf4                p_CPU_A_Crc_boot
                0x20002bf8                p_CPU_A_Crc_vector
                0x20002bfc                p_CPU_A_Crc_code
                0x20002c00                p_CPU_A_Crc_code_sram
                0x20002c04                p_CPU_A_Crc_sram
                0x20002c08                p_CPU_A_Crc_const_sram
                0x20002c0c                p_CPU_A_Crc_ext_sdram
                0x20002c10                p_CPU_A_Crc_const_ext_sdram
                0x20002c14                p_CPU_B_Crc_boot
                0x20002c18                p_CPU_B_Crc_vector
                0x20002c1c                p_CPU_B_Crc_code
                0x20002c20                p_CPU_B_Crc_code_sram
                0x20002c24                p_CPU_B_Crc_sram
                0x20002c28                p_CPU_B_Crc_const_sram
                0x20002c2c                p_CPU_B_Crc_ext_sdram
                0x20002c30                p_CPU_B_Crc_const_ext_sdram
                0x20002c34                . = ALIGN (0x4)
                0x20002c34                __CRC_ROM_END = .
                0x20002c34                __CODE_FLASH_START = (__CRC_FLASH_START + (__CRC_ROM_END - __CRC_ROM_START))

.code           0x40000000    0x9568c load address 0x20002c34
                0x40000000                __START_CODE_ROM = .
 *(.rodata.str1.1)
 *(.text)
 .text          0x40000000       0x42 ./out/CPU_B/GCC_mstep_isr.o
                0x40000000                MSTEP_ISR_F_GuestHandler
 *fill*         0x40000042        0x2 
 .text          0x40000044       0x50 ./out/CPU_B/GCC_wdg_irq_handler.o
                0x40000044                WDG_IRQ_HANDLER_F_Timer
 .text          0x40000094        0x0 ./out/CPU_B/GCC_Drv_Sha1_Functions_Asm.o
 .text          0x40000094      0x120 ./out/CPU_B/GCC_Drv_Can_Isr_Asm.o
                0x40000094                Drv_CAN_F_Asm_IsrCan0BusOff
                0x400000e4                Drv_CAN_F_Asm_IsrCan1BusOff
                0x40000134                Drv_CAN_F_Asm_IsrCan0Buffer
                0x40000174                Drv_CAN_F_Asm_IsrCan1Buffer
 .text          0x400001b4       0xa0 ./out/CPU_B/GCC_Drv_Fec_Isr_Asm.o
                0x400001b4                Drv_Fec_F_Asm_EthRxHandler
                0x40000204                Drv_Fec_F_Asm_EthRxHandler1
 .text          0x40000254      0x140 ./out/CPU_B/GCC_Drv_Timer_Isr_Asm.o
                0x40000254                Drv_Timer_F_Asm_Handler_0
                0x400002a4                Drv_Timer_F_Asm_Handler_1
                0x400002f4                Drv_Timer_F_Asm_Handler_2
                0x40000344                Drv_Timer_F_Asm_Handler_3
 .text          0x40000394       0xd0 ./out/CPU_B/GCC_Drv_Uart_Vote_Isr_Asm.o
                0x40000394                Drv_Uart_F_Asm_EndOfTxHandler
                0x400003e4                Drv_Uart_F_Asm_EndOfRxHandler
                0x40000424                Drv_Uart_F_Asm_RxHandler
 .text          0x40000464       0x46 ./out/CPU_B/GCC_VCU_Exception_Asm.o
                0x40000464                GDF_ISR_F_Asm_FuseXirq
                0x4000048e                OSAsmExceptionHandler
 *fill*         0x400004aa        0x2 
 .text          0x400004ac        0x0 ./out/CPU_B/GCC_VCU_Start_Asm.o
 .text          0x400004ac       0x16 ./out/CPU_B/GCC_mcf5xxx_lo.o
                0x400004ac                BOOT_MCFXXXX_F_LoWrCacr1
                0x400004b8                mcf5xxx_wr_sr
 *fill*         0x400004c2        0x2 
 .text          0x400004c4        0x0 ./out/CPU_B/GCC_coldfire_cache.o
 .text          0x400004c4        0x0 ./out/CPU_B/GCC_entry.o
 .text          0x400004c4       0x24 ./out/CPU_B/GCC_os_cpu_a.o
                0x400004c4                OS_CPU_SR_Save
                0x400004d4                OS_CPU_SR_Restore
                0x400004d8                OSInitVBR
 .text          0x400004e8     0x1c04 ./out/CPU_B/GCC_mstep.o
                0x400004e8                MSTEP_F_PDAAskFlush
                0x40000508                MSTEP_F_PDAWrite
                0x40000582                MSTEP_F_PDARead
                0x40000608                MSTEP_F_PDAReserveArea
                0x40000776                MSTEP_F_TftpServiceSubscribe
                0x40000812                MSTEP_F_MaintSNTPServerAvailability
                0x40000824                MSTEP_F_MaintVersionsGet
                0x400008c8                MSTEP_F_MaintCanBusStatusGet
                0x40000982                MSTEP_F_CryptlibKeyScramble
                0x400009a6                MSTEP_F_StatIpstackInternalFrameDropGet
                0x40000a14                MSTEP_F_StatFecOverflowCountGet
                0x40000a28                MSTEP_F_StatCPUUsageGet
                0x40000a42                MSTEP_F_StatCPUUsageMaxGet
                0x40000a5c                MSTEP_F_StatFSFB2NbBrokenSessionGet
                0x40000a6c                MSTEP_F_StatNbEthCrcErrorGet
                0x40000a84                MSTEP_F_StatNbEthCrcOkGet
                0x40000aa8                MSTEP_F_UDPSend
                0x40000b4a                MSTEP_F_UDPFlush
                0x40000b8a                MSTEP_F_UDPRecv
                0x40000ca2                MSTEP_F_UDPClose
                0x40000ce2                MSTEP_F_UDPOpen
                0x40000d80                MSTEP_F_GetSoftwareDataID
                0x40000df0                MSTEP_F_SpiProcess
                0x40000ff4                MSTEP_F_CpuIdGet
                0x4000100e                MSTEP_F_GpioRead
                0x40001050                MSTEP_F_GpioToggle
                0x40001094                MSTEP_F_GpioSetOff
                0x400010d8                MSTEP_F_GpioSetOn
                0x4000111c                MSTEP_F_CanActiveBusGet
                0x4000113c                MSTEP_F_ConfigBoardEthMacAddressGet
                0x400011a8                MSTEP_F_TimeGet
                0x400011e8                MSTEP_F_ConfigBoardPositionGet
                0x40001256                MSTEP_F_PeriodTableMinGet
                0x400012c4                MSTEP_F_SafetyFlagBreak
                0x4000133a                MSTEP_F_SafetyFlagChkWdGet
                0x400013b6                MSTEP_F_ConfigGuestSubAreaGet
                0x400013f6                MSTEP_F_CryptlibDESCompute
                0x40001486                MSTEP_F_CryptlibCRC32FSFB2ChanOneCompute
                0x40001506                MSTEP_F_CryptlibCRC32CCITTCompute
                0x400015a8                MSTEP_F_CryptlibCRC16CCITTCompute
                0x40001622                MSTEP_F_K2oo2CycleBegin
                0x40001630                MSTEP_F_K2oo2CycleEndExt
                0x4000168e                MSTEP_F_K2oo2CpuWaitExt
                0x40001704                MSTEP_F_K2oo2CpuSendExt
                0x400017a8                MSTEP_F_K2oo2CpuExchangeExt
                0x4000184c                MSTEP_F_GuestTaskIdGet
                0x400018be                MSTEP_F_NotifyEndOfRestrictiveTransition
                0x4000190c                MSTEP_F_TaskFlagSet
                0x4000198e                MSTEP_F_IodbRequest
                0x40001a16                MSTEP_F_IodbSubmit
                0x40001a5a                MSTEP_F_IsrAck
                0x40001a94                MSTEP_F_IsrConfigure
                0x40001b68                MSTEP_F_IsrDisable
                0x40001ba2                MSTEP_F_IsrEnable
                0x40001bdc                MSTEP_F_StatInit
                0x40001c06                MSTEP_F_StatEnable
                0x40001c1a                MSTEP_F_StatIsEnabled
                0x40001c2e                MSTEP_F_StatDisable
                0x40001c42                MSTEP_F_StatReset
                0x40001c56                MSTEP_F_StatStoreValue
                0x40001c6e                MSTEP_F_StatGetGlobalMinValue
                0x40001c86                MSTEP_F_StatGetGlobalMaxValue
                0x40001c9e                MSTEP_F_StatGetGlobalNbValues
                0x40001cb8                MSTEP_F_StatGetGlobalSumValue
                0x40001cd0                MSTEP_F_StatGetGlobalAverageValue
                0x40001ce8                MSTEP_F_StatGetMinValueFromRecords
                0x40001d00                MSTEP_F_StatGetMaxValueFromRecords
                0x40001d18                MSTEP_F_StatGetAverageValueFromRecords
                0x40001d30                MSTEP_F_StatResetStopwatch
                0x40001d46                MSTEP_F_StatStartStopwatch
                0x40001d5a                MSTEP_F_StatStopStopwatch
                0x40001d6e                MSTEP_F_StatStopwatchElapsedTime
                0x40001d86                MSTEP_F_CommonTimeGet
                0x40001e08                MSTEP_F_FaultFilteringAcknowledge
                0x40001e18                MSTEP_F_FaultFilteringStateGet
                0x40001e50                MSTEP_F_IodbNotificationAdd
                0x40001ed4                MSTEP_F_IsCommonTimeSynchronized
                0x40001ee2                MSTEP_F_NbFaultFilteringRebootGet
                0x40001ef0                MSTEP_F_K2oo2StatGet
                0x40001f30                MSTEP_F_RegisterTriggeredFunction
                0x40001fea                MSTEP_F_StatNumberOfIpConflictDetectedGet
                0x40001ff8                MSTEP_F_TFTPClientWrite
                0x400020d0                MSTEP_F_SyncCurNumGet
                0x400020de                MSTEP_F_PDORestrictStatusGet
 .text          0x400020ec     0x2324 ./out/CPU_B/GCC_BIT.o
                0x400020ec                BIT_F_FaultFilteringTimerStart
                0x4000215a                BIT_F_IsFaultFilteringAllowed
                0x40002196                BIT_F_DistantCpuPowerSupervision
                0x40002258                BIT_F_GetDistantPowerSupplyFailure
                0x40002266                BIT_F_ResetBoard
                0x4000235c                BIT_F_CheckUnusedMem
                0x4000250c                BIT_F_PerformAction
                0x400029ea                BIT_F_AbrahamInit
                0x40002a7e                BIT_F_AbrahamStep1
                0x40002b9e                BIT_F_AbrahamStep2
                0x40002cbe                BIT_F_AbrahamStep3
                0x40002dde                BIT_F_AbrahamStep4
                0x40002efe                BIT_F_AbrahamStep5
                0x40003026                BIT_F_AbrahamStep6
                0x4000314e                BIT_F_AbrahamReset
                0x4000321e                BIT_F_AbrahamStep7
                0x40003346                BIT_F_AbrahamStep8
                0x4000346e                BIT_F_AbrahamTestBoot
                0x4000359a                BIT_F_AbrahamTestLive
                0x40003ab0                BIT_F_CheckMemoryLive
                0x40003c8a                BIT_F_Create
                0x40003d8e                BIT_F_Config
                0x40003dd2                BIT_F_Start
                0x40003e78                BIT_F_EndRebootLoggedCallback
                0x40004010                BIT_F_Task
                0x400043be                BIT_F_IsTaskActivated
 .text          0x40004410     0x19c0 ./out/CPU_B/GCC_BIT_fuse.o
                0x40004410                BIT_FUSE_F_FuseInit
                0x40004980                BIT_FUSE_F_IsFlashAsyncFinished
                0x40004996                BIT_FUSE_F_EndFlashAsync
                0x40004a06                BIT_FUSE_F_EndReprogAsync
                0x40004aba                BIT_FUSE_F_FusesReadFromAddr
                0x40004be4                BIT_FUSE_F_FuseToggleRead
                0x40004c74                BIT_FUSE_F_AddressFuseGet
                0x40004e0a                BIT_FUSE_F_FusesRead
                0x40004e9c                BIT_FUSE_F_FuseSectorErase
                0x40004f5a                BIT_FUSE_F_AddressIdFuseGet
                0x40005062                BIT_FUSE_F_FusesWrite
                0x400051c2                BIT_FUSE_F_FuseCheck
                0x4000580c                BIT_F_SafetyFlagBreak
                0x400059ca                BIT_FUSE_F_SysChkWdInit
                0x40005a9a                BIT_F_SysChkWdReset
                0x40005ab6                BIT_F_SysChkWdGet
                0x40005b0a                BIT_F_RestoreFlag
                0x40005d38                BIT_F_SafetyFlagChkWdGet
 .text          0x40005dd0     0x18a8 ./out/CPU_B/GCC_BIT_survey.o
                0x40005dd0                BIT_F_FlashCrcsCheckStart
                0x40005de2                BIT_F_ComputeCrcWithTimeDly
                0x40005f42                BIT_F_VectorTableLock
                0x40005fc8                BIT_F_DcaSectionLock
                0x400060c4                BIT_SURVEY_F_Init
                0x400061c0                BIT_SURVEY_F_TaskCheck
                0x4000634e                BIT_SURVEY_F_FreeTasksStackLevelCheck
                0x4000654c                BIT_SURVEY_F_FreeItStackLevelCheck
                0x400065fc                BIT_SURVEY_F_CpuUsageCheck
                0x40006816                BIT_SURVEY_F_OSPrioTcbCrcCheck
                0x400068b6                BIT_SURVEY_F_SwFuseCheck
                0x400069ea                BIT_SURVEY_F_CrcCheckIdGet
                0x40006a90                BIT_SURVEY_F_SectionStartAndLengthGet
                0x40006c4e                BIT_SURVEY_F_ComputeCrc
                0x40006e08                BIT_SURVEY_F_LocalReferenceCrcGet
                0x40006ec2                BIT_SURVEY_F_DistantReferenceCrcGet
                0x40006f7c                BIT_SURVEY_F_CheckExecutionCounterUpdate
                0x40007154                BIT_SURVEY_F_GetRequiredCycles
                0x4000728a                BIT_SURVEY_F_CrcsCheck
                0x4000744c                BIT_SURVEY_F_IsCrcAndFuseCheckAllowed
                0x40007582                BIT_F_GetParameters
 .text          0x40007678     0x1e42 ./out/CPU_B/GCC_can.o
                0x40007678                CAN_F_IsCanMaster
                0x4000769a                CAN_F_ConfigBoardTypeGet
                0x400076a8                CAN_F_IsRunningModeDetermined
                0x400076d4                CAN_F_MyModuleIdGet
                0x40007718                CAN_F_MyNodeIdGet
                0x40007726                CAN_F_MasterStatusGet
                0x40007734                CAN_F_TimerReset
                0x400077c8                CAN_F_TimerCountReset
                0x400077d8                CAN_F_InitArdSaddle
                0x40007804                CAN_F_InitModuleInfoKey
                0x400078e6                CAN_F_PrepareBootWithFuseInfo
                0x4000790c                CAN_F_CanBusActiveChannelGet
                0x4000791a                CAN_F_CanMgtMessageTreat
                0x40007ca2                CAN_F_CanMgtSyncMessageProcess
                0x40007e3c                CAN_F_CanMgtHbMessageProcess
                0x40007fd6                CAN_F_CanMgtMessageProcess
                0x4000820a                CAN_F_CanMgtFlagProcess
                0x4000839e                CAN_F_MgtTask
                0x40008410                CAN_F_FlushFifo
                0x40008546                CAN_F_MgtStart
                0x40008766                CAN_F_FlashingValueGet
                0x4000880a                CAN_F_TimerModeNotDefinedHandler
                0x40008828                CAN_F_TimerModeDefinedHandler
                0x40008b4c                CAN_F_TimerHandler
                0x40008bbe                CAN_F_MgtCreate
                0x40008e36                CAN_F_SwitchMode
                0x40008eba                CAN_F_MgtCanMessagePost
                0x40009228                CAN_F_FlashingManage
                0x4000927a                CAN_F_IPoverCANVersionGet
                0x400092ca                CAN_F_IsDistantODSupported
                0x40009374                CAN_F_MasterStatusSet
                0x400093ec                CAN_F_InternalStateGet
 *fill*         0x400094ba        0x2 
 .text          0x400094bc      0xf64 ./out/CPU_B/GCC_can_ard.o
                0x400094bc                CAN_ARD_F_SendFragmentationFlagClear
                0x400094ce                CAN_ARD_F_FirstFrameMemblockGet
                0x400094fe                CAN_ARD_F_ReleaseFrame
                0x40009580                CAN_ARD_F_SendFrame
                0x400097b8                CAN_ARD_F_ReserveFreeFrame
                0x400098a4                CAN_ARD_F_GetFragmentToSend
                0x40009cd8                CAN_ARD_F_RecvFrame
                0x4000a2e4                CAN_ARD_F_Init
 .text          0x4000a420      0x9b4 ./out/CPU_B/GCC_can_config.o
                0x4000a420                CAN_CONF_F_GetCobIDMinRx
                0x4000a42e                CAN_CONF_F_GetCobIDMaxRx
                0x4000a43c                CAN_CONF_F_GetCobIDMinStandby
                0x4000a44a                CAN_CONF_F_GetCobIDMaxStandby
                0x4000a458                CAN_CONF_F_GetFlashingPeriod
                0x4000a466                CAN_CONF_F_MinMaxBuild
                0x4000a708                CAN_CONF_F_GetTxPDOStruct
                0x4000a776                CAN_CONF_F_GetNbOfTxPDO
                0x4000a7dc                CAN_CONF_F_GetRxPDOStruct
                0x4000a84a                CAN_CONF_F_GetNbOfRxPDO
                0x4000a8b0                CAN_CONF_F_Init
                0x4000a8c6                CAN_CONF_F_SafeDataConsistencyCheck
                0x4000ad2c                CAN_CONF_F_ConfCheckAndBuild
                0x4000ad8a                CAN_CONF_F_IsStepperRedundancy
                0x4000ad98                CAN_CONF_F_RedundancyBuild
 .text          0x4000add4      0x520 ./out/CPU_B/GCC_can_emcy.o
                0x4000add4                CAN_F_EmcyGet
                0x4000ae8e                CAN_EMCY_F_EmcyReceive
                0x4000b168                CAN_F_EmcySend
                0x4000b2d4                CAN_EMCY_F_Init
 .text          0x4000b2f4     0x19dc ./out/CPU_B/GCC_can_od.o
                0x4000b2f4                CAN_OD_F_OdInit
                0x4000b89e                CAN_OD_F_TableIndexFind
                0x4000ba2e                CAN_OD_F_IsMonitoringDatasTable
                0x4000bb2e                CAN_OD_F_IndexTableCheck
                0x4000bcce                CAN_OD_F_SdoChannelGet
                0x4000bd96                CAN_OD_F_ObjectTypeGet
                0x4000bfb8                CAN_OD_F_OdObjectSet
                0x4000c1d8                CAN_OD_F_ODDataSet
                0x4000c34a                CAN_F_SdoObjectSet
                0x4000c4f0                CAN_OD_F_OdObjectGet
                0x4000c6f0                CAN_OD_F_ODDataGet
                0x4000c8cc                CAN_F_SdoObjectGet
                0x4000cc80                CAN_F_ODVersionGet
 .text          0x4000ccd0      0x34c ./out/CPU_B/GCC_can_odplug.o
                0x4000ccd0                CAN_ODPLUG_F_Init
                0x4000ccf8                CAN_ODPLUG_F_CheckFilter
                0x4000ce76                CAN_ODPLUG_F_AddRule
 .text          0x4000d01c     0x2c38 ./out/CPU_B/GCC_can_open.o
                0x4000d01c                CAN_F_GuestIsStarted
                0x4000d09e                CAN_F_NmtCubicleStatusGet
                0x4000d140                CAN_F_MaintenanceInfoGet
                0x4000d292                CAN_F_ModuleIsPresent
                0x4000d35a                CAN_F_NmtIsNormalBoardHere
                0x4000d54a                CAN_OPEN_F_MasterModeSet
                0x4000d596                CAN_OPEN_F_MasterOperationalStateSet
                0x4000d688                CAN_OPEN_F_CanOpenStatusInit
                0x4000d6f0                CAN_OPEN_F_Init
                0x4000d892                CAN_OPEN_F_NmtSend
                0x4000daf4                CAN_OPEN_F_NmtProcess
                0x4000ded0                CAN_OPEN_F_HeartBeatSend
                0x4000e224                CAN_OPEN_F_HeartBeatProcess
                0x4000e96e                CAN_OPEN_F_BusOffProcess
                0x4000eb2c                CAN_OPEN_F_MediumOutOfOrder
                0x4000ecd6                CAN_OPEN_F_TimeStampSend
                0x4000ee30                CAN_OPEN_F_SyncSend
                0x4000ef3e                CAN_OPEN_F_StatsNmtManage
                0x4000f038                CAN_OPEN_F_NmtStartNode
                0x4000f1b0                CAN_OPEN_F_MyStatusGet
                0x4000f1f6                CAN_OPEN_F_ModuleStatusGet
                0x4000f4d0                CAN_OPEN_F_IsNodeHere
                0x4000f620                CAN_OPEN_F_Flush
                0x4000f6f4                CAN_OPEN_F_BusSwitch
                0x4000f7d8                CAN_OPEN_F_ODVersionSet
                0x4000f836                CAN_OPEN_F_ModuleIdInternalStateGet
                0x4000fa7e                CAN_OPEN_F_IPoverCANVersionSet
                0x4000fadc                CAN_OPEN_F_DecodeHeartBeat
 .text          0x4000fc54      0xb90 ./out/CPU_B/GCC_can_saddle.o
                0x4000fd36                CAN_F_SaddleExtractCanPrio
                0x4000feec                CAN_F_SaddleProtocolSubscribe
                0x40010050                CAN_SADDLE_F_StoreRecvFrame
                0x400102e2                CAN_F_SaddleRecv
                0x4001057a                CAN_F_SaddleSend
                0x400107ae                CAN_SADDLE_F_Init
 .text          0x400107e4     0x1b04 ./out/CPU_B/GCC_can_safety.o
                0x400107e4                CAN_F_SafetyConfigure
                0x40010814                CAN_SAFETY_F_NextSyncNumberToSendGet
                0x400108c0                CAN_SAFETY_F_GetCurrentSyncNumberRecv
                0x400108ce                CAN_SAFETY_F_CanMessagePost
                0x40010c50                CAN_SAFETY_F_SafetyIDFind
                0x40010d6a                CAN_SAFETY_F_SafetyLayerBuild
                0x40010e90                CAN_SAFETY_F_PdoIdFind
                0x40010f90                CAN_SAFETY_F_PdoSend
                0x400110b8                CAN_SAFETY_F_PdosFindAndSend
                0x4001119c                CAN_SAFETY_F_SafetyLayerCheck
                0x400113f6                CAN_SAFETY_F_PdoCheckAndWrite
                0x400115f0                CAN_SAFETY_F_PdoReceptionMgt
                0x4001168e                CAN_SAFETY_F_SyncConsistencyCheck
                0x400117a6                CAN_F_GetBooleanRedundancyDefault
                0x40011890                CAN_SAFETY_F_PdoIdConversionTableBuildFor
                0x40011a00                CAN_F_SafetyCreate
                0x40011bdc                CAN_F_SafetyConfig
                0x40011be6                CAN_F_SafetyStart
                0x40011cc4                CAN_F_SafetyTask
 .text          0x400122e8     0x798e ./out/CPU_B/GCC_can_sdo.o
                0x400122e8                CAN_SDO_F_ConvertErrorCode
                0x40012374                CAN_SDO_F_ClientGet
                0x4001258c                CAN_SDO_F_DisplayErr
                0x400125c2                CAN_SDO_F_ClientPrepare
                0x400129d8                CAN_SDO_F_SdoPost
                0x400130b0                CAN_SDO_F_Send
                0x40013354                CAN_SDO_F_TempoChange
                0x400133e6                CAN_SDO_F_ReleaseWaitSemaphore
                0x400134a6                CAN_SDO_F_AllSegmentReceived
                0x40013538                CAN_SDO_F_EraseCurrentBlockInfo
                0x40013590                CAN_SDO_F_InitGlobalSDOParameter
                0x40013702                CAN_SDO_F_ResetContext
                0x40013794                CAN_SDO_F_EndBlockDownload
                0x400139dc                CAN_SDO_F_EndBlockUpload
                0x40013b76                CAN_SDO_F_DownloadBlock
                0x40013e16                CAN_SDO_F_UploadBlock
                0x4001404c                CAN_SDO_F_InitiateBlockDownload
                0x400142c6                CAN_SDO_F_InitiateBlockUpload
                0x40014500                CAN_SDO_F_DownloadSegment
                0x400147fa                CAN_SDO_F_UploadSegment
                0x40014bb0                CAN_SDO_F_Abort
                0x40014cfe                CAN_SDO_F_ClientTransfertEnd
                0x40015708                CAN_SDO_F_ClientTransfertWait
                0x40015840                CAN_SDO_F_isCommunicationOpened
                0x400159b0                CAN_SDO_F_checkIndexSubindex
                0x40015b1a                CAN_SDO_F_MessageBlkTransfer
                0x40015f38                CAN_SDO_F_InitiateDownload
                0x400162d4                CAN_SDO_F_InitiateUpload
                0x40016610                CAN_SDO_F_ClientSendIfNew
                0x40016ad8                CAN_SDO_F_TempoChannelUpdate
                0x40016bc4                CAN_SDO_F_ClientProceedEnd
                0x40016c1c                CAN_SDO_F_AbortCommand_0x4
                0x40016e44                CAN_SDO_F_Req_Com_0x0
                0x400172ae                CAN_SDO_F_Req_Com_0x1
                0x4001770a                CAN_SDO_F_Req_Com_0x2
                0x40017814                CAN_SDO_F_Req_Com_0x3
                0x40017940                CAN_SDO_F_Req_Com_0x5_Sub_0x0
                0x40017bee                CAN_SDO_F_Req_Com_0x5_Sub_0x2
                0x40017cc0                CAN_SDO_F_Req_Com_0x5
                0x40017e36                CAN_SDO_F_Req_Com_0x6
                0x400184d2                CAN_SDO_F_ProceedRequest
                0x400186da                CAN_SDO_F_Resp_Com_0x0
                0x40018ac2                CAN_SDO_F_Resp_Com_0x1
                0x40018bea                CAN_SDO_F_Resp_Com_0x2
                0x40018fc4                CAN_SDO_F_Resp_Com_0x3
                0x400190bc                CAN_SDO_F_Resp_Com_0x5_Sub_0x0
                0x40019200                CAN_SDO_F_Resp_Com_0x5_Sub_0x2
                0x400192da                CAN_SDO_F_Resp_Com_0x5
                0x40019460                CAN_SDO_F_Resp_Com_0x6_Sub_0x0
                0x400196d6                CAN_SDO_F_Resp_Com_0x6_Sub_0x1
                0x40019914                CAN_SDO_F_Resp_Com_0x6
                0x400199be                CAN_SDO_F_ProceedResponse
 *fill*         0x40019c76        0x2 
 .text          0x40019c78      0x95a ./out/CPU_B/GCC_can_time.o
                0x40019cc4                CAN_F_TimeCanOpenGet
                0x40019d06                CAN_TIME_F_Init
                0x40019d60                CAN_TIME_F_CanTimeGet
                0x40019d6e                CAN_TIME_F_HeartBeatCycleGet
                0x40019d7c                CAN_TIME_F_HeartBeatCycleSet
                0x40019d90                CAN_TIME_F_HeartBeatCycleReset
                0x40019da0                CAN_F_TimeNtpSet
                0x40019ef4                CAN_F_TimeNtpGet
                0x4001a020                CAN_TIME_F_TimeStampGet
                0x4001a088                CAN_TIME_F_TimeStampSet
                0x4001a204                CAN_TIME_F_TimeStampUpdate
                0x4001a440                CAN_TIME_F_CanTimeUpdate
                0x4001a4fe                CAN_TIME_F_HeartBeatPeriodGet
                0x4001a50c                CAN_TIME_F_HeartBeatSpreadAndPeriodInitialize
 *fill*         0x4001a5d2        0x2 
 .text          0x4001a5d4      0x4bc ./out/CPU_B/GCC_CONF.o
                0x4001a5d4                CONF_F_SetConfKeyStatus
                0x4001a5e8                CONF_F_GetConfKeyStatus
                0x4001a5f6                CONF_F_ValidationFuncSubscribe
                0x4001a684                CONF_F_ExternalValidation
                0x4001a7d0                CONF_F_OKNotificationCbSubscribe
                0x4001a85e                CONF_F_NotifyOkCallBack
                0x4001a902                CONF_F_GetModuleIoInfo
                0x4001aa22                CONF_F_FaultFilteringAcknowledge
                0x4001aa5e                CONF_F_ReconfReparamVersionGet
 .text          0x4001aa90     0x3816 ./out/CPU_B/GCC_CONF_autho.o
                0x4001aa90                CONF_AUTHO_F_PrintBootFailedInf
                0x4001ab10                CONF_AUTHO_F_InitializeAndEnableStatistic
                0x4001ab90                CONF_AUTHO_F_StatisticsInitialization
                0x4001abac                CONF_AUTHO_F_IsBootFailedConditionFulfilled
                0x4001ae08                CONF_AUTHO_F_IsNominalConditionFulfilled
                0x4001af5c                CONF_AUTHO_F_IsDatasetConfValid
                0x4001b156                CONF_AUTHO_F_IsElectronicStampFoolProofingOK
                0x4001b31e                CONF_F_IsBoardMaster
                0x4001b328                CONF_AUTHO_F_FreeTFTPDataBlockGet
                0x4001b390                CONF_AUTHO_F_AnalyzeEstampStatus
                0x4001b448                CONF_AUTHO_F_GetFunctionalModeVoted
                0x4001b728                CONF_F_PrepareBootWithFuseInfo
                0x4001b79a                CONF_F_FinalizeBootWithFuseInfo
                0x4001b7b2                CONF_AUTHO_F_CreateXXXFile
                0x4001b866                CONF_AUTHO_F_CreateModuleDatasetFiles
                0x4001bae2                CONF_AUTHO_F_AddKeySourceToMyModuleDatasetFiles
                0x4001bc40                CONF_AUTHO_F_AddSourcesToModuleDatasetDataFiles
                0x4001be38                CONF_AUTHO_F_NextFileForFootprintCalculation
                0x4001c114                CONF_AUTHO_F_FootprintFileWrite
                0x4001c34a                CONF_AUTHO_F_FootprintCalculation
                0x4001c5d6                CONF_AUTHO_F_GetAuthorizationData
                0x4001c870                CONF_AUTHO_F_GetAuthorizationType
                0x4001c8dc                CONF_AUTHO_F_CheckAuthorizationFreshness
                0x4001c942                CONF_AUTHO_F_CheckAuthorizationIntegrity
                0x4001cad6                CONF_AUTHO_F_GetFootprintVerificationStatusVoted
                0x4001cbd0                CONF_AUTHO_F_CheckAuthorization
                0x4001ceda                CONF_AUTHO_F_ModuleDatasetStorageAndStartBistFlashCheckCb
                0x4001cf86                CONF_AUTHO_F_StoreFileInFlash
                0x4001d11a                CONF_AUTHO_F_StoreModuleDatasetAndStartBistFlashCheck
                0x4001d482                CONF_AUTHO_F_SetMyModuleDatasetToOutdated
                0x4001d6c0                CONF_AUTHO_F_CheckModuleDatasetAuthorization
                0x4001d816                CONF_AUTHO_F_FootprintComputationReset
                0x4001d828                CONF_AUTHO_F_InvalidateModuleDatasetsCache
                0x4001d856                CONF_AUTHO_F_SetRunningMode
                0x4001d9e2                CONF_F_Create
                0x4001dd06                CONF_F_Config
                0x4001dd48                CONF_F_Start
                0x4001e0de                CONF_F_Task
 *fill*         0x4001e2a6        0x2 
 .text          0x4001e2a8      0x9f8 ./out/CPU_B/GCC_CONF_check.o
                0x4001e2a8                CONF_CHECK_F_CheckDataRange
                0x4001e30a                CONF_CHECK_F_InitAtDefaultValue
                0x4001e574                CONF_CHECK_F_CheckKeyArea
 .text          0x4001eca0     0x3f04 ./out/CPU_B/GCC_CONF_dataset.o
                0x4001eca0                CONF_DATASET_F_InitModuleAreaMotherTable
                0x4001f2ee                CONF_DATASET_F_InitDatasetConf
                0x4001f5d8                CONF_DATASET_F_IsBoardIntA
                0x4001f64a                CONF_DATASET_F_FuseIfNotBoardIntA
                0x4001f6c8                CONF_DATASET_F_GetModuleBoardCode
                0x4001f704                CONF_DATASET_F_GetOverTempThreshold
                0x4001f73e                CONF_DATASET_F_GetModuleDataVersion
                0x4001f77a                CONF_DATASET_F_GetCanFlashingPeriod
                0x4001f7ae                CONF_DATASET_F_IsFaultFiltering_Active
                0x4001f7e8                CONF_DATASET_F_GetOutputSafeData
                0x4001f824                CONF_DATASET_F_GetInputSafeData
                0x4001f860                CONF_DATASET_F_GetGenericRedundancyArray
                0x4001f89c                CONF_DATASET_F_GetBooleanRedundancyArray
                0x4001f8d8                CONF_DATASET_F_GetFreezingTimer
                0x4001f954                CONF_DATASET_F_GetPDOStruct
                0x4001fa0c                CONF_DATASET_F_GetSafetyID
                0x4001fa7a                CONF_DATASET_F_GetSntpIp
                0x4001fc00                CONF_DATASET_F_GetSnmpIp
                0x4001fd86                CONF_DATASET_F_GetFsfb2SinglePort
                0x4001fdd4                CONF_DATASET_F_GetFsfb2RedoundedPort
                0x4001fe22                CONF_DATASET_F_GetRssp1NormPortOfPrimary
                0x4001fe70                CONF_DATASET_F_GetRssp1RedundPortOfPrimary
                0x4001febe                CONF_DATASET_F_GetRssp1NormPortOfSecondary
                0x4001ff0c                CONF_DATASET_F_GetRssp1RedundPortOfSecondary
                0x4001ff5a                CONF_DATASET_F_GetUnsafetyNormPort
                0x4001ffa8                CONF_DATASET_F_GetUnsafetyRedundPort
                0x4001fff6                CONF_DATASET_F_GetUsigUevolRedundancyInfo
                0x4002008c                CONF_DATASET_F_GetIpStackInfo
                0x40020b7e                CONF_DATASET_F_IsRedundancyStandalone
                0x40020c16                CONF_DATASET_F_GetUsigRedStructByIdx
                0x40020cf4                CONF_DATASET_F_GetUsigRedundancyStruct
                0x40020dd2                CONF_DATASET_F_GetUsigIdentParamByDynId
                0x40020ece                CONF_DATASET_F_GetUsigIdentParamByEqId
                0x40021014                CONF_DATASET_F_GetSrttTimeoutByEqId
                0x400210b4                CONF_DATASET_F_GetUsigOperation
                0x4002112a                CONF_DATASET_F_GetUsigSafetyIdByIndex
                0x4002122c                CONF_DATASET_F_GetUsigSafetyParamByEqId
                0x4002180e                CONF_DATASET_F_GetReprogIpStackInfo
                0x400220b6                CONF_DATASET_F_GetMessageArray
                0x40022144                CONF_DATASET_F_GetAppliSubArea
                0x400221ce                CONF_DATASET_F_CheckPdoArray
                0x4002256a                CONF_DATASET_F_CheckDatasetConfIntegrity
                0x400228d6                CONF_DATASET_F_GetDatasetConfHeaderSize
                0x400228e0                CONF_DATASET_F_GetDatasetConfRealSize
                0x40022988                CONF_DATASET_F_GetMyDatasetConfRealSize
                0x40022abe                CONF_DATASET_F_CheckDatasetUserData
                0x40022b96                CONF_DATASET_F_GetDatasetConfIntAMinimumSize
 .text          0x40022ba4     0x3e60 ./out/CPU_B/GCC_CONF_local.o
                0x40022ba4                CONF_LOCAL_F_FileStatusNotifyCb
                0x40022d20                CONF_LOCAL_F_CreateReprogFile
                0x40022da6                CONF_LOCAL_F_CreateEstampFile
                0x40022e8e                CONF_LOCAL_F_CreateBidFile
                0x40022f76                CONF_LOCAL_F_Init
                0x400231d6                CONF_LOCAL_F_StatisticInit
                0x40023206                CONF_LOCAL_F_CreateIpConfigurationArea
                0x40023236                CONF_LOCAL_F_ResetIpConfiguration
                0x4002327c                CONF_LOCAL_F_RestoreLastIpConfiguration
                0x40023328                CONF_LOCAL_F_BidCheck
                0x40023408                CONF_LOCAL_F_BidWaitAndCheck
                0x4002368c                CONF_LOCAL_F_EstampWaitAndCheck
                0x400238ec                CONF_LOCAL_F_MemoryAreaMyConfGet
                0x400238fa                CONF_LOCAL_F_CreateAndAddSourcesToMyDatasetFiles
                0x40023a7a                CONF_LOCAL_F_MaintenanceInit
                0x40023b7c                CONF_LOCAL_F_BidCycleCheck
                0x40024156                CONF_LOCAL_F_FaultFilteringEndResetState
                0x400241c6                CONF_LOCAL_F_FaultFilteringEndReadState
                0x40024546                CONF_LOCAL_F_FaultFilteringUpdate
                0x40024578                CONF_LOCAL_F_RunningHoursUpdate
                0x40024730                CONF_LOCAL_F_RunningTimeUpdate
                0x400248cc                CONF_LOCAL_F_Periodic
                0x400248e8                CONF_F_IsTransplantable
                0x400248f6                CONF_LOCAL_F_GetIpStackInfoFromUserData
                0x40024ed2                CONF_LOCAL_F_PrepareMyDatasetFileDescriptors
                0x40024fd4                CONF_LOCAL_F_GetIpStackInfo
                0x400252a8                CONF_LOCAL_F_GetBoardCode
                0x400252c8                CONF_F_GetOverTempThreshold
                0x400252e0                CONF_F_GetDataVersion
                0x400252f8                CONF_F_GetCanFlashingPeriod
                0x40025310                CONF_F_IsFaultFilteringActive
                0x40025328                CONF_F_GetPDOStruct
                0x40025344                CONF_F_GetRestrictiveValuesByPdoID
                0x40025414                CONF_F_GetSafetyID
                0x40025428                CONF_F_GetOutputSafeData
                0x40025440                CONF_F_GetInputSafeData
                0x40025458                CONF_F_GetGenericRedundancyArray
                0x40025470                CONF_F_GetBooleanRedundancyArray
                0x40025488                CONF_F_GetFreezingTimer
                0x400254ae                CONF_F_GetFreezingTimerByPdoId
                0x40025564                CONF_F_GetSnmpInfo
                0x400256cc                CONF_F_GetSntpIpServer
                0x40025790                CONF_F_GetFsfb2SinglePort
                0x400257a8                CONF_F_GetFsfb2RedoundedPort
                0x400257c0                CONF_F_GetRSSP1_PrimaryCpuA_Port
                0x400257d8                CONF_F_GetRSSP1_PrimaryCpuB_Port
                0x400257f0                CONF_F_GetRSSP1_SecondaryCpuA_Port
                0x40025808                CONF_F_GetRSSP1_SecondaryCpuB_Port
                0x40025820                CONF_F_GetUnsafetyNormPort
                0x40025838                CONF_F_GetUnsafetyRedundPort
                0x40025850                CONF_F_GetUsigUevolRedundancyInfo
                0x4002586e                CONF_F_GetIpStackInfoForValidationConfig
                0x40025918                CONF_F_GetIpStackInfo
                0x40025b82                CONF_F_IsRedundancyStandalone
                0x40025bec                CONF_F_GetUsigRedStructByIdx
                0x40025c0e                CONF_F_GetUsigRssp1RedStructByIdx
                0x40025c30                CONF_F_GetUsigRedundancyStruct
                0x40025c5c                CONF_F_GetUsigRssp1RedundancyStruct
                0x40025c88                CONF_F_GetUsigIdentParamByDynId
                0x40025cb8                CONF_F_GetUsigRssp1IdentParamByDynId
                0x40025ce8                CONF_F_GetUsigIdentParamByEqId
                0x40025d18                CONF_F_GetUsigRssp1IdentParamByEqId
                0x40025d48                CONF_F_GetUsigParamStruct
                0x40025d76                CONF_F_GetUsiggRssp1ParamStruct
                0x40025da4                CONF_F_GetSrttTimeoutByEqId
                0x40025dca                CONF_F_GetUsigOperation
                0x40025df0                CONF_F_GetUsigFsfb2IdByIndex
                0x40025e22                CONF_F_GetFsfb2ParamByEqId
                0x40025e58                CONF_F_GetMessageArray
                0x40025e7e                CONF_F_GetAppliSubArea
                0x40025e9e                CONF_F_GetBoardTypeInKey
                0x40025f00                CONF_F_GuessBoardType
                0x40025f6c                CONF_F_GetRackAndSlot
                0x40026094                CONF_F_GetMyBoardNumber
                0x400260de                CONF_F_GetCanOpenODInfo
                0x4002640c                CONF_F_GetHwAndSwVersions
                0x40026592                CONF_F_AddSourcesToFilesWithFuseInfo
                0x400268ce                CONF_LOCAL_F_SaveLastIpConfiguration
                0x4002693e                CONF_F_GetCobIdOfPdoTime
                0x4002694a                CONF_F_GetCobIdByPdoID
 .text          0x40026a04      0x428 ./out/CPU_B/GCC_CONF_reconf.o
                0x40026a04                CONF_F_ReconfTaskCreate
                0x40026b24                CONF_F_ReconfTaskConfig
                0x40026b2e                CONF_F_ReconfTaskStart
                0x40026b40                CONF_F_ReconfTask
 .text          0x40026e2c     0x1b92 ./out/CPU_B/GCC_CONF_src.o
                0x40026e2c                CONF_SRC_ASYNC_F_EndReadAction
                0x40026f52                CONF_SRC_ASYNC_F_EndWriteAction
                0x40027042                CONF_SRC_ASYNC_F_EndReadActionCallBack
                0x400270ba                CONF_SRC_ASYNC_F_EndWriteActionCallBack
                0x40027132                CONF_SRC_ASYNC_F_ReadDefault
                0x400271ea                CONF_SRC_ASYNC_F_ReadHeaderActionCallBack
                0x400273c2                CONF_SRC_ASYNC_F_ReadHeader
                0x4002747a                CONF_SRC_ASYNC_F_ReadHeaderParallelFlashActionCallBack
                0x400275c6                CONF_SRC_ASYNC_F_ReadHeaderParallelFlash
                0x4002767e                CONF_SRC_ASYNC_F_AsyncFileOpProcess
                0x40027820                CONF_SRC_ASYNC_F_SetDefaultSize
                0x40027868                Drv_BID_F_SourcePeriodicTask
                0x4002794e                Drv_BID_F_SourceIsVolatile
                0x40027958                Drv_BID_F_SourceFileOpen
                0x40027a40                Drv_BID_F_SourceFileGetSize
                0x40027aac                Drv_BID_F_SourceFileAsyncFillCache
                0x40027baa                Drv_BID_F_Create
                0x40027c34                Drv_BID_F_SourceInstanceGet
                0x40027cc4                CONF_SRC_FLASH_F_EndReadActionCallBack
                0x40027d70                CONF_SRC_FLASH_F_SourceFileFind
                0x40027e18                CONF_SRC_FLASH_F_EndWriteActionCallBack
                0x40027ea6                CONF_SRC_FLASH_F_EraseCallBack
                0x40027f86                CONF_SRC_FLASH_F_SourcePeriodicTask
                0x40027ff4                CONF_SRC_FLASH_F_SourceIsVolatile
                0x40027ffe                CONF_SRC_FLASH_F_SourceInstanceGet
                0x4002807e                CONF_SRC_FLASH_F_Write
                0x40028170                CONF_SRC_FLASH_F_SourceFileOpen
                0x40028496                CONF_SRC_FLASH_F_SourceFileGetSize
                0x40028526                CONF_SRC_FLASH_F_SourceFileAsyncFlushCache
                0x40028658                CONF_SRC_FLASH_F_SourceFileAsyncFillCache
                0x40028744                CONF_SRC_FLASH_F_Create
 *fill*         0x400289be        0x2 
 .text          0x400289c0      0x7ec ./out/CPU_B/GCC_FCODE.o
                0x400289c0                FCODE_F_Init
                0x40028a52                FCODE_F_MaintenanceReadyNotify
                0x40028a68                FCODE_F_LogDefaultToOBD
                0x40028b72                FCODE_F_FailureCodeClear
                0x40028e4a                FCODE_F_FailureCodeSetExt
                0x400290f4                FCODE_F_FailureCodeSet
 .text          0x400291ac     0x5936 ./out/CPU_B/GCC_FILESYS.o
                0x400291ac                FILESYS_F_MemoryAreaInit
                0x4002926a                FILESYS_F_BufferAllocator
                0x400293d0                FILESYS_F_DefaultCacheAllocator
                0x4002949a                FILESYS_F_SubscribeSource
                0x400296c6                FILESYS_F_FindFileInList
                0x40029822                FILESYS_F_FindFileInFs
                0x40029944                FILESYS_F_FileCreate
                0x40029c86                FILESYS_F_FileCreateExt
                0x40029d60                FILESYS_F_SymLinkCreate
                0x40029fd8                FILESYS_F_SymLinkCreateExt
                0x4002a08c                FILESYS_F_RequestResetFileCache
                0x4002a22a                FILESYS_F_TryAllocation
                0x4002a4da                FILESYS_F_FileBuildUserFileDesc
                0x4002a714                FILESYS_F_FileStatusSet
                0x4002aa9c                FILESYS_F_FileStatusGet
                0x4002ac20                FILESYS_F_SourceAppend
                0x4002add4                FILESYS_F_VirtualSourceSet
                0x4002af4a                FILESYS_F_FileWrite
                0x4002b098                FILESYS_F_FileReadSeq
                0x4002b226                FILESYS_F_FileRead
                0x4002b2f8                FILESYS_F_FileOpen
                0x4002b3b0                FILESYS_F_FileGetSize
                0x4002b49a                FILESYS_F_FileRegisterNotificationCB
                0x4002b52c                FILESYS_F_FileDescSetOutdated
                0x4002b682                FILESYS_F_FileSetOutdated
                0x4002b7f8                FILESYS_F_FileVirtualSetUpToDate
                0x4002b986                FILESYS_F_FileAskReFill
                0x4002bb1a                FILESYS_F_FileAskFlush
                0x4002bcc4                FILESYS_F_FileRefresh
                0x4002be24                FILESYS_F_FileGetAccess
                0x4002bf52                FILESYS_F_InvalidateCache
                0x4002bfd6                FILESYS_F_FileVirtualSetUnavailable
                0x4002c148                FILESYS_F_FileCacheInvalidate
                0x4002c268                FILESYS_F_DoubleBufferNewDataAvailable
                0x4002c3c4                FILESYS_F_DoubleBufferSwitch
                0x4002c632                FILESYS_F_SourceRecover
                0x4002c79c                FILESYS_F_CopySourceInstanceGet
                0x4002c8a8                FILESYS_F_MonitorFileActivity
                0x4002c936                FILESYS_F_IsAMonitoredFile
                0x4002ca80                FILESYS_F_ResetFileCache
                0x4002cf86                FILESYS_F_MoveElemToDestListTail
                0x4002d048                FILESYS_F_ManageResetCacheAction
                0x4002d110                FILESYS_F_ManageFlushFileAction
                0x4002d41a                FILESYS_F_FileFillCacheNotifyCb
                0x4002d5ac                FILESYS_F_FillCache
                0x4002dc68                FILESYS_F_ManageSourceOfOutdatedFile
                0x4002e0aa                FILESYS_F_ReFillingCacheOfFile
                0x4002e28a                FILESYS_F_ProcessSourcePeriodicTask
                0x4002e462                FILESYS_F_Create
                0x4002e6cc                FILESYS_F_Config
                0x4002e6e6                FILESYS_F_Task
                0x4002e9ca                FILESYS_F_DatasetRetreivalAllow
                0x4002e9e6                FILESYS_F_DatasetRetreivalIsInProgressGet
                0x4002ea10                FILESYS_F_ProtocolVersionGet
                0x4002ea58                FILESYS_F_TFTPServiceInit
 *fill*         0x4002eae2        0x2 
 .text          0x4002eae4      0x414 ./out/CPU_B/GCC_FILESYS_int.o
                0x4002eae4                FILESYS_INT_SRC_F_SourceIsVolatile
                0x4002eaee                FILESYS_INT_SRC_F_SourceFileOpen
                0x4002ed0e                FILESYS_INT_SRC_F_SourceFileGetSize
                0x4002edba                FILESYS_INT_SRC_F_CopySourceFileAsyncFillCache
                0x4002ee98                FILESYS_INT_SRC_F_SourceInit
 .text          0x4002eef8     0x41f4 ./out/CPU_B/GCC_FILESYS_tftp.o
                0x4002eef8                FILESYS_TFTP_SRC_F_EntryReset
                0x4002f154                FILESYS_TFTP_SRC_F_SourceInstanceCreate
                0x4002f2a8                FILESYS_TFTP_SRC_F_IsSourceVolatile
                0x4002f2b2                FILESYS_TFTP_SRC_F_SourceFileGetSize
                0x4002f342                FILESYS_TFTP_SRC_F_SourceFileAsyncFillCache
                0x4002f648                FILESYS_TFTP_SRC_F_SourceInstanceGet
                0x4002f794                FILESYS_TFTP_SRC_SourceFileOpen
                0x4002fc66                FILESYS_TFTP_SRC_F_CheckPendingTimerStatus
                0x4002fd0a                FILESYS_TFTP_F_ServiceClose
                0x4002fd5c                FILESYS_TFTP_F_GetPrioFromIPAddr
                0x4002fe00                FILESYS_TFTP_SRC_F_FileStatusGet
                0x40030126                FILESYS_TFTP_SRC_F_FileContentRead
                0x4003044c                FILESYS_TFTP_SRC_F_FileStatusGetCheck
                0x40030c98                FILESYS_TFTP_SRC_F_FileContentReadCheck
                0x40030fde                FILESYS_TFTP_SRC_F_PeriodicTask
                0x40031fcc                FILESYS_TFTP_F_ServiceOpen
                0x40032476                FILESYS_TFTP_F_ManageCommandDetail
                0x40032978                FILESYS_TFTP_F_ManageCommandRead
                0x40032cf4                FILESYS_TFTP_F_ManageCommandInfo
                0x40032e82                FILESYS_TFTP_F_GetNewSession
                0x40032f8a                FILESYS_TFTP_F_ExtractGivenFile
 .text          0x400330ec      0x270 ./out/CPU_B/GCC_Flash.o
                0x400330ec                FLASH_F_PreInit
                0x40033102                FLASH_F_Create
                0x40033154                FLASH_F_Task
                0x400331b6                FLASH_F_SuspendDirect
                0x400331f2                FLASH_F_ResumeDirect
                0x4003322e                FLASH_F_EraseDirect
                0x40033274                FLASH_F_WriteDirect
                0x400332be                FLASH_F_ReadDirect
                0x40033308                FLASH_F_MemsetDirect
 .text          0x4003335c     0x1636 ./out/CPU_B/GCC_Flash_Async.o
                0x4003335c                FLASH_ASYNC_F_Init
                0x400333b4                FLASH_ASYNC_F_GetSubscribedDev
                0x40033434                FLASH_ASYNC_F_SubscribeFlashDevice
                0x4003392c                FLASH_ASYNC_F_GetFlashDevice
                0x40033964                FLASH_ASYNC_F_MallocAction
                0x40033a08                FLASH_ASYNC_F_PostActionToPrioQ
                0x40033b6e                FLASH_F_AskLock
                0x40033bf0                FLASH_F_Unlock
                0x40033c40                FLASH_F_EraseAsync
                0x40033cd2                FLASH_F_WriteAsync
                0x40033d74                FLASH_F_MemsetAsync
                0x40033e1e                FLASH_F_ReadAsync
                0x40033eea                FLASH_ASYNC_F_GetCurrentActionInfo
                0x40034138                FLASH_ASYNC_F_StoreInCurrentActionList
                0x40034246                FLASH_ASYNC_F_BoostPrioSuspendedAction
                0x40034330                FLASH_ASYNC_F_EvaluateActionsOnAllFlash
                0x400347a0                FLASH_ASYNC_F_ActionProcess
 *fill*         0x40034992        0x2 
 .text          0x40034994      0xca0 ./out/CPU_B/GCC_Flash_Direct.o
                0x40034994                FLASH_DRV_F_InitActionCtx
                0x400349f4                FLASH_DRV_F_ContinueLastOperation
                0x40034ba0                FLASH_DRV_F_GetPartAccessSize
                0x40034e0c                FLASH_DRV_F_StartNewOperation
                0x400351b2                FLASH_DRV_F_AccessPart
                0x400352a0                FLASH_DRV_F_Suspend
                0x400352f0                FLASH_DRV_F_Resume
                0x40035340                FLASH_DRV_F_Erase
                0x400353f2                FLASH_DRV_F_Write
                0x400354be                FLASH_DRV_F_Read
                0x4003558a                FLASH_DRV_F_Memset
 .text          0x40035634      0xa88 ./out/CPU_B/GCC_gdf.o
                0x40035680                GDF_F_FileNameCrcCompute
                0x4003572e                GDF_F_FusesWrite
                0x4003582e                GDF_F_FuseSwBurnArea
                0x40035872                GDF_F_FuseSystemInSafety
                0x40035dc6                GDF_F_FuseXirq
                0x40035f4a                GDF_F_LogInternal
                0x40035fb4                GDF_F_DumpStack
                0x4003604c                GDF_F_FaultInternal
 .text          0x400360bc      0x8cc ./out/CPU_B/GCC_gdf_dump_tools.o
                0x400360bc                GDF_DUMP_TOOLS_F_MemorizeModeBeforeGdf
                0x400360e6                GDF_DUMP_TOOLS_F_WritePart
                0x400363d8                GDF_DUMP_TOOLS_F_DumpBuffer
                0x400364c4                GDF_DUMP_TOOLS_F_DumpMemory
                0x40036900                GDF_DUMP_TOOLS_F_FaultFilteringStoreInfo
 .text          0x40036988     0x134e ./out/CPU_B/GCC_LZW.o
                0x40036988                LZW_F_CodeListInit
                0x40036a08                LZW_F_ReadChar
                0x40036a92                LZW_F_WriteChar
                0x40036b3a                LZW_F_BitFilePutChar
                0x40036bb2                LZW_F_BitFilePutBit
                0x40036c6a                LZW_F_BitFilePutBitsLE
                0x40036de0                LZW_F_BitFilePutBitsBE
                0x40036f72                LZW_F_BitFileGetChar
                0x40037080                LZW_F_BitFileGetBit
                0x4003714e                LZW_F_BitFileGetBitsLE
                0x40037382                LZW_F_BitFileGetBitsBE
                0x400375be                LZW_F_BitFileGetBitsNum
                0x40037654                LZW_F_BitFileToFile
                0x40037712                LZW_F_MakeBitFile
                0x4003792e                LZW_F_DecodeFile
 *fill*         0x40037cd6        0x2 
 .text          0x40037cd8      0x4d6 ./out/CPU_B/GCC_MATH.o
                0x40037cd8                MATH_F_ComputeCRC32CCITT
                0x40037d8e                MATH_F_LfsrShiftRight
                0x40037de0                MATH_F_LfsrPost
                0x40037e0a                MATH_F_LfsrSub
                0x40037e34                MATH_F_LfsrAdd
                0x40037e9c                MATH_F_ComputeCRC32FSFB2ChanOne
                0x40037f96                MATH_F_ComputeCRC16CCITT
                0x400380a2                MATH_F_KeyScramble
 *fill*         0x400381ae        0x2 
 .text          0x400381b0     0x2500 ./out/CPU_B/GCC_osw.o
                0x400381b0                OSW_F_MemCreate
                0x4003830a                OSW_F_MemGet
                0x400384de                OSW_F_MemPut
                0x4003854e                OSW_F_SemCreate
                0x40038578                OSW_F_SemPend
                0x400386a4                OSW_F_SemPost
                0x400386e8                OSW_F_SemAccept
                0x4003872c                OSW_F_QCreate
                0x4003877e                OSW_F_QPost
                0x400387ee                OSW_F_QPostFront
                0x4003885e                OSW_F_QPend
                0x40038994                OSW_F_QAccept
                0x40038a04                OSW_F_FlagCreate
                0x40038a50                OSW_F_FlagPost
                0x40038ad4                OSW_F_FlagAccept
                0x40038b5c                OSW_F_FlagPend
                0x40038ca6                OSW_F_TimeDly
                0x40038cc6                OSW_F_TickGet
                0x40038cd4                OSW_F_TempoStart
                0x40038d54                OSW_F_TempoReload
                0x40038e74                OSW_F_TempoState
                0x40038f18                OSW_F_TempoRemainingTick
                0x4003904c                OSW_F_TempoStop
                0x400390a8                OSW_F_TaskPrioGet
                0x400390f0                OSW_F_IsOsStarted
                0x40039114                OSW_F_PrioQCreate
                0x400391fa                OSW_F_PrioQAddLevel
                0x400394d4                OSW_F_ExtractMostPrioMessage
                0x400395de                OSW_F_PrioQPend
                0x40039790                OSW_F_PrioQAccept
                0x4003988c                OSW_F_PrioQPost
                0x40039a9c                OSW_F_PrioQHasPrioMessage
                0x40039b52                OSW_F_ListInit
                0x40039bb0                OSW_F_ListInsertBefore
                0x40039c7c                OSW_F_ListAddToTail
                0x40039d48                OSW_F_ListInsertAfter
                0x40039e18                OSW_F_ListAddToHead
                0x40039ee8                OSW_F_ListExtractFromHead
                0x40039fde                OSW_F_ListExtractFromTail
                0x4003a0c8                OSW_F_ListRemove
                0x4003a1c8                OSW_F_ListGetNext
                0x4003a240                OSW_F_FifoInit
                0x4003a330                OSW_F_FifoExtract
                0x4003a418                OSW_F_FifoInsert
                0x4003a53a                OSW_F_QQuery
                0x4003a5b8                OSW_F_SemQuery
                0x4003a632                OSW_F_MemQuery
 .text          0x4003a6b0     0x1348 ./out/CPU_B/GCC_print.o
                0x4003a6b0                PRINT_F_HardwareInit
                0x4003aac8                PRINT_F_PrintfWithTaintInfo
                0x4003add6                PRINT_F_PrintfInternal
                0x4003ae2c                PRINT_F_Create
                0x4003b038                PRINT_F_Config
                0x4003b042                PRINT_F_Start
                0x4003b064                PRINT_F_Task
                0x4003b0f8                PRINT_F_ReportActiveIntegration
                0x4003b126                PRINT_F_PrintfAuth
                0x4003b304                PRINT_F_Report
                0x4003b8d8                PRINT_F_Printf
                0x4003b94c                DTXT_F_Report
                0x4003b990                DTXT_F_Printf
 .text          0x4003b9f8     0x12ea ./out/CPU_B/GCC_RECORD.o
                0x4003b9f8                RECORD_F_CheckIntegrity
                0x4003be92                RECORD_F_EStampGetContents
                0x4003c478                RECORD_F_Task
                0x4003c54e                RECORD_F_Start
                0x4003c6c4                RECORD_F_StMainIdle
                0x4003c7a8                RECORD_F_StMainEventWrite
                0x4003c920                RECORD_F_StMainBackupLog
                0x4003ca98                RECORD_F_StMainFlush
                0x4003cbec                RECORD_F_Create
                0x4003cc92                RECORD_F_GetElecStampStatus
                0x4003cca0                RECORD_F_SetElecStampStatus
 *fill*         0x4003cce2        0x2 
 .text          0x4003cce4     0x11a8 ./out/CPU_B/GCC_RECORD_evt.o
                0x4003cce4                RECORD_EVT_F_IsBackupNeeded
                0x4003cd0a                RECORD_EVT_F_LogInit
                0x4003cd92                RECORD_EVT_F_LogRun
                0x4003ce68                RECORD_EVT_F_BackupInit
                0x4003cec6                RECORD_EVT_F_BackupRun
                0x4003cef8                RECORD_EVT_F_StEvtLock
                0x4003d006                RECORD_EVT_F_EventDirectWrite
                0x4003d0c8                RECORD_EVT_F_StEvtWrite
                0x4003d1ac                RECORD_EVT_F_StEvtBckRead
                0x4003d554                RECORD_EVT_F_StEvtBckErase
                0x4003d674                RECORD_EVT_F_StEvtBckVersionCrc
                0x4003d7c4                RECORD_EVT_F_IsEvtLogNeeded
                0x4003d83c                RECORD_EVT_F_EventStructureVersionCheck
                0x4003d9c8                RECORD_F_EventLogFreeSpaceManage
                0x4003dbce                RECORD_F_EventDirectLog
                0x4003dc38                RECORD_F_EventLog
                0x4003ddde                RECORD_EVT_F_Create
 .text          0x4003de8c     0x2444 ./out/CPU_B/GCC_RECORD_pda.o
                0x4003ded8                RECORD_PDA_F_SwitchFrontAndBackAreaBuffers
                0x4003df06                RECORD_PDA_F_GetAreaIndexFromId
                0x4003dfc6                RECORD_F_AskFlush
                0x4003e0c2                RECORD_F_AskFlushDirect
                0x4003e10e                RECORD_F_ReserveArea
                0x4003e3c6                RECORD_PDA_F_IsFlushNeeded
                0x4003e402                RECORD_PDA_F_FlushRun
                0x4003e434                RECORD_PDA_F_InitRun
                0x4003e466                RECORD_PDA_F_StInitCompareFrontAndBack
                0x4003e6a4                RECORD_PDA_F_FlushInit
                0x4003e70c                RECORD_PDA_F_InitInit
                0x4003e77c                RECORD_PDA_F_StFlushInit
                0x4003ebf6                RECORD_PDA_F_StFlushEnd
                0x4003ef3c                RECORD_PDA_F_StFlushWriteSecondSector
                0x4003f014                RECORD_PDA_F_StFlushWriteFirstSector
                0x4003f138                RECORD_PDA_F_StInitCopyRefSector
                0x4003f260                RECORD_PDA_F_StInitCheckHeaders
                0x4003f59c                RECORD_PDA_F_StInitResetAll
                0x4003f796                RECORD_PDA_F_Create
                0x4003f7f2                RECORD_PDA_F_StInitOk
                0x4003f912                RECORD_PDA_F_StInitHeaderDiffCheckRef
                0x4003fa50                RECORD_PDA_F_StInitHeaderEqualCheckSecond
                0x4003fb60                RECORD_PDA_F_StInitHeaderEqualCheckFirst
                0x4003fc68                RECORD_F_Write
                0x4003ff98                RECORD_F_WriteDirect
                0x40040028                RECORD_F_Read
 .text          0x400402d0     0x186c ./out/CPU_B/GCC_RECORD_sector.o
                0x400402d0                RECORD_SECTOR_F_RunReadSector
                0x40040302                RECORD_SECTOR_F_RunWriteSector
                0x40040334                RECORD_SECTOR_F_StRdPrepareNextRead
                0x400404e2                RECORD_SECTOR_F_StRdStart
                0x4004058a                RECORD_SECTOR_F_InitReadSector
                0x400406a2                RECORD_SECTOR_F_InitWriteSector
                0x40040790                RECORD_SECTOR_F_StRdAreaHeader
                0x40040afe                RECORD_SECTOR_F_StRdAreaData
                0x40040eb0                RECORD_SECTOR_F_StRdEnd
                0x40040f84                RECORD_SECTOR_F_StWrSectErase
                0x400410a8                RECORD_SECTOR_F_StWrSectStatus
                0x400411e6                RECORD_SECTOR_F_StWrSectCpt
                0x40041322                RECORD_SECTOR_F_StWrSectWriteAreaHeaderStatus
                0x400415be                RECORD_SECTOR_F_StWrSectWriteAreaHeaderCrc
                0x40041866                RECORD_SECTOR_F_StWrSectWriteAreaData
 .text          0x40041b3c     0x10a8 ./out/CPU_B/GCC_RECORD_stat.o
                0x40041b88                RECORD_STAT_F_CreatePareto
                0x40041c32                RECORD_STAT_F_EnablePareto
                0x40041c8a                RECORD_STAT_F_UpdatePareto
                0x40041d94                RECORD_STAT_F_DisablePareto
                0x40041dec                RECORD_STAT_F_InitStatistic
                0x40041eea                RECORD_STAT_F_EnableStatistic
                0x40041f58                RECORD_STAT_F_DisableStatistic
                0x40041fc8                RECORD_STAT_F_IsStatisticEnabled
                0x40042000                RECORD_STAT_F_ResetStatistic
                0x400420a0                RECORD_STAT_F_StartStopwatch
                0x4004213a                RECORD_STAT_F_StopStopwatch
                0x40042280                RECORD_STAT_F_ResetStopwatch
                0x400422f8                RECORD_STAT_F_StopwatchElapsedTime
                0x40042442                RECORD_STAT_F_StoreStatisticValue
                0x40042636                RECORD_STAT_F_GetGlobalMinValue
                0x400426bc                RECORD_STAT_F_GetGlobalMaxValue
                0x40042742                RECORD_STAT_F_GetGlobalNbValues
                0x400427ae                RECORD_STAT_F_GetGlobalSumValue
[...]
 .comment       0x00000011       0x12 ./out/CPU_B/GCC_event_clear.o
 .comment       0x00000011       0x12 ./out/CPU_B/GCC_event_group_create.o
 .comment       0x00000011       0x12 ./out/CPU_B/GCC_event_group_delete.o
 .comment       0x00000011       0x12 ./out/CPU_B/GCC_event_group_delete_force.o
 .comment       0x00000011       0x12 ./out/CPU_B/GCC_event_group_info.o
 .comment       0x00000011       0x12 ./out/CPU_B/GCC_event_notify.o
 .comment       0x00000011       0x12 ./out/CPU_B/GCC_event_ready_get.o
 .comment       0x00000011       0x12 ./out/CPU_B/GCC_event_set.o
 .comment       0x00000011       0x12 ./out/CPU_B/GCC_event_try_wait.o
 .comment       0x00000011       0x12 ./out/CPU_B/GCC_event_wait.o
 .comment       0x00000011       0x12 ./out/CPU_B/GCC_fatal_error_raise.o
 .comment       0x00000011       0x12 ./out/CPU_B/GCC_irq_is_enabled.o
 .comment       0x00000011       0x12 ./out/CPU_B/GCC_irq_resume.o
 .comment       0x00000011       0x12 ./out/CPU_B/GCC_irq_suspend.o
 .comment       0x00000011       0x12 ./out/CPU_B/GCC_isr.o
 .comment       0x00000011       0x12 ./out/CPU_B/GCC_isr_enter.o
 .comment       0x00000011       0x12 ./out/CPU_B/GCC_isr_exit.o
 .comment       0x00000011       0x12 ./out/CPU_B/GCC_isr_level_get.o
 .comment       0x00000011       0x12 ./out/CPU_B/GCC_mempart.o
 .comment       0x00000011       0x12 ./out/CPU_B/GCC_mempart_alloc.o
 .comment       0x00000011       0x12 ./out/CPU_B/GCC_mempart_create.o
 .comment       0x00000011       0x12 ./out/CPU_B/GCC_mempart_free.o
 .comment       0x00000011       0x12 ./out/CPU_B/GCC_mempart_info.o
 .comment       0x00000011       0x12 ./out/CPU_B/GCC_message_queue.o
 .comment       0x00000011       0x12 ./out/CPU_B/GCC_message_queue_broadcast.o
 .comment       0x00000011       0x12 ./out/CPU_B/GCC_message_queue_create.o
 .comment       0x00000011       0x12 ./out/CPU_B/GCC_message_queue_delete.o
 .comment       0x00000011       0x12 ./out/CPU_B/GCC_message_queue_delete_force.o
 .comment       0x00000011       0x12 ./out/CPU_B/GCC_message_queue_flush.o
 .comment       0x00000011       0x12 ./out/CPU_B/GCC_message_queue_info.o
 .comment       0x00000011       0x12 ./out/CPU_B/GCC_message_queue_receive.o
 .comment       0x00000011       0x12 ./out/CPU_B/GCC_message_queue_send.o
 .comment       0x00000011       0x12 ./out/CPU_B/GCC_message_queue_send_first.o
 .comment       0x00000011       0x12 ./out/CPU_B/GCC_message_queue_try_receive.o
 .comment       0x00000011       0x12 ./out/CPU_B/GCC_mutex.o
 .comment       0x00000011       0x12 ./out/CPU_B/GCC_mutex_create.o
 .comment       0x00000011       0x12 ./out/CPU_B/GCC_mutex_delete.o
 .comment       0x00000011       0x12 ./out/CPU_B/GCC_mutex_delete_force.o
 .comment       0x00000011       0x12 ./out/CPU_B/GCC_mutex_info.o
 .comment       0x00000011       0x12 ./out/CPU_B/GCC_mutex_lock.o
 .comment       0x00000011       0x12 ./out/CPU_B/GCC_mutex_try_lock.o
 .comment       0x00000011       0x12 ./out/CPU_B/GCC_mutex_unlock.o
 .comment       0x00000011       0x12 ./out/CPU_B/GCC_os_init.o
 .comment       0x00000011       0x12 ./out/CPU_B/GCC_os_safety_critical.o
 .comment       0x00000011       0x12 ./out/CPU_B/GCC_os_shutdown.o
 .comment       0x00000011       0x12 ./out/CPU_B/GCC_os_start.o
 .comment       0x00000011       0x12 ./out/CPU_B/GCC_sched_lock.o
 .comment       0x00000011       0x12 ./out/CPU_B/GCC_sched_unlock.o
 .comment       0x00000011       0x12 ./out/CPU_B/GCC_semaphore.o
 .comment       0x00000011       0x12 ./out/CPU_B/GCC_semaphore_count_get.o
 .comment       0x00000011       0x12 ./out/CPU_B/GCC_semaphore_count_set.o
 .comment       0x00000011       0x12 ./out/CPU_B/GCC_semaphore_create.o
 .comment       0x00000011       0x12 ./out/CPU_B/GCC_semaphore_delete.o
 .comment       0x00000011       0x12 ./out/CPU_B/GCC_semaphore_delete_force.o
 .comment       0x00000011       0x12 ./out/CPU_B/GCC_semaphore_give.o
 .comment       0x00000011       0x12 ./out/CPU_B/GCC_semaphore_info.o
 .comment       0x00000011       0x12 ./out/CPU_B/GCC_semaphore_take.o
 .comment       0x00000011       0x12 ./out/CPU_B/GCC_semaphore_try_take.o
 .comment       0x00000011       0x12 ./out/CPU_B/GCC_sys_tick.o
 .comment       0x00000011       0x12 ./out/CPU_B/GCC_sys_tick_get.o
 .comment       0x00000011       0x12 ./out/CPU_B/GCC_sys_tick_increment.o
 .comment       0x00000011       0x12 ./out/CPU_B/GCC_sys_tick_set.o
 .comment       0x00000011       0x12 ./out/CPU_B/GCC_task.o
 .comment       0x00000011       0x12 ./out/CPU_B/GCC_task_check_idle_stack.o
 .comment       0x00000011       0x12 ./out/CPU_B/GCC_task_check_stack.o
 .comment       0x00000011       0x12 ./out/CPU_B/GCC_task_create.o
 .comment       0x00000011       0x12 ./out/CPU_B/GCC_task_delay.o
 .comment       0x00000011       0x12 ./out/CPU_B/GCC_task_delay_cancel.o
 .comment       0x00000011       0x12 ./out/CPU_B/GCC_task_delete.o
 .comment       0x00000011       0x12 ./out/CPU_B/GCC_task_get_by_priority.o
 .comment       0x00000011       0x12 ./out/CPU_B/GCC_task_get_priority.o
 .comment       0x00000011       0x12 ./out/CPU_B/GCC_task_info.o
 .comment       0x00000011       0x12 ./out/CPU_B/GCC_task_resume.o
 .comment       0x00000011       0x12 ./out/CPU_B/GCC_task_set_priority.o
 .comment       0x00000011       0x12 ./out/CPU_B/GCC_task_statis_info.o
 .comment       0x00000011       0x12 ./out/CPU_B/GCC_task_statis_init.o
 .comment       0x00000011       0x12 ./out/CPU_B/GCC_task_suspend.o
 .comment       0x00000011       0x12 ./out/CPU_B/GCC_timer.o
 .comment       0x00000011       0x12 ./out/CPU_B/GCC_timer_cancel.o
 .comment       0x00000011       0x12 ./out/CPU_B/GCC_timer_create.o
 .comment       0x00000011       0x12 ./out/CPU_B/GCC_timer_delete.o
 .comment       0x00000011       0x12 ./out/CPU_B/GCC_timer_set_abs.o
 .comment       0x00000011       0x12 ./out/CPU_B/GCC_timer_set_rel.o
 .comment       0x00000011       0x12 ./out/CPU_B/GCC_os_cpu_c.o
 .comment       0x00000011       0x12 ./out/CPU_B/GCC_GM_Mathlib.o
 .comment       0x00000011       0x12 ./out/CPU_B/GCC_GM_PROSTACK_Arp.o
 .comment       0x00000011       0x12 ./out/CPU_B/GCC_GM_PROSTACK_Can.o
 .comment       0x00000011       0x12 ./out/CPU_B/GCC_GM_PROSTACK_Cop.o
 .comment       0x00000011       0x12 ./out/CPU_B/GCC_GM_PROSTACK_Eth.o
 .comment       0x00000011       0x12 ./out/CPU_B/GCC_GM_PROSTACK_Icmp.o
 .comment       0x00000011       0x12 ./out/CPU_B/GCC_GM_PROSTACK_Ip.o
 .comment       0x00000011       0x12 ./out/CPU_B/GCC_GM_PROSTACK_Ip_tsk.o
 .comment       0x00000011       0x12 ./out/CPU_B/GCC_GM_PROSTACK_Udp.o
 .comment       0x00000011       0x12 ./out/CPU_B/GCC_GM_PROSTACK_Vote.o
 .comment       0x00000011       0x12 ./out/CPU_B/GCC_GM_Tftp.o
 .comment       0x00000011       0x12 ./out/CPU_B/GCC_guest.o
 .comment       0x00000011       0x12 ./out/CPU_B/GCC_guest_fuse.o
 .comment       0x00000011       0x12 ./out/CPU_B/GCC_guest_isolation.o
 .comment       0x00000011       0x12 ./out/CPU_B/GCC_guest_outputport.o
 .comment       0x00000011       0x12 ./out/CPU_B/GCC_guest_public.o
 .comment       0x00000011       0x12 ./out/CPU_B/GCC_guest_readback.o

.debug_frame    0x00000000    0x10500
 .debug_frame   0x00000000      0x808 ./out/CPU_B/GCC_mstep.o
 .debug_frame   0x00000808      0x2b4 ./out/CPU_B/GCC_BIT.o
 .debug_frame   0x00000abc      0x1c8 ./out/CPU_B/GCC_BIT_fuse.o
 .debug_frame   0x00000c84      0x220 ./out/CPU_B/GCC_BIT_survey.o
 .debug_frame   0x00000ea4      0x32c ./out/CPU_B/GCC_can.o
 .debug_frame   0x000011d0       0xdc ./out/CPU_B/GCC_can_ard.o
 .debug_frame   0x000012ac      0x17c ./out/CPU_B/GCC_can_config.o
 .debug_frame   0x00001428       0x7c ./out/CPU_B/GCC_can_emcy.o
 .debug_frame   0x000014a4      0x160 ./out/CPU_B/GCC_can_od.o
 .debug_frame   0x00001604       0x60 ./out/CPU_B/GCC_can_odplug.o
 .debug_frame   0x00001664      0x2fc ./out/CPU_B/GCC_can_open.o
 .debug_frame   0x00001960      0x11c ./out/CPU_B/GCC_can_saddle.o
 .debug_frame   0x00001a7c      0x1ec ./out/CPU_B/GCC_can_safety.o
 .debug_frame   0x00001c68      0x58c ./out/CPU_B/GCC_can_sdo.o
 .debug_frame   0x000021f4      0x1d0 ./out/CPU_B/GCC_can_time.o
 .debug_frame   0x000023c4       0xec ./out/CPU_B/GCC_CONF.o
 .debug_frame   0x000024b0      0x3b0 ./out/CPU_B/GCC_CONF_autho.o
 .debug_frame   0x00002860       0x64 ./out/CPU_B/GCC_CONF_check.o
 .debug_frame   0x000028c4      0x4c4 ./out/CPU_B/GCC_CONF_dataset.o
 .debug_frame   0x00002d88      0x7b4 ./out/CPU_B/GCC_CONF_local.o
 .debug_frame   0x0000353c       0x74 ./out/CPU_B/GCC_CONF_reconf.o
 .debug_frame   0x000035b0      0x31c ./out/CPU_B/GCC_CONF_src.o
 .debug_frame   0x000038cc       0xb0 ./out/CPU_B/GCC_FCODE.o
 .debug_frame   0x0000397c      0x5b4 ./out/CPU_B/GCC_FILESYS.o
 .debug_frame   0x00003f30       0x90 ./out/CPU_B/GCC_FILESYS_int.o
 .debug_frame   0x00003fc0      0x23c ./out/CPU_B/GCC_FILESYS_tftp.o
 .debug_frame   0x000041fc       0xec ./out/CPU_B/GCC_Flash.o
 .debug_frame   0x000042e8      0x1b8 ./out/CPU_B/GCC_Flash_Async.o
 .debug_frame   0x000044a0      0x124 ./out/CPU_B/GCC_Flash_Direct.o
 .debug_frame   0x000045c4      0x144 ./out/CPU_B/GCC_gdf.o
 .debug_frame   0x00004708       0x94 ./out/CPU_B/GCC_gdf_dump_tools.o
 .debug_frame   0x0000479c      0x1e8 ./out/CPU_B/GCC_LZW.o
 .debug_frame   0x00004984       0xe0 ./out/CPU_B/GCC_MATH.o
 .debug_frame   0x00004a64      0x48c ./out/CPU_B/GCC_osw.o
 .debug_frame   0x00004ef0      0x170 ./out/CPU_B/GCC_print.o
 .debug_frame   0x00005060      0x124 ./out/CPU_B/GCC_RECORD.o
 .debug_frame   0x00005184      0x1b0 ./out/CPU_B/GCC_RECORD_evt.o
 .debug_frame   0x00005334      0x308 ./out/CPU_B/GCC_RECORD_pda.o
 .debug_frame   0x0000563c      0x180 ./out/CPU_B/GCC_RECORD_sector.o
 .debug_frame   0x000057bc      0x298 ./out/CPU_B/GCC_RECORD_stat.o
 .debug_frame   0x00005a54      0x164 ./out/CPU_B/GCC_RECORD_utl.o
 .debug_frame   0x00005bb8      0x1b4 ./out/CPU_B/GCC_Schedule.o
 .debug_frame   0x00005d6c       0x7c ./out/CPU_B/GCC_Schedule_gentask.o
 .debug_frame   0x00005de8       0xe0 ./out/CPU_B/GCC_Schedule_gta.o
 .debug_frame   0x00005ec8      0x218 ./out/CPU_B/GCC_Schedule_launcher.o
 .debug_frame   0x000060e0      0x53c ./out/CPU_B/GCC_Schedule_utl.o
 .debug_frame   0x0000661c       0x2c ./out/CPU_B/GCC_VCU_Start.o
 .debug_frame   0x00006648      0x448 ./out/CPU_B/GCC_SDB.o
 .debug_frame   0x00006a90      0x124 ./out/CPU_B/GCC_SDB_api.o
 .debug_frame   0x00006bb4       0xb4 ./out/CPU_B/GCC_SDB_intercpu.o
 .debug_frame   0x00006c68      0x184 ./out/CPU_B/GCC_SDB_ioplug.o
 .debug_frame   0x00006dec      0x100 ./out/CPU_B/GCC_SDB_update.o
 .debug_frame   0x00006eec      0x108 ./out/CPU_B/GCC_SDB_updatelist.o
 .debug_frame   0x00006ff4      0x1f4 ./out/CPU_B/GCC_std.o
 .debug_frame   0x000071e8      0x184 ./out/CPU_B/GCC_VOTE.o
 .debug_frame   0x0000736c      0x1e4 ./out/CPU_B/GCC_VOTE_com.o
 .debug_frame   0x00007550       0xd8 ./out/CPU_B/GCC_VOTE_tsk.o
 .debug_frame   0x00007628      0x138 ./out/CPU_B/GCC_wdg.o
 .debug_frame   0x00007760      0x54c ./out/CPU_B/GCC_viv.o
 .debug_frame   0x00007cac       0x60 ./out/CPU_B/GCC_Drv_CAU_Lib.o
 .debug_frame   0x00007d0c       0x8c ./out/CPU_B/GCC_Drv_BID_Lib.o
 .debug_frame   0x00007d98      0x16c ./out/CPU_B/GCC_Drv_Boot_Module.o
 .debug_frame   0x00007f04      0x284 ./out/CPU_B/GCC_Drv_Boot_Utils.o
 .debug_frame   0x00008188       0x5c ./out/CPU_B/GCC_Drv_Cache_Lib.o
 .debug_frame   0x000081e4       0x4c ./out/CPU_B/GCC_Drv_Can_Isr.o
 .debug_frame   0x00008230      0x380 ./out/CPU_B/GCC_Drv_Can_Lib.o
 .debug_frame   0x000085b0      0x294 ./out/CPU_B/GCC_Drv_Fec_Lib.o
 .debug_frame   0x00008844      0x19c ./out/CPU_B/GCC_Drv_Flash_Parallel_Lib.o
 .debug_frame   0x000089e0      0x13c ./out/CPU_B/GCC_Drv_Flash_Spi_Lib.o
 .debug_frame   0x00008b1c       0xd0 ./out/CPU_B/GCC_Drv_Gpio.o
 .debug_frame   0x00008bec       0xa4 ./out/CPU_B/GCC_Drv_Led_Lib.o
 .debug_frame   0x00008c90       0x2c ./out/CPU_B/GCC_Drv_MMU_Lib.o
 .debug_frame   0x00008cbc       0x2c ./out/CPU_B/GCC_Drv_SDRAM_Lib.o
 .debug_frame   0x00008ce8       0xc0 ./out/CPU_B/GCC_Drv_Spi_Lib.o
 .debug_frame   0x00008da8       0xf4 ./out/CPU_B/GCC_Drv_Timer_Lib.o
 .debug_frame   0x00008e9c      0x1b0 ./out/CPU_B/GCC_Drv_Uart_Vote.o
 .debug_frame   0x0000904c       0x5c ./out/CPU_B/GCC_bsp.o
 .debug_frame   0x000090a8       0x68 ./out/CPU_B/GCC_exceptions.o
 .debug_frame   0x00009110      0x104 ./out/CPU_B/GCC_os_core.o
 .debug_frame   0x00009214       0xbc ./out/CPU_B/GCC_os_flag.o
 .debug_frame   0x000092d0       0xc0 ./out/CPU_B/GCC_os_hooks.o
 .debug_frame   0x00009390       0xbc ./out/CPU_B/GCC_os_mbox.o
 .debug_frame   0x0000944c       0xbc ./out/CPU_B/GCC_os_mem.o
 .debug_frame   0x00009508       0xa4 ./out/CPU_B/GCC_os_mutex.o
 .debug_frame   0x000095ac       0xec ./out/CPU_B/GCC_os_q.o
 .debug_frame   0x00009698       0xbc ./out/CPU_B/GCC_os_sem.o
 .debug_frame   0x00009754      0x120 ./out/CPU_B/GCC_os_task.o
 .debug_frame   0x00009874       0x8c ./out/CPU_B/GCC_os_time.o
 .debug_frame   0x00009900       0xa4 ./out/CPU_B/GCC_arch_cache.o
 .debug_frame   0x000099a4      0x150 ./out/CPU_B/GCC_idletaskcreate.o
 .debug_frame   0x00009af4       0x8c ./out/CPU_B/GCC_event.o
 .debug_frame   0x00009b80      0x198 ./out/CPU_B/GCC_event_clear.o
 .debug_frame   0x00009d18      0x150 ./out/CPU_B/GCC_event_group_create.o
 .debug_frame   0x00009e68      0x11c ./out/CPU_B/GCC_event_group_delete.o
 .debug_frame   0x00009f84      0x1b0 ./out/CPU_B/GCC_event_group_delete_force.o
 .debug_frame   0x0000a134       0xbc ./out/CPU_B/GCC_event_group_info.o
 .debug_frame   0x0000a1f0      0x198 ./out/CPU_B/GCC_event_notify.o
 .debug_frame   0x0000a388       0x8c ./out/CPU_B/GCC_event_ready_get.o
 .debug_frame   0x0000a414      0x198 ./out/CPU_B/GCC_event_set.o
 .debug_frame   0x0000a5ac       0xbc ./out/CPU_B/GCC_event_try_wait.o
 .debug_frame   0x0000a668      0x168 ./out/CPU_B/GCC_event_wait.o
 .debug_frame   0x0000a7d0       0x2c ./out/CPU_B/GCC_fatal_error_raise.o
 .debug_frame   0x0000a7fc       0x44 ./out/CPU_B/GCC_irq_is_enabled.o
 .debug_frame   0x0000a840       0x44 ./out/CPU_B/GCC_irq_resume.o
 .debug_frame   0x0000a884       0x44 ./out/CPU_B/GCC_irq_suspend.o
 .debug_frame   0x0000a8c8       0x2c ./out/CPU_B/GCC_isr.o
 .debug_frame   0x0000a8f4       0x8c ./out/CPU_B/GCC_isr_enter.o
 .debug_frame   0x0000a980       0xd4 ./out/CPU_B/GCC_isr_exit.o
 .debug_frame   0x0000aa54       0x2c ./out/CPU_B/GCC_isr_level_get.o
 .debug_frame   0x0000aa80       0x8c ./out/CPU_B/GCC_mempart.o
 .debug_frame   0x0000ab0c       0xbc ./out/CPU_B/GCC_mempart_alloc.o
 .debug_frame   0x0000abc8      0x120 ./out/CPU_B/GCC_mempart_create.o
 .debug_frame   0x0000ace8       0xbc ./out/CPU_B/GCC_mempart_free.o
 .debug_frame   0x0000ada4       0xc0 ./out/CPU_B/GCC_mempart_info.o
 .debug_frame   0x0000ae64       0x8c ./out/CPU_B/GCC_message_queue.o
 .debug_frame   0x0000aef0      0x184 ./out/CPU_B/GCC_message_queue_broadcast.o
 .debug_frame   0x0000b074      0x138 ./out/CPU_B/GCC_message_queue_create.o
 .debug_frame   0x0000b1ac      0x11c ./out/CPU_B/GCC_message_queue_delete.o
 .debug_frame   0x0000b2c8      0x1b4 ./out/CPU_B/GCC_message_queue_delete_force.o
 .debug_frame   0x0000b47c       0xbc ./out/CPU_B/GCC_message_queue_flush.o
 .debug_frame   0x0000b538       0xbc ./out/CPU_B/GCC_message_queue_info.o
 .debug_frame   0x0000b5f4      0x154 ./out/CPU_B/GCC_message_queue_receive.o
 .debug_frame   0x0000b748      0x16c ./out/CPU_B/GCC_message_queue_send.o
 .debug_frame   0x0000b8b4      0x16c ./out/CPU_B/GCC_message_queue_send_first.o
 .debug_frame   0x0000ba20       0xbc ./out/CPU_B/GCC_message_queue_try_receive.o
 .debug_frame   0x0000badc       0x8c ./out/CPU_B/GCC_mutex.o
 .debug_frame   0x0000bb68      0x138 ./out/CPU_B/GCC_mutex_create.o
 .debug_frame   0x0000bca0      0x104 ./out/CPU_B/GCC_mutex_delete.o
 .debug_frame   0x0000bda4      0x21c ./out/CPU_B/GCC_mutex_delete_force.o
 .debug_frame   0x0000bfc0       0xbc ./out/CPU_B/GCC_mutex_info.o
 .debug_frame   0x0000c07c      0x1bc ./out/CPU_B/GCC_mutex_lock.o
 .debug_frame   0x0000c238       0xbc ./out/CPU_B/GCC_mutex_try_lock.o
 .debug_frame   0x0000c2f4      0x1d4 ./out/CPU_B/GCC_mutex_unlock.o
 .debug_frame   0x0000c4c8       0x2c ./out/CPU_B/GCC_os_init.o
 .debug_frame   0x0000c4f4       0x2c ./out/CPU_B/GCC_os_safety_critical.o
 .debug_frame   0x0000c520       0x44 ./out/CPU_B/GCC_os_shutdown.o
 .debug_frame   0x0000c564       0x74 ./out/CPU_B/GCC_os_start.o
 .debug_frame   0x0000c5d8       0x8c ./out/CPU_B/GCC_sched_lock.o
 .debug_frame   0x0000c664       0xd4 ./out/CPU_B/GCC_sched_unlock.o
 .debug_frame   0x0000c738       0x8c ./out/CPU_B/GCC_semaphore.o
 .debug_frame   0x0000c7c4       0xbc ./out/CPU_B/GCC_semaphore_count_get.o
 .debug_frame   0x0000c880       0xd4 ./out/CPU_B/GCC_semaphore_count_set.o
 .debug_frame   0x0000c954      0x138 ./out/CPU_B/GCC_semaphore_create.o
 .debug_frame   0x0000ca8c      0x11c ./out/CPU_B/GCC_semaphore_delete.o
 .debug_frame   0x0000cba8      0x1b4 ./out/CPU_B/GCC_semaphore_delete_force.o
 .debug_frame   0x0000cd5c      0x16c ./out/CPU_B/GCC_semaphore_give.o
 .debug_frame   0x0000cec8       0xbc ./out/CPU_B/GCC_semaphore_info.o
 .debug_frame   0x0000cf84      0x154 ./out/CPU_B/GCC_semaphore_take.o
 .debug_frame   0x0000d0d8       0xbc ./out/CPU_B/GCC_semaphore_try_take.o
 .debug_frame   0x0000d194       0x2c ./out/CPU_B/GCC_sys_tick.o
 .debug_frame   0x0000d1c0       0x8c ./out/CPU_B/GCC_sys_tick_get.o
 .debug_frame   0x0000d24c      0x154 ./out/CPU_B/GCC_sys_tick_increment.o
 .debug_frame   0x0000d3a0       0x8c ./out/CPU_B/GCC_sys_tick_set.o
 .debug_frame   0x0000d42c      0x138 ./out/CPU_B/GCC_task.o
 .debug_frame   0x0000d564       0xa4 ./out/CPU_B/GCC_task_check_idle_stack.o
 .debug_frame   0x0000d608       0xd4 ./out/CPU_B/GCC_task_check_stack.o
 .debug_frame   0x0000d6dc      0x1fc ./out/CPU_B/GCC_task_create.o
 .debug_frame   0x0000d8d8      0x108 ./out/CPU_B/GCC_task_delay.o
 .debug_frame   0x0000d9e0      0x138 ./out/CPU_B/GCC_task_delay_cancel.o
 .debug_frame   0x0000db18      0x1b4 ./out/CPU_B/GCC_task_delete.o
 .debug_frame   0x0000dccc       0x8c ./out/CPU_B/GCC_task_get_by_priority.o
 .debug_frame   0x0000dd58       0xbc ./out/CPU_B/GCC_task_get_priority.o
 .debug_frame   0x0000de14       0xbc ./out/CPU_B/GCC_task_info.o
 .debug_frame   0x0000ded0      0x120 ./out/CPU_B/GCC_task_resume.o
 .debug_frame   0x0000dff0      0x1a4 ./out/CPU_B/GCC_task_set_priority.o
 .debug_frame   0x0000e194       0x8c ./out/CPU_B/GCC_task_statis_info.o
 .debug_frame   0x0000e220       0x8c ./out/CPU_B/GCC_task_statis_init.o
 .debug_frame   0x0000e2ac      0x120 ./out/CPU_B/GCC_task_suspend.o
 .debug_frame   0x0000e3cc      0x1b8 ./out/CPU_B/GCC_os_cpu_c.o
 .debug_frame   0x0000e584       0x90 ./out/CPU_B/GCC_GM_Mathlib.o
 .debug_frame   0x0000e614      0x210 ./out/CPU_B/GCC_GM_PROSTACK_Arp.o
 .debug_frame   0x0000e824      0x10c ./out/CPU_B/GCC_GM_PROSTACK_Can.o
 .debug_frame   0x0000e930      0x110 ./out/CPU_B/GCC_GM_PROSTACK_Cop.o
 .debug_frame   0x0000ea40      0x128 ./out/CPU_B/GCC_GM_PROSTACK_Eth.o
 .debug_frame   0x0000eb68       0x90 ./out/CPU_B/GCC_GM_PROSTACK_Icmp.o
 .debug_frame   0x0000ebf8      0x380 ./out/CPU_B/GCC_GM_PROSTACK_Ip.o
 .debug_frame   0x0000ef78      0x55c ./out/CPU_B/GCC_GM_PROSTACK_Ip_tsk.o
 .debug_frame   0x0000f4d4      0x24c ./out/CPU_B/GCC_GM_PROSTACK_Udp.o
 .debug_frame   0x0000f720       0xd8 ./out/CPU_B/GCC_GM_PROSTACK_Vote.o
 .debug_frame   0x0000f7f8      0x36c ./out/CPU_B/GCC_GM_Tftp.o
 .debug_frame   0x0000fb64      0x2b0 ./out/CPU_B/GCC_guest.o
 .debug_frame   0x0000fe14       0x94 ./out/CPU_B/GCC_guest_fuse.o
 .debug_frame   0x0000fea8       0x78 ./out/CPU_B/GCC_guest_isolation.o
 .debug_frame   0x0000ff20      0x118 ./out/CPU_B/GCC_guest_outputport.o
 .debug_frame   0x00010038      0x430 ./out/CPU_B/GCC_guest_public.o
 .debug_frame   0x00010468       0x98 ./out/CPU_B/GCC_guest_readback.o
